HI-TECH Software C Compiler 

Linker command line:

\
  --edf=C:\Program Files (x86)\HI-TECH Software\PICC-18\PRO\9.66\dat\en_msgs.txt \
  -cs -h+dist/default/production\LC_meter_18f2550_htc.X.production.sym -z \
  -Q18F2550 -ol.obj \
  -Mdist/default/production/LC_meter_18f2550_htc.X.production.map -E1 \
  -ACODE=00h-07FFFh -ACONST=00h-07FFFh -ASMALLCONST=0800h-08FFhx120 \
  -AMEDIUMCONST=0800h-07FFFh -ARAM=00h-0FFhx7,0700h-079Fh \
  -ABIGRAM=00h-079Fh -ACOMRAM=00h-05Fh -AABS1=00h-079Fh -ABANK0=00h-0FFh \
  -ABANK1=0100h-01FFh -ABANK2=0200h-02FFh -ABANK3=0300h-03FFh \
  -ABANK4=0400h-04FFh -ABANK5=0500h-05FFh -ABANK6=0600h-06FFh \
  -ABANK7=0700h-079Fh -ANVRAM=0700h-079Fh \
  -preset_vec=00h,intcode=08h,intcodelo,powerup,init,end_init \
  -pramtop=0800h -psmallconst=SMALLCONST -pmediumconst=MEDIUMCONST \
  -pconst=CONST -pparam1=BANK1 -AFARRAM=00h-00h -ACONFIG=0300000h-030000Dh \
  -pconfig=CONFIG -AIDLOC=0200000h-0200007h -pidloc=IDLOC \
  -AEEDATA=0F00000h-0F000FFh -peeprom_data=EEDATA \
  -prdata=COMRAM,nvrram=COMRAM,nvbit=COMRAM,rbss=COMRAM,rbit=COMRAM \
  -pfarbss=FARRAM,fardata=FARRAM \
  -pintsave_regs=BIGRAM,bigbss=BIGRAM,bigdata=BIGRAM -pbss=RAM \
  -pidata=CODE,irdata=CODE,ibigdata=CODE,ifardata=CODE \
  C:\Users\vboxuser\AppData\Local\Temp\s1ao.obj \
  dist/default/production\LC_meter_18f2550_htc.X.production.obj 

Object code version is 3.10

Machine type is 18F2550

Call graph: (short form)

*_main size 0,0 offset 0
     _timer2_init size 0,1 offset 0
     _delay10ms size 2,4 offset 0
         ___wmul size 4,0 offset 6
     _ser_init size 0,0 offset 0
     _calibrate size 0,0 offset 0
         _measure_freq size 2,2 offset 30
         ___lwtofl size 4,4 offset 30
             ___flpack size 3,8 offset 99
         _delay10ms size 2,4 offset 0
         _ser_puts size 0,0 offset 14
             _ser_putch size 0,0 offset 59
     _ser_puts size 0,0 offset 14
*    _measure_capacitance size 0,14 offset 0
         _measure_freq size 2,2 offset 30
*        ___lwtofl size 4,4 offset 30
         _ser_puts size 0,0 offset 14
         _format_xint32 size 4,0 offset 14
             _format_number size 4,37 offset 18
                 ___lwmod size 4,0 offset 59
                 ___lwdiv size 4,0 offset 59
                 _output_putch size 0,0 offset 59
                     _ser_putch size 0,0 offset 59
                 _ser_putch size 0,0 offset 59
                 _format_putchar size 0,0 offset 59
             _output_putch size 0,0 offset 59
             _ser_putch size 0,0 offset 59
             _format_putchar size 0,0 offset 59
*        _format_double size 4,16 offset 14
             _log10 size 4,0 offset 34
                 _log size 4,18 offset 47
                     _frexp size 6,3 offset 69
                     ___flmul size 8,6 offset 85
                         ___flunpack size 4,4 offset 99
                         ___flpack size 3,8 offset 99
                     ___fladd size 8,3 offset 85
                         ___flunpack size 4,4 offset 99
                         ___flpack size 3,8 offset 99
                     _eval_poly size 7,9 offset 69
                         ___flmul size 8,6 offset 85
                         ___fladd size 8,3 offset 85
                     ___awtofl size 4,4 offset 69
                         ___flpack size 3,8 offset 99
                         ___flneg size 4,0 offset 77
                 ___flmul size 8,6 offset 85
             ___fltol size 4,5 offset 67
                 ___flunpack size 4,4 offset 99
*            ___awtofl size 4,4 offset 69
*            _pow size 8,5 offset 34
                 ___flge size 8,0 offset 67
                 ___fltol size 4,5 offset 67
                 ___lltofl size 4,4 offset 47
                     ___flpack size 3,8 offset 99
                 ___flneg size 4,0 offset 77
*                _log size 4,18 offset 47
*                ___flmul size 8,6 offset 85
*                _exp size 4,6 offset 47
                     ___flge size 8,0 offset 67
                     ___flneg size 4,0 offset 77
                     ___asflmul size 6,0 offset 57
                         ___flmul size 8,6 offset 85
*                    _floor size 4,6 offset 57
                         _frexp size 6,3 offset 69
                         ___fltol size 4,5 offset 67
                         ___altofl size 4,4 offset 67
                             ___flpack size 3,8 offset 99
                             ___flneg size 4,0 offset 77
                         ___flge size 8,0 offset 67
                         ___fladd size 8,3 offset 85
                     ___fltol size 4,5 offset 67
*                    ___awtofl size 4,4 offset 69
                     ___asflsub size 6,0 offset 57
                         ___flsub size 8,0 offset 63
                             ___fladd size 8,3 offset 85
*                    _eval_poly size 7,9 offset 69
                     _ldexp size 6,3 offset 57
                     ___fldiv size 8,6 offset 57
                         ___flunpack size 4,4 offset 99
                         ___flpack size 3,8 offset 99
             ___fldiv size 8,6 offset 57
*            _floor size 4,6 offset 57
*            ___flmul size 8,6 offset 85
             ___asflsub size 6,0 offset 57
             ___flge size 8,0 offset 67
             _output_putch size 0,0 offset 59
             _ser_putch size 0,0 offset 59
             _format_putchar size 0,0 offset 59
         _ser_putch size 0,0 offset 59
         ___flge size 8,0 offset 67
*        ___flmul size 8,6 offset 85
         ___flsub size 8,0 offset 63
         ___asfldiv size 6,0 offset 30
             ___fldiv size 8,6 offset 57
         ___asflmul size 6,0 offset 57
         ___fltol size 4,5 offset 67
         _print_reading size 2,0 offset 30
         _print_unit size 0,0 offset 30
*    _measure_inductance size 0,30 offset 0
         _measure_freq size 2,2 offset 30
*        ___lwtofl size 4,4 offset 30
         ___flge size 8,0 offset 67
*        ___flmul size 8,6 offset 85
         ___flsub size 8,0 offset 63
         ___fldiv size 8,6 offset 57
         ___asfldiv size 6,0 offset 30
         ___asflmul size 6,0 offset 57
         ___fltol size 4,5 offset 67
         _print_reading size 2,0 offset 30
         _print_unit size 0,0 offset 30
     _indicator size 0,0 offset 0

Estimated maximum call depth: 7

*intlevel2 size 0,0 offset 110
*    _isr size 0,2 offset 110

Estimated maximum call depth: 1


                Name          Link     Load   Length Selector Space Scale
C:\Users\vboxuser\AppData\Local\Temp\s1ao.obj
                init            14       14       38       4     0
                reset_vec        0        0        4       0     0
                end_init        4C       4C       28       4     0
dist/default/production\LC_meter_18f2550_htc.X.production.obj
                intcode          8        8        C       4     0
                smallcons      800      800       78     400     0
                idata          878      878        3     43C     0
                text35        2558     2558       3A     43E     0
                text34        1E92     1E92       94     43E     0
                text33        1D3C     1D3C       B2     43E     0
                text38        1FB2     1FB2       8C     43E     0
                text37        1BB8     1BB8       CC     43E     0
                text36        2146     2146       78     43E     0
                text32        1AEA     1AEA       CE     43E     0
                text28        248E     248E       46     43E     0
                text27        261C     261C       26     43E     0
                text26        2684     2684        2     43E     0
                text31        20C6     20C6       80     43E     0
                text30        2448     2448       46     43E     0
                text29        1756     1756       EA     43E     0
                text45        1C84     1C84       B8     43E     0
                text41        2666     2666       14     43E     0
                text40        2402     2402       46     43E     0
                text39        1F26     1F26       8C     43E     0
                text44        21BE     21BE       60     43E     0
                text43        1924     1924       E4     43E     0
                text42        1604     1604      152     43E     0
                text25        134A     134A      160     43E     0
                text8         11B8     11B8      192     43E     0
                text7         2688     2688        2     43E     0
                text6         2642     2642       24     43E     0
                text11        2276     2276       58     43E     0
                text10        268A     268A        2     43E     0
                text9         24D4     24D4       46     43E     0
                text5         22CE     22CE       56     43E     0
                text1         2686     2686        2     43E     0
                text0         1840     1840       E4     43E     0
                text4          C50      C50      396     43E     0
                text3          87C      87C      3D4     43E     0
                text2         1DEE     1DEE       A4     43E     0
                text21        23B8     23B8       4A     43E     0
                text20         FE6      FE6      1D2     43E     0
                text19        14AA     14AA      15A     43E     0
                text24        267A     267A        A     43E     0
                text23        236E     236E       4A     43E     0
                text22        2592     2592       36     43E     0
                text18        1A08     1A08       E2     43E     0
                text14        25F4     25F4       28     43E     0
                text13        221E     221E       58     43E     0
                text12        203E     203E       88     43E     0
                text17        2324     2324       4A     43E     0
                text16        25C8     25C8       2C     43E     0
                text15        251A     251A       3E     43E     0

COMMON          param1         100      100       70     100     1

TOTAL           Name          Link     Load   Length  Space
        CLASS   CODE           
                init            14       14       38     0
                reset_vec        0        0        4     0
                intcode          8        8        C     0
                end_init        4C       4C       28     0
                idata          878      878        3     0
                text35        2558     2558       3A     0
                text34        1E92     1E92       94     0
                text33        1D3C     1D3C       B2     0
                text38        1FB2     1FB2       8C     0
                text37        1BB8     1BB8       CC     0
                text36        2146     2146       78     0
                text32        1AEA     1AEA       CE     0
                text28        248E     248E       46     0
                text27        261C     261C       26     0
                text26        2684     2684        2     0
                text31        20C6     20C6       80     0
                text30        2448     2448       46     0
                text29        1756     1756       EA     0
                text45        1C84     1C84       B8     0
                text41        2666     2666       14     0
                text40        2402     2402       46     0
                text39        1F26     1F26       8C     0
                text44        21BE     21BE       60     0
                text43        1924     1924       E4     0
                text42        1604     1604      152     0
                text25        134A     134A      160     0
                text8         11B8     11B8      192     0
                text7         2688     2688        2     0
                text6         2642     2642       24     0
                text11        2276     2276       58     0
                text10        268A     268A        2     0
                text9         24D4     24D4       46     0
                text5         22CE     22CE       56     0
                text1         2686     2686        2     0
                text0         1840     1840       E4     0
                text4          C50      C50      396     0
                text3          87C      87C      3D4     0
                text2         1DEE     1DEE       A4     0
                text21        23B8     23B8       4A     0
                text20         FE6      FE6      1D2     0
                text19        14AA     14AA      15A     0
                text24        267A     267A        A     0
                text23        236E     236E       4A     0
                text22        2592     2592       36     0
                text18        1A08     1A08       E2     0
                text14        25F4     25F4       28     0
                text13        221E     221E       58     0
                text12        203E     203E       88     0
                text17        2324     2324       4A     0
                text16        25C8     25C8       2C     0
                text15        251A     251A       3E     0

        CLASS   CONST          

        CLASS   SMALLCONST     
                smallcons      800      800       78     0

        CLASS   MEDIUMCONST    

        CLASS   RAM            

        CLASS   BIGRAM         

        CLASS   COMRAM         

        CLASS   ABS1           
                abs_s1           0        0       4A     1
                abs_s1         400      400      100     1

        CLASS   BANK0          

        CLASS   BANK1          
                param1         100      100       70     1

        CLASS   BANK2          

        CLASS   BANK3          

        CLASS   BANK4          

        CLASS   BANK5          

        CLASS   BANK6          

        CLASS   BANK7          

        CLASS   NVRAM          

        CLASS   FARRAM         

        CLASS   CONFIG         

        CLASS   IDLOC          

        CLASS   EEDATA         



SEGMENTS        Name           Load    Length   Top     Selector    Space Class

                reset_vec       000000  000004  000004         0       0  CODE    
                intcode         000008  00006C  000074         4       0  CODE    
                param1          000100  000070  000170       100       1  BANK1   
                smallconst      000800  000078  000878       400       0  SMALLCON
                idata           000878  000003  00087B       43C       0  CODE    
                irdata          00087C  001E10  00268C       43E       0  CODE    


UNUSED ADDRESS RANGES

        BANK0            00004A-0000FF
        BANK1            000170-0001FF
        BANK2            000200-0002FF
        BANK3            000300-0003FF
        BANK5            000500-0005FF
        BANK6            000600-0006FF
        BANK7            000700-00079F
        BIGRAM           00004A-0000FF
                         000170-0003FF
                         000500-00079F
        CODE             000004-000007
                         000074-0007FF
                         00087B-00087B
                         00268C-007FFF
        COMRAM           00004A-00005F
        CONFIG           300000-30000D
        CONST            000004-000007
                         000074-0007FF
                         00087B-00087B
                         00268C-007FFF
        EEDATA           F00000-F000FF
        IDLOC            200000-200007
        MEDIUMCONST      00087B-00087B
                         00268C-007FFF
        NVRAM            000700-00079F
        RAM              00004A-0000FF
                         000170-0003FF
                         000500-00079F
        SMALLCONST       00087B-00087B
                         00268C-007FFF

                                  Symbol Table

??___altofl                    param1       000147
??___asfldiv                   param1       000124
??___asflmul                   param1       00013F
??___asflsub                   param1       00013F
??___awtofl                    param1       000149
??___fladd                     param1       00015D
??___fldiv                     param1       000141
??___flge                      param1       00014B
??___flmul                     param1       00015D
??___flneg                     param1       000151
??___flpack                    param1       000166
??___flsub                     param1       000147
??___fltol                     param1       000147
??___flunpack                  param1       000167
??___lltofl                    param1       000133
??___lwdiv                     param1       00013F
??___lwmod                     param1       00013F
??___lwtofl                    param1       000122
??___wmul                      param1       00010A
??_calibrate                   param1       000100
??_delay10ms                   param1       000102
??_eval_poly                   param1       00014C
??_exp                         param1       000133
??_floor                       param1       00013D
??_format_double               param1       000112
??_format_number               param1       000116
??_format_putchar              param1       00013B
??_format_xint32               param1       000112
??_frexp                       param1       00014B
??_indicator                   param1       000100
??_isr                         param1       00016E
??_ldexp                       param1       00013F
??_log                         param1       000133
??_log10                       param1       000126
??_main                        param1       000100
??_measure_capacitance         param1       000100
??_measure_freq                param1       000120
??_measure_inductance          param1       000100
??_output_putch                param1       00013B
??_pow                         param1       00012A
??_print_reading               param1       000120
??_print_unit                  param1       00011E
??_ser_init                    param1       000100
??_ser_putch                   param1       00013B
??_ser_puts                    param1       00010E
??_timer2_init                 param1       000100
?___altofl                     param1       000143
?___asfldiv                    param1       00011E
?___asflmul                    param1       000139
?___asflsub                    param1       000139
?___awtofl                     param1       000145
?___fladd                      param1       000155
?___fldiv                      param1       000139
?___flge                       param1       000143
?___flmul                      param1       000155
?___flneg                      param1       00014D
?___flpack                     param1       000163
?___flsub                      param1       00013F
?___fltol                      param1       000143
?___flunpack                   param1       000163
?___lltofl                     param1       00012F
?___lwdiv                      param1       00013B
?___lwmod                      param1       00013B
?___lwtofl                     param1       00011E
?___wmul                       param1       000106
?_calibrate                    param1       000100
?_delay10ms                    param1       000100
?_eval_poly                    param1       000145
?_exp                          param1       00012F
?_floor                        param1       000139
?_format_double                param1       00010E
?_format_number                param1       000112
?_format_putchar               param1       00013B
?_format_xint32                param1       00010E
?_frexp                        param1       000145
?_indicator                    param1       000100
?_isr                          param1       00016E
?_ldexp                        param1       000139
?_log                          param1       00012F
?_log10                        param1       000122
?_main                         param1       000100
?_measure_capacitance          param1       000100
?_measure_freq                 param1       00011E
?_measure_inductance           param1       000100
?_output_putch                 param1       00013B
?_pow                          param1       000122
?_print_reading                param1       00011E
?_print_unit                   param1       00011E
?_ser_init                     param1       000100
?_ser_putch                    param1       00013B
?_ser_puts                     param1       00010E
?_timer2_init                  param1       000100
F64                            smallconst   000829
F65                            smallconst   000801
_BRGH                          (abs)        007D62
_CCal                          (abs)        000000
_CREN                          (abs)        007D5C
_F1                            (abs)        000008
_F2                            (abs)        000010
_F3                            (abs)        00000C
_GIE                           (abs)        007F97
_OERR                          (abs)        007D59
_PEIE                          (abs)        007F96
_PORTC                         (abs)        000F82
_RBPU                          (abs)        007F8F
_RC1                           (abs)        007C11
_RC4                           (abs)        007C14
_RC7                           (abs)        007C17
_RCIF                          (abs)        007CF5
_RCREG                         (abs)        000FAE
_RX9                           (abs)        007D5E
_SPBRG                         (abs)        000FAF
_SPEN                          (abs)        007D5F
_SSPEN                         (abs)        007E35
_SYNC                          (abs)        007D64
_T0CS                          (abs)        007EAD
_T0SE                          (abs)        007EAC
_T2CKPS0                       (abs)        007E50
_T2CKPS1                       (abs)        007E51
_TMR0                          (abs)        000FD6
_TMR0IF                        (abs)        007F92
_TMR2                          (abs)        000FCC
_TMR2IE                        (abs)        007CE9
_TMR2IF                        (abs)        007CF1
_TMR2ON                        (abs)        007E52
_TOUTPS0                       (abs)        007E53
_TOUTPS1                       (abs)        007E54
_TOUTPS2                       (abs)        007E55
_TRISA                         (abs)        000F92
_TRISC                         (abs)        000F94
_TRISC0                        (abs)        007CA0
_TRISC1                        (abs)        007CA1
_TRISC2                        (abs)        007CA2
_TRISC6                        (abs)        007CA6
_TX9                           (abs)        007D66
_TXEN                          (abs)        007D65
_TXIE                          (abs)        007CEC
_TXIF                          (abs)        007CF4
_TXREG                         (abs)        000FAD
__Bnvbit                       nvbit        00004A
__Brbit                        rbit         00004A
__HRAM                         (abs)        000000
__Habsbss0                     (abs)        000047
__Habsbss1                     (abs)        000500
__Habsbss2                     (abs)        000F7F
__Hbigbss                      bigbss       000500
__Hbigdata                     bigdata      000500
__Hbss                         bss          00004A
__Hclrtext                     clrtext      00087C
__Hconfig                      config       300000
__Hconst                       const        000878
__Hdata                        data         00087C
__Hdata0                       (abs)        00004A
__Heeprom_data                 eeprom_data  F00000
__Hend_init                    end_init     000074
__Hfarbss                      farbss       000000
__Hfardata                     fardata      000000
__Hibigdata                    ibigdata     00087C
__Hidata                       idata        00087B
__Hidloc                       idloc        200000
__Hifardata                    ifardata     00087C
__Hinit                        init         00004C
__Hintcode                     intcode      000014
__Hintcodelo                   intcodelo    000014
__Hintentry                    intentry     00087C
__Hintret                      intret       00087C
__Hintsave_regs                intsave_regs 000500
__Hirdata                      irdata       00087C
__Hmediumconst                 mediumconst  000878
__Hnvbit                       nvbit        000250
__Hnvram                       nvram        00087C
__Hnvrram                      nvrram       00004A
__Hparam                       param1       000170
__Hparam0                      param0       00087C
__Hparam1                      param1       000170
__Hparam2                      param2       00087C
__Hparam3                      param3       00087C
__Hparam4                      param4       00087C
__Hparam5                      param5       00087C
__Hparam6                      param6       00087C
__Hparam7                      param7       00087C
__Hpowerup                     powerup      000014
__Hramtop                      ramtop       000800
__Hrbit                        rbit         000250
__Hrbss                        rbss         00004A
__Hrdata                       rdata        00004A
__Hreset_vec                   reset_vec    000004
__Hrparam                      rparam       00087C
__Hsmallconst                  smallconst   000878
__Hstruct                      struct       00004A
__Htemp                        temp         00004A
__Htext                        text         00087C
__Htext0                       text0        00087C
__Htext1                       text1        00087C
__Htext10                      text10       00087C
__Htext11                      text11       00087C
__Htext12                      text12       00087C
__Htext13                      text13       00087C
__Htext14                      text14       00087C
__Htext15                      text15       00087C
__Htext16                      text16       00087C
__Htext17                      text17       00087C
__Htext18                      text18       00087C
__Htext19                      text19       00087C
__Htext2                       text2        00087C
__Htext20                      text20       00087C
__Htext21                      text21       00087C
__Htext22                      text22       00087C
__Htext23                      text23       00087C
__Htext24                      text24       00087C
__Htext25                      text25       00087C
__Htext26                      text26       00087C
__Htext27                      text27       00087C
__Htext28                      text28       00087C
__Htext29                      text29       00087C
__Htext3                       text3        00087C
__Htext30                      text30       00087C
__Htext31                      text31       00087C
__Htext32                      text32       00087C
__Htext33                      text33       00087C
__Htext34                      text34       00087C
__Htext35                      text35       00087C
__Htext36                      text36       00087C
__Htext37                      text37       00087C
__Htext38                      text38       00087C
__Htext39                      text39       00087C
__Htext4                       text4        00087C
__Htext40                      text40       00087C
__Htext41                      text41       00087C
__Htext42                      text42       00087C
__Htext43                      text43       00087C
__Htext44                      text44       00087C
__Htext45                      text45       00087C
__Htext46                      text46       00087C
__Htext5                       text5        00087C
__Htext6                       text6        00087C
__Htext7                       text7        00087C
__Htext8                       text8        00087C
__Htext9                       text9        00087C
__LRAM                         (abs)        000001
__Labsbss0                     (abs)        000000
__Labsbss1                     (abs)        000400
__Labsbss2                     (abs)        000F70
__Lbigbss                      bigbss       000500
__Lbigdata                     bigdata      000500
__Lbss                         bss          00004A
__Lclrtext                     clrtext      00087C
__Lconfig                      config       300000
__Lconst                       const        000878
__Ldata                        (abs)        000047
__Ldata0                       (abs)        000047
__Leeprom_data                 eeprom_data  F00000
__Lend_init                    end_init     00004C
__Lfarbss                      farbss       000000
__Lfardata                     fardata      000000
__Libigdata                    ibigdata     00087C
__Lidata                       idata        000878
__Lidloc                       idloc        200000
__Lifardata                    ifardata     00087C
__Linit                        init         000014
__Lintcode                     intcode      000008
__Lintcodelo                   intcodelo    000014
__Lintentry                    intentry     00087C
__Lintret                      intret       00087C
__Lintsave_regs                intsave_regs 000500
__Lirdata                      irdata       00087C
__Lmediumconst                 mediumconst  000878
__Lnvbit                       nvbit        000250
__Lnvram                       nvram        00087C
__Lnvrram                      nvrram       00004A
__Lparam                       param1       000100
__Lparam0                      param0       00087C
__Lparam1                      param1       000100
__Lparam2                      param2       00087C
__Lparam3                      param3       00087C
__Lparam4                      param4       00087C
__Lparam5                      param5       00087C
__Lparam6                      param6       00087C
__Lparam7                      param7       00087C
__Lpowerup                     powerup      000014
__Lramtop                      ramtop       000800
__Lrbit                        rbit         000250
__Lrbss                        rbss         00004A
__Lrdata                       rdata        00004A
__Lreset_vec                   reset_vec    000000
__Lrparam                      rparam       00087C
__Lsmallconst                  smallconst   000800
__Lstruct                      struct       00004A
__Ltemp                        temp         00004A
__Ltext                        text         00087C
__Ltext0                       text0        00087C
__Ltext1                       text1        00087C
__Ltext10                      text10       00087C
__Ltext11                      text11       00087C
__Ltext12                      text12       00087C
__Ltext13                      text13       00087C
__Ltext14                      text14       00087C
__Ltext15                      text15       00087C
__Ltext16                      text16       00087C
__Ltext17                      text17       00087C
__Ltext18                      text18       00087C
__Ltext19                      text19       00087C
__Ltext2                       text2        00087C
__Ltext20                      text20       00087C
__Ltext21                      text21       00087C
__Ltext22                      text22       00087C
__Ltext23                      text23       00087C
__Ltext24                      text24       00087C
__Ltext25                      text25       00087C
__Ltext26                      text26       00087C
__Ltext27                      text27       00087C
__Ltext28                      text28       00087C
__Ltext29                      text29       00087C
__Ltext3                       text3        00087C
__Ltext30                      text30       00087C
__Ltext31                      text31       00087C
__Ltext32                      text32       00087C
__Ltext33                      text33       00087C
__Ltext34                      text34       00087C
__Ltext35                      text35       00087C
__Ltext36                      text36       00087C
__Ltext37                      text37       00087C
__Ltext38                      text38       00087C
__Ltext39                      text39       00087C
__Ltext4                       text4        00087C
__Ltext40                      text40       00087C
__Ltext41                      text41       00087C
__Ltext42                      text42       00087C
__Ltext43                      text43       00087C
__Ltext44                      text44       00087C
__Ltext45                      text45       00087C
__Ltext46                      text46       00087C
__Ltext5                       text5        00087C
__Ltext6                       text6        00087C
__Ltext7                       text7        00087C
__Ltext8                       text8        00087C
__Ltext9                       text9        00087C
__S0                           (abs)        F00000
__S1                           (abs)        000700
__USB_DESCRIPTOR               (abs)        000400
__USB_ENDPOINT                 (abs)        000F70
___altofl                      text39       001F26
___altofl@c                    param1       000143
___altofl@f1                   param1       000147
___asfldiv                     text9        0024D4
___asfldiv@f1p                 param1       00011E
___asfldiv@f2                  param1       000120
___asflmul                     text30       002448
___asflmul@mp                  param1       000139
___asflmul@multiplicand        param1       00013B
___asflsub                     text28       00248E
___asflsub@f1p                 param1       000139
___asflsub@f2                  param1       00013B
___awtofl                      text31       0020C6
___awtofl@c                    param1       000145
___awtofl@f1                   param1       000149
___fladd                       text42       001604
___fladd@exp1                  param1       00015E
___fladd@exp2                  param1       00015D
___fladd@f1                    param1       000155
___fladd@f2                    param1       000159
___fldiv                       text33       001D3C
___fldiv@exp1                  param1       000142
___fldiv@exp2                  param1       000141
___fldiv@f1                    param1       000139
___fldiv@f2                    param1       00013D
___fldiv@f3                    param1       000143
___flge                        text40       002402
___flge@ff1                    param1       000143
___flge@ff2                    param1       000147
___flmul                       text37       001BB8
___flmul@cntr                  param1       00015E
___flmul@exp1                  param1       00015D
___flmul@f1                    param1       000155
___flmul@f2                    param1       000159
___flmul@f3                    param1       00015F
___flneg                       text41       002666
___flneg@f1                    param1       00014D
___flpack                      text43       001924
___flpack@arg                  param1       000163
___flpack@exp                  param1       000165
___flpack@l_arg                param1       000166
___flsub                       text35       002558
___flsub@f1                    param1       00013F
___flsub@f2                    param1       000143
___fltol                       text38       001FB2
___fltol@exp1                  param1       000147
___fltol@f1                    param1       000143
___fltol@lval                  param1       000148
___flunpack                    text44       0021BE
___flunpack@arg                param1       000163
___flunpack@exp                param1       000165
___flunpack@l_arg              param1       000167
___lltofl                      text21       0023B8
___lltofl@c                    param1       00012F
___lltofl@f1                   param1       000133
___lwdiv                       text23       00236E
___lwdiv@dividend              param1       00013B
___lwdiv@divisor               param1       00013D
___lwmod                       text22       002592
___lwmod@dividend              param1       00013B
___lwmod@divisor               param1       00013D
___lwtofl                      text15       00251A
___lwtofl@c                    param1       00011E
___lwtofl@f1                   param1       000122
___wmul                        text16       0025C8
___wmul@multiplicand           param1       000108
___wmul@multiplier             param1       000106
__accesstop                    (abs)        000060
__activetblptr                 (abs)        000002
__end_of___altofl              text39       001FB2
__end_of___asfldiv             text9        00251A
__end_of___asflmul             text30       00248E
__end_of___asflsub             text28       0024D4
__end_of___awtofl              text31       002146
__end_of___fladd               text42       001756
__end_of___fldiv               text33       001DEE
__end_of___flge                text40       002448
__end_of___flmul               text37       001C84
__end_of___flneg               text41       00267A
__end_of___flpack              text43       001A08
__end_of___flsub               text35       002592
__end_of___fltol               text38       00203E
__end_of___flunpack            text44       00221E
__end_of___lltofl              text21       002402
__end_of___lwdiv               text23       0023B8
__end_of___lwmod               text22       0025C8
__end_of___lwtofl              text15       002558
__end_of___wmul                text16       0025F4
__end_of_calibrate             text2        001E92
__end_of_delay10ms             text13       002276
__end_of_eval_poly             text32       001BB8
__end_of_exp                   text20       0011B8
__end_of_floor                 text29       001840
__end_of_format_double         text8        00134A
__end_of_format_number         text18       001AEA
__end_of_format_putchar        text26       002686
__end_of_format_xint32         text11       0022CE
__end_of_frexp                 text36       0021BE
__end_of_indicator             text1        002688
__end_of_isr                   text45       001D3C
__end_of_ldexp                 text34       001F26
__end_of_log                   text25       0014AA
__end_of_log10                 text17       00236E
__end_of_main                  text0        001924
__end_of_measure_capacitance   text4        000FE6
__end_of_measure_freq          text12       0020C6
__end_of_measure_inductance    text3        000C50
__end_of_output_putch          text24       002684
__end_of_pow                   text19       001604
__end_of_print_reading         text7        00268A
__end_of_print_unit            text10       00268C
__end_of_ser_init              text6        002666
__end_of_ser_putch             text27       002642
__end_of_ser_puts              text14       00261C
__end_of_timer2_init           text5        002324
__mediumconst                  mediumconst  000878
__ramtop                       ramtop       000800
__smallconst                   smallconst   000800
_blink                         (abs)        000038
_bres                          (abs)        000006
_calibrate                     text2        001DEE
_delay10ms                     text13       00221E
_eval_poly                     text32       001AEA
_eval_poly$1575                param1       00014C
_exit                          init         000014
_exp                           text20       000FE6
_exp$1558                      param1       000133
_floor                         text29       001756
_format_double                 text8        0011B8
_format_double$1534            param1       000112
_format_double$1535            param1       000116
_format_number                 text18       001A08
_format_number$1549            param1       000116
_format_putchar                text26       002684
_format_xint32                 text11       002276
_frexp                         text36       002146
_indicator                     text1        002686
_isr                           text45       001C84
_ldexp                         text34       001E92
_log                           text25       00134A
_log$1562                      param1       000133
_log$1563                      param1       000137
_log$1567                      param1       00013B
_log$1568                      param1       00013F
_log10                         text17       002324
_main                          text0        001840
_measure_capacitance           text4        000C50
_measure_capacitance$1486      param1       000100
_measure_capacitance$1487      param1       000104
_measure_freq                  text12       00203E
_measure_inductance            text3        00087C
_measure_inductance$1506       param1       000100
_measure_inductance$1507       param1       000104
_measure_inductance$1508       param1       000108
_measure_inductance$1509       param1       00010C
_msecpart                      (abs)        000004
_msecs                         (abs)        000034
_output_putch                  text24       00267A
_pow                           text19       0014AA
_print_reading                 text7        002688
_print_unit                    text10       00268A
_putchar_ptr                   (abs)        000047
_rxfifo                        (abs)        000024
_rxiptr                        (abs)        00003B
_rxoptr                        (abs)        00003E
_seconds                       (abs)        00003F
_ser_brg                       (abs)        000049
_ser_init                      text6        002642
_ser_putch                     text27       00261C
_ser_puts                      text14       0025F4
_ser_tmp                       (abs)        00003D
_timer1of                      (abs)        000043
_timer2_init                   text5        0022CE
_txfifo                        (abs)        000014
_txiptr                        (abs)        00003A
_txoptr                        (abs)        00003C
delay10ms@ms                   param1       000102
delay10ms@period_10ms          param1       000100
eval_poly@d                    param1       000149
eval_poly@n                    param1       00014A
eval_poly@res                  param1       000150
eval_poly@x                    param1       000145
exp@exp                        param1       000137
exp@x                          param1       00012F
floor@expon                    param1       00013D
floor@i                        param1       00013F
floor@x                        param1       000139
format_double@digit            param1       00011A
format_double@m                param1       00011C
format_double@num              param1       00010E
format_double@weight           param1       00011E
format_number@base             param1       000114
format_number@buf              param1       00011A
format_number@i                param1       000119
format_number@n                param1       000112
format_number@pad              param1       000115
format_number@padchar          param1       000118
format_xint32@x                param1       00010E
frexp@eptr                     param1       000149
frexp@value                    param1       000145
int_func                       intcode      000008
intlevel0                      text         00268C
intlevel1                      text         00268C
intlevel2                      text         00268C
intlevel3                      text         00268C
ldexp@newexp                   param1       00013D
ldexp@value                    param1       000139
log10@x                        param1       000122
log@exp                        param1       000143
log@x                          param1       00012F
measure_capacitance@Cin        param1       00010A
measure_capacitance@var        param1       000108
measure_inductance@Lin         param1       00011A
measure_inductance@denominator param1       000112
measure_inductance@numerator   param1       000116
measure_inductance@var         param1       000110
pow@sign                       param1       00012A
pow@x                          param1       000122
pow@y                          param1       000126
pow@yi                         param1       00012B
print_reading@measurement      param1       00011E
start                          init         000014
