HI-TECH Software C Compiler 

Linker command line:

-W9 --edf=C:\Program Files (x86)\HI-TECH Software\PICC\9.83\dat\en_msgs.txt \
  -cs -h+LC-meter-julznc-htc-debug.sym -z -Q16F876A -ol.obj \
  -MLC-meter-julznc-htc-debug.map -E1 -ACONST=00h-0FFhx32 \
  -ACODE=00h-07FFhx4 -ASTRCODE=00h-01FFFh -AENTRY=00h-0FFhx32 \
  -ASTRING=00h-0FFhx32 -ABANK0=020h-06Fh -ABANK1=0A0h-0EFh \
  -ABANK2=0110h-016Fh -ABANK3=0190h-01EFh \
  -ARAM=020h-06Fh,0A0h-0EFh,0110h-016Fh,0190h-01EFh \
  -AABS1=020h-07Fh,0A0h-0EFh,0110h-016Fh,0190h-01EFh -ACOMMON=070h-07Fh \
  -ASFR0=00h-01Fh -ASFR1=080h-09Fh -ASFR2=0100h-010Fh -ASFR3=0180h-018Fh \
  -preset_vec=00h,intentry=04h,init,end_init -ppowerup=CODE -pfunctab=CODE \
  -ACONFIG=02007h-02007h -pconfig=CONFIG -DCONFIG=2 -AIDLOC=02000h-02003h \
  -pidloc=IDLOC -DIDLOC=2 -AEEDATA=00h-0FFh/02100h -peeprom_data=EEDATA \
  -DEEDATA=2 -DCODE=2 -DSTRCODE=2 -DSTRING=2 -DCONST=2 -DENTRY=2 -k \
  startup.obj LC-meter-julznc-htc-debug.obj 

Object code version is 3.10

Machine type is 16F876A



                Name                               Link     Load   Length Selector   Space Scale
startup.obj     end_init                              4        4        3        8       0
                reset_vec                             0        0        3        0       0
LC-meter-julznc-htc-debug.obj
                config                             2007     2007        1     400E       0
                text598                             7E7      7E7       19      E52       0
                text597                            1F7E     1F7E       16     3EFC       0
                text596                            1001     1001       1D     2002       0
                text595                              BA       BA       33        8       0
                text594                            1085     1085       2D     210A       0
                text593                            11A1     11A1       5D     2342       0
                text592                            1268     1268       6C     24D0       0
                text591                            11FE     11FE       6A     23FC       0
                text590                            1472     1472       9B     28E4       0
                text589                            1F94     1F94       16     3F28       0
                text588                            103F     103F       23     207E       0
                text587                            16DE     16DE      122     2DBC       0
                text586                            13DE     13DE       94     27BC       0
                text585                               7        7       B3        8       0
                text584                            1FAA     1FAA       17     3F54       0
                text583                              ED       ED       13        8       0
                text582                            114C     114C       55     2298       0
                text581                            150D     150D       B2     2A1A       0
                text580                            10FC     10FC       50     21F8       0
                text579                            1FE0     1FE0       20     3FC0       0
                text578                             806      806       7A     100C       0
                text577                            12D4     12D4       79     25A8       0
                text576                            101E     101E       21     203C       0
                text575                            1FC1     1FC1       1F     3F82       0
                text574                            15BF     15BF      11F     2B7E       0
                text573                            10B2     10B2       4A     2164       0
                text572                            1062     1062       23     20C4       0
                text571                             729      729       BE      E52       0
                text570                             880      880      35F     1100       0
                text569                             BDF      BDF      421     17BE       0
                maintext                           134D     134D       91     269A       0
                cstackBANK0                          20       20       3B       20       1
                cstackCOMMON                         70       70        E       70       1
                cstackBANK1                          A0       A0       22       A0       1
                clrtext                            1F61     1F61        8     3EC2       0
                bssBANK1                             C2       C2        C       A0       1
                bssBANK0                             5B       5B       14       20       1
                cinit                              1F69     1F69       15     3ED2       0
                stringtext                          100      100      629        2       0

TOTAL           Name                               Link     Load   Length     Space
        CLASS   CONST          

        CLASS   CODE           
                end_init                              4        4        3         0
                reset_vec                             0        0        3         0
                text598                             7E7      7E7       19         0
                text597                            1F7E     1F7E       16         0
                text596                            1001     1001       1D         0
                text595                              BA       BA       33         0
                text594                            1085     1085       2D         0
                text593                            11A1     11A1       5D         0
                text592                            1268     1268       6C         0
                text591                            11FE     11FE       6A         0
                text590                            1472     1472       9B         0
                text589                            1F94     1F94       16         0
                text588                            103F     103F       23         0
                text587                            16DE     16DE      122         0
                text586                            13DE     13DE       94         0
                text585                               7        7       B3         0
                text584                            1FAA     1FAA       17         0
                text583                              ED       ED       13         0
                text582                            114C     114C       55         0
                text581                            150D     150D       B2         0
                text580                            10FC     10FC       50         0
                text579                            1FE0     1FE0       20         0
                text578                             806      806       7A         0
                text577                            12D4     12D4       79         0
                text576                            101E     101E       21         0
                text575                            1FC1     1FC1       1F         0
                text574                            15BF     15BF      11F         0
                text573                            10B2     10B2       4A         0
                text572                            1062     1062       23         0
                text571                             729      729       BE         0
                text570                             880      880      35F         0
                text569                             BDF      BDF      421         0
                maintext                           134D     134D       91         0
                clrtext                            1F61     1F61        8         0
                cinit                              1F69     1F69       15         0

        CLASS   STRCODE        
                stringtext                          100      100      629         0

        CLASS   ENTRY          

        CLASS   STRING         

        CLASS   BANK0          
                cstackBANK0                          20       20       3B         1
                bssBANK0                             5B       5B       14         1

        CLASS   BANK1          
                cstackBANK1                          A0       A0       22         1
                bssBANK1                             C2       C2        C         1

        CLASS   BANK2          

        CLASS   BANK3          

        CLASS   RAM            

        CLASS   ABS1           
                abs_s1                               7E       7E        2         1

        CLASS   COMMON         
                cstackCOMMON                         70       70        E         1

        CLASS   SFR0           

        CLASS   SFR1           

        CLASS   SFR2           

        CLASS   SFR3           

        CLASS   CONFIG         
                config                             2007     2007        1         0

        CLASS   IDLOC          

        CLASS   EEDATA         



SEGMENTS        Name                           Load    Length   Top    Selector   Space  Class     Delta

                reset_vec                      000000  000003  000003         0       0  CODE        2
                intentry                       000004  0000FC  000100         8       0  CODE        2
                cstackBANK0                    000020  00004F  00006F        20       1  BANK0       1
                cstackCOMMON                   000070  00000E  00007E        70       1  COMMON      1
                cstackBANK1                    0000A0  00002E  0000CE        A0       1  BANK1       1
                stringtext                     000100  000629  000729         2       0  STRCODE     2
                text571                        000729  0000D7  000800       E52       0  CODE        2
                text578                        000806  00007A  000880      100C       0  CODE        2
                text570                        000880  00035F  000BDF      1100       0  CODE        2
                text569                        000BDF  000421  001000      17BE       0  CODE        2
                text596                        001001  00001D  00101E      2002       0  CODE        2
                text576                        00101E  000021  00103F      203C       0  CODE        2
                text588                        00103F  000023  001062      207E       0  CODE        2
                text572                        001062  000023  001085      20C4       0  CODE        2
                text594                        001085  00002D  0010B2      210A       0  CODE        2
                text573                        0010B2  00004A  0010FC      2164       0  CODE        2
                text580                        0010FC  000050  00114C      21F8       0  CODE        2
                text582                        00114C  000055  0011A1      2298       0  CODE        2
                text593                        0011A1  00005D  0011FE      2342       0  CODE        2
                text591                        0011FE  00006A  001268      23FC       0  CODE        2
                text592                        001268  00006C  0012D4      24D0       0  CODE        2
                text577                        0012D4  000079  00134D      25A8       0  CODE        2
                maintext                       00134D  000091  0013DE      269A       0  CODE        2
                text586                        0013DE  000094  001472      27BC       0  CODE        2
                text590                        001472  00009B  00150D      28E4       0  CODE        2
                text581                        00150D  0000B2  0015BF      2A1A       0  CODE        2
                text574                        0015BF  00011F  0016DE      2B7E       0  CODE        2
                text587                        0016DE  000122  001800      2DBC       0  CODE        2
                clrtext                        001F61  000008  001F69      3EC2       0  CODE        2
                cinit                          001F69  000015  001F7E      3ED2       0  CODE        2
                text597                        001F7E  000016  001F94      3EFC       0  CODE        2
                text589                        001F94  000016  001FAA      3F28       0  CODE        2
                text584                        001FAA  000017  001FC1      3F54       0  CODE        2
                text575                        001FC1  00001F  001FE0      3F82       0  CODE        2
                text579                        001FE0  000020  002000      3FC0       0  CODE        2
                config                         002007  000001  002008      400E       0  CONFIG      2


UNUSED ADDRESS RANGES

        Name                Unused          Largest block    Delta
        BANK0            006F-006F              1           1
        BANK1            00CE-00EF             22           1
        BANK2            0110-016F             60           1
        BANK3            0190-01EF             60           1
        CODE             0003-0003              1           2
                         0800-0805              6
                         1000-1000              1
                         1800-1F60            761
        CONST            0003-0003              1           2
                         0800-0805              6
                         1000-1000              1
                         1800-1F60            100
        EEDATA           2100-21FF            100           2
        ENTRY            0003-0003              1           2
                         0800-0805              6
                         1000-1000              1
                         1800-1F60            100
        IDLOC            2000-2003              4           2
        RAM              006F-006F              1           1
                         00CE-00EF             22
                         0110-016F             60
                         0190-01EF             60
        SFR0             0000-001F             20           1
        SFR1             0080-009F             20           1
        SFR2             0100-010F             10           1
        SFR3             0180-018F             10           1
        STRCODE          0003-0003              1           2
                         0800-0805              6
                         1000-1000              1
                         1800-1F60            761
        STRING           0003-0003              1           2
                         0800-0805              6
                         1000-1000              1
                         1800-1F60            100

                                  Symbol Table

??___fladd                     cstackCOMMON 007A
??___fldiv                     cstackBANK0  0033
??___flge                      cstackCOMMON 0078
??___flmul                     cstackBANK0  0046
??___flpack                    cstackCOMMON 0076
??___flsub                     cstackCOMMON 007E
??___fltol                     cstackCOMMON 0074
??___lwdiv                     cstackCOMMON 0074
??___lwmod                     cstackCOMMON 007B
??___lwtofl                    cstackCOMMON 007E
??___wmul                      cstackCOMMON 0074
??_calibrate                   cstackCOMMON 007E
??_delay10ms                   cstackCOMMON 0072
??_display_digit               cstackBANK0  0020
??_display_reading             cstackCOMMON 007E
??_display_unit                cstackBANK0  0020
??_indicator                   cstackCOMMON 007B
??_initialize                  cstackCOMMON 007D
??_lcd_clear                   cstackCOMMON 007B
??_lcd_gotoxy                  cstackCOMMON 007A
??_lcd_init                    cstackCOMMON 0078
??_lcd_putch                   cstackCOMMON 0078
??_lcd_puts                    cstackCOMMON 007B
??_lcd_send                    cstackCOMMON 0077
??_main                        cstackCOMMON 007E
??_measure_capacitance         cstackCOMMON 007E
??_measure_freq                cstackBANK0  0022
??_measure_inductance          cstackCOMMON 007E
??_ser_init                    cstackCOMMON 0070
??_ser_putch                   cstackCOMMON 0070
??_ser_puts                    cstackCOMMON 0073
?___fladd                      cstackBANK0  0020
?___fldiv                      cstackBANK0  002B
?___flge                       cstackCOMMON 0070
?___flmul                      cstackBANK0  003E
?___flpack                     cstackCOMMON 0070
?___flsub                      cstackBANK0  0051
?___fltol                      cstackCOMMON 0070
?___lwdiv                      cstackCOMMON 0070
?___lwmod                      cstackCOMMON 0077
?___lwtofl                     cstackCOMMON 007A
?___wmul                       cstackCOMMON 0070
?_calibrate                    cstackCOMMON 0070
?_delay10ms                    cstackCOMMON 0070
?_display_digit                cstackCOMMON 007C
?_display_reading              cstackBANK0  0024
?_display_unit                 cstackCOMMON 0070
?_indicator                    cstackCOMMON 0070
?_initialize                   cstackCOMMON 0070
?_lcd_clear                    cstackCOMMON 0070
?_lcd_gotoxy                   cstackCOMMON 0078
?_lcd_init                     cstackCOMMON 0070
?_lcd_putch                    cstackCOMMON 0070
?_lcd_puts                     cstackCOMMON 0079
?_lcd_send                     cstackCOMMON 0076
?_main                         cstackCOMMON 0070
?_measure_capacitance          cstackCOMMON 0070
?_measure_freq                 cstackBANK0  0020
?_measure_inductance           cstackCOMMON 0070
?_ser_init                     cstackCOMMON 0070
?_ser_putch                    cstackCOMMON 0070
?_ser_puts                     cstackCOMMON 0071
_BRGH                          (abs)        04C2
_CMCON                         (abs)        009C
_CREN                          (abs)        00C4
_F1                            bssBANK1     00CA
_F2                            bssBANK1     00C2
_F3                            bssBANK1     00C6
_GIE                           (abs)        005F
_PEIE                          (abs)        005E
_PS0                           (abs)        0408
_PS1                           (abs)        0409
_PS2                           (abs)        040A
_PSA                           (abs)        040B
_RB0                           (abs)        0030
_RC0                           (abs)        0038
_RC1                           (abs)        0039
_RC2                           (abs)        003A
_RC3                           (abs)        003B
_RC4                           (abs)        003C
_RC5                           (abs)        003D
_RC7                           (abs)        003F
_RX9                           (abs)        00C6
_SPBRG                         (abs)        0099
_SPEN                          (abs)        00C7
_SYNC                          (abs)        04C4
_T0CS                          (abs)        040D
_T0SE                          (abs)        040C
_TMR0                          (abs)        0001
_TMR0IF                        (abs)        005A
_TRISA                         (abs)        0085
_TRISA4                        (abs)        042C
_TRISB0                        (abs)        0430
_TRISC                         (abs)        0087
_TRISC0                        (abs)        0438
_TRISC6                        (abs)        043E
_TX9                           (abs)        04C6
_TXEN                          (abs)        04C5
_TXIE                          (abs)        0464
__Habs1                        abs1         0000
__Hbank0                       bank0        0000
__Hbank1                       bank1        0000
__Hbank2                       bank2        0000
__Hbank3                       bank3        0000
__HbssBANK0                    bssBANK0     0000
__HbssBANK1                    bssBANK1     0000
__Hcinit                       cinit        0000
__Hclrtext                     clrtext      0000
__Hcode                        code         0000
__Hcommon                      common       0000
__Hconfig                      config       2008
__HcstackBANK0                 cstackBANK0  0000
__HcstackBANK1                 cstackBANK1  0000
__HcstackCOMMON                cstackCOMMON 0000
__Heeprom_data                 eeprom_data  0000
__Hend_init                    end_init     0007
__Hfunctab                     functab      0000
__Hidloc                       idloc        0000
__Hinit                        init         0004
__Hintentry                    intentry     0004
__Hmaintext                    maintext     0000
__Hpowerup                     powerup      0000
__Hram                         ram          0000
__Hreset_vec                   reset_vec    0003
__Hsfr0                        sfr0         0000
__Hsfr1                        sfr1         0000
__Hsfr2                        sfr2         0000
__Hsfr3                        sfr3         0000
__Hstrings                     strings      0000
__Hstringtext                  stringtext   0000
__Htext                        text         0000
__Labs1                        abs1         0000
__Lbank0                       bank0        0000
__Lbank1                       bank1        0000
__Lbank2                       bank2        0000
__Lbank3                       bank3        0000
__LbssBANK0                    bssBANK0     0000
__LbssBANK1                    bssBANK1     0000
__Lcinit                       cinit        0000
__Lclrtext                     clrtext      0000
__Lcode                        code         0000
__Lcommon                      common       0000
__Lconfig                      config       2007
__LcstackBANK0                 cstackBANK0  0000
__LcstackBANK1                 cstackBANK1  0000
__LcstackCOMMON                cstackCOMMON 0000
__Leeprom_data                 eeprom_data  0000
__Lend_init                    end_init     0004
__Lfunctab                     functab      0000
__Lidloc                       idloc        0000
__Linit                        init         0004
__Lintentry                    intentry     0004
__Lmaintext                    maintext     0000
__Lpowerup                     powerup      0000
__Lram                         ram          0000
__Lreset_vec                   reset_vec    0000
__Lsfr0                        sfr0         0000
__Lsfr1                        sfr1         0000
__Lsfr2                        sfr2         0000
__Lsfr3                        sfr3         0000
__Lstrings                     strings      0000
__Lstringtext                  stringtext   0000
__Ltext                        text         0000
__S0                           (abs)        2008
__S1                           (abs)        00CE
__S2                           (abs)        0000
___fladd                       text587      16DE
___fladd@exp1                  cstackBANK0  002A
___fladd@exp2                  cstackBANK0  0029
___fladd@f1                    cstackBANK0  0020
___fladd@f2                    cstackBANK0  0024
___fladd@sign                  cstackBANK0  0028
___fldiv                       text586      13DE
___fldiv@cntr                  cstackBANK0  003B
___fldiv@exp                   cstackBANK0  003C
___fldiv@f1                    cstackBANK0  002F
___fldiv@f2                    cstackBANK0  002B
___fldiv@f3                    cstackBANK0  0037
___fldiv@sign                  cstackBANK0  003D
___flge                        text591      11FE
___flge@ff1                    cstackCOMMON 0070
___flge@ff2                    cstackCOMMON 0074
___flmul                       text585      0007
___flmul@cntr                  cstackBANK0  004F
___flmul@exp                   cstackBANK0  004A
___flmul@f1                    cstackBANK0  003E
___flmul@f2                    cstackBANK0  0042
___flmul@f3_as_product         cstackBANK0  004B
___flmul@sign                  cstackBANK0  0050
___flpack                      text593      11A1
___flpack@arg                  cstackCOMMON 0070
___flpack@exp                  cstackCOMMON 0074
___flpack@sign                 cstackCOMMON 0075
___flsub                       text579      1FE0
___flsub@f1                    cstackBANK0  0055
___flsub@f2                    cstackBANK0  0051
___fltol                       text592      1268
___fltol@exp1                  cstackCOMMON 0079
___fltol@f1                    cstackCOMMON 0070
___fltol@sign1                 cstackCOMMON 0078
___lwdiv                       text595      00BA
___lwdiv@counter               cstackCOMMON 0076
___lwdiv@dividend              cstackCOMMON 0072
___lwdiv@divisor               cstackCOMMON 0070
___lwdiv@quotient              cstackCOMMON 0074
___lwmod                       text594      1085
___lwmod@counter               cstackCOMMON 007B
___lwmod@dividend              cstackCOMMON 0079
___lwmod@divisor               cstackCOMMON 0077
___lwtofl                      text584      1FAA
___lwtofl@c                    cstackCOMMON 007A
___wmul                        text596      1001
___wmul@multiplicand           cstackCOMMON 0072
___wmul@multiplier             cstackCOMMON 0070
___wmul@product                cstackCOMMON 0074
__end_of___fladd               text587      1800
__end_of___fldiv               text586      1472
__end_of___flge                text591      1268
__end_of___flmul               text585      00BA
__end_of___flpack              text593      11FE
__end_of___flsub               text579      2000
__end_of___fltol               text592      12D4
__end_of___lwdiv               text595      00ED
__end_of___lwmod               text594      10B2
__end_of___lwtofl              text584      1FC1
__end_of___wmul                text596      101E
__end_of_calibrate             text571      07E7
__end_of_delay10ms             text589      1FAA
__end_of_display_digit         text578      0880
__end_of_display_reading       text574      16DE
__end_of_display_unit          text577      134D
__end_of_indicator             text573      10FC
__end_of_initialize            text572      1085
__end_of_lcd_clear             text575      1FE0
__end_of_lcd_gotoxy            text583      0100
__end_of_lcd_init              text582      11A1
__end_of_lcd_putch             text581      15BF
__end_of_lcd_puts              text576      103F
__end_of_lcd_send              text590      150D
__end_of_main                  maintext     13DE
__end_of_measure_capacitance   text570      0BDF
__end_of_measure_freq          text580      114C
__end_of_measure_inductance    text569      1000
__end_of_ser_init              text598      0800
__end_of_ser_putch             text597      1F94
__end_of_ser_puts              text588      1062
__pbssBANK0                    bssBANK0     005B
__pbssBANK1                    bssBANK1     00C2
__pcstackBANK0                 cstackBANK0  0020
__pcstackBANK1                 cstackBANK1  00A0
__pcstackCOMMON                cstackCOMMON 0070
__pmaintext                    maintext     134D
__pstringtext                  stringtext   0100
__ptext569                     text569      0BDF
__ptext570                     text570      0880
__ptext571                     text571      0729
__ptext572                     text572      1062
__ptext573                     text573      10B2
__ptext574                     text574      15BF
__ptext575                     text575      1FC1
__ptext576                     text576      101E
__ptext577                     text577      12D4
__ptext578                     text578      0806
__ptext579                     text579      1FE0
__ptext580                     text580      10FC
__ptext581                     text581      150D
__ptext582                     text582      114C
__ptext583                     text583      00ED
__ptext584                     text584      1FAA
__ptext585                     text585      0007
__ptext586                     text586      13DE
__ptext587                     text587      16DE
__ptext588                     text588      103F
__ptext589                     text589      1F94
__ptext590                     text590      1472
__ptext591                     text591      11FE
__ptext592                     text592      1268
__ptext593                     text593      11A1
__ptext594                     text594      1085
__ptext595                     text595      00BA
__ptext596                     text596      1001
__ptext597                     text597      1F7E
__ptext598                     text598      07E7
__ptext599                     text599      0000
__size_of___fladd              (abs)        0000
__size_of___fldiv              (abs)        0000
__size_of___flge               (abs)        0000
__size_of___flmul              (abs)        0000
__size_of___flpack             (abs)        0000
__size_of___flsub              (abs)        0000
__size_of___fltol              (abs)        0000
__size_of___lwdiv              (abs)        0000
__size_of___lwmod              (abs)        0000
__size_of___lwtofl             (abs)        0000
__size_of___wmul               (abs)        0000
__size_of_calibrate            (abs)        0000
__size_of_delay10ms            (abs)        0000
__size_of_display_digit        (abs)        0000
__size_of_display_reading      (abs)        0000
__size_of_display_unit         (abs)        0000
__size_of_indicator            (abs)        0000
__size_of_initialize           (abs)        0000
__size_of_lcd_clear            (abs)        0000
__size_of_lcd_gotoxy           (abs)        0000
__size_of_lcd_init             (abs)        0000
__size_of_lcd_putch            (abs)        0000
__size_of_lcd_puts             (abs)        0000
__size_of_lcd_send             (abs)        0000
__size_of_main                 (abs)        0000
__size_of_measure_capacitance  (abs)        0000
__size_of_measure_freq         (abs)        0000
__size_of_measure_inductance   (abs)        0000
__size_of_ser_init             (abs)        0000
__size_of_ser_putch            (abs)        0000
__size_of_ser_puts             (abs)        0000
_calibrate                     text571      0729
_delay10ms                     text589      1F94
_digits_8x16                   stringtext   05F1
_display_digit                 text578      0806
_display_reading               text574      15BF
_display_unit                  text577      12D4
_exit                          init         0004
_indicator                     text573      10B2
_initialize                    text572      1062
_lcd_clear                     text575      1FC1
_lcd_font                      stringtext   030A
_lcd_gotoxy                    text583      00ED
_lcd_init                      text582      114C
_lcd_putch                     text581      150D
_lcd_puts                      text576      101E
_lcd_send                      text590      1472
_main                          maintext     134D
_measure_capacitance           text570      0880
_measure_capacitance$8391      cstackBANK1  00A0
_measure_capacitance$8392      cstackBANK1  00A4
_measure_capacitance$8393      cstackBANK1  00A8
_measure_capacitance$8394      cstackBANK1  00AC
_measure_capacitance$8395      cstackBANK1  00B0
_measure_freq                  text580      10FC
_measure_inductance            text569      0BDF
_measure_inductance$8396       cstackBANK1  00B4
_measure_inductance$8397       cstackBANK1  00B8
_measure_inductance$8398       cstackBANK1  00A8
_measure_inductance$8399       cstackBANK1  00AC
_measure_inductance$8400       cstackBANK1  00B0
_nRBPU                         (abs)        040F
_rxiptr                        bssBANK0     006B
_rxoptr                        bssBANK0     006C
_ser_init                      text598      07E7
_ser_putch                     text597      1F7E
_ser_puts                      text588      103F
_txfifo                        bssBANK0     005B
_txiptr                        bssBANK0     006D
_txoptr                        bssBANK0     006E
_units                         stringtext   04D1
btemp                          (abs)        007E
calibrate@i                    cstackBANK0  0028
clear_ram                      clrtext      1F61
delay10ms@period_10ms          cstackCOMMON 0070
display@logo_image             stringtext   0112
display_digit@column           cstackCOMMON 007C
display_digit@digit            cstackCOMMON 007D
display_digit@i                cstackBANK0  0023
display_digit@line             cstackBANK0  0022
display_reading@measurement    cstackBANK0  0024
display_unit@i                 cstackCOMMON 007C
display_unit@unit              cstackCOMMON 007B
end_of_initialization          cinit        1F7A
exp@coeff                      stringtext   0691
indicator@indicate             cstackCOMMON 007B
intlevel0                      functab      0000
intlevel1                      functab      0000
intlevel2                      functab      0000
intlevel3                      functab      0000
intlevel4                      functab      0000
intlevel5                      functab      0000
lcd_clear@i                    cstackCOMMON 007B
lcd_gotoxy@x                   cstackCOMMON 007A
lcd_gotoxy@y                   cstackCOMMON 0078
lcd_putch@c                    cstackCOMMON 0078
lcd_puts@s                     cstackCOMMON 0079
lcd_send@a                     cstackCOMMON 0077
lcd_send@cmd                   cstackCOMMON 0076
log@coeff                      stringtext   06B9
main@i                         cstackBANK0  0059
measure_capacitance@Cin        cstackBANK1  00B6
measure_capacitance@var        cstackBANK1  00B4
measure_freq@oldTMR0           cstackBANK0  0024
measure_freq@prescaler_cntr    cstackBANK0  0026
measure_inductance@Lin         cstackBANK1  00BE
measure_inductance@denominator cstackBANK1  00A4
measure_inductance@numerator   cstackBANK1  00A0
measure_inductance@var         cstackBANK1  00BC
reset_vec                      reset_vec    0000
ser_putch@c                    cstackCOMMON 0070
ser_puts@s                     cstackCOMMON 0071
start                          init         0004
start_initialization           cinit        1F69
wtemp0                         (abs)        007E
