Microchip MPLAB XC8 Compiler V1.45 ()

Linker command line:

--edf=/opt/microchip/xc8/v1.45/dat/en_msgs.txt -cs \
  -h+bin/xc8-18f252/LC_meter_HD44780_debug_20mhz_38kbps.sym \
  --cmf=bin/xc8-18f252/LC_meter_HD44780_debug_20mhz_38kbps.cmf -z -Q18F252 \
  -o/tmp/xcX5Ate8h \
  -Mbin/xc8-18f252/LC_meter_HD44780_debug_20mhz_38kbps_skbps.map -ver=XC8 \
  -ASTACK=0C1h-05ffh -pstack=STACK -ACODE=00h-03FFFhx2 -ACONST=00h-07FFFh \
  -ASMALLCONST=0600h-06FFhx122 -AMEDIUMCONST=0600h-07FFFh -ACOMRAM=01h-07Fh \
  -AABS1=00h-05FFh -ABIGRAM=01h-05FFh -ARAM=080h-0FFh,0100h-01FFhx5 \
  -ABANK0=080h-0FFh -ABANK1=0100h-01FFh -ABANK2=0200h-02FFh \
  -ABANK3=0300h-03FFh -ABANK4=0400h-04FFh -ABANK5=0500h-05FFh \
  -ASFR=0F80h-0FFFh -preset_vec=00h,intcode=08h,intcodelo,powerup,init \
  -pramtop=0600h -psmallconst=SMALLCONST -pmediumconst=MEDIUMCONST \
  -pconst=CONST -AFARRAM=00h-00h -ACONFIG=0300000h-030000Dh -pconfig=CONFIG \
  -AIDLOC=0200000h-0200007h -pidloc=IDLOC -AEEDATA=0F00000h-0F000FFh \
  -peeprom_data=EEDATA \
  -prdata=COMRAM,nvrram=COMRAM,nvbit=COMRAM,rbss=COMRAM,rbit=COMRAM \
  -pfarbss=FARRAM,fardata=FARRAM,nvFARRAM=FARRAM \
  -pintsave_regs=BIGRAM,bigbss=BIGRAM,bigdata=BIGRAM -pbss=RAM \
  -pidata=CODE,irdata=CODE,ibigdata=CODE,ifardata=CODE -prparam=COMRAM \
  /tmp/xcXSH4CwD.obj bin/xc8-18f252/LC_meter_HD44780_debug_20mhz_38kbps.obj 

Object code version is 3.11

Machine type is 18F252

Call graph: (short form)




                Name                               Link     Load   Length Selector   Space Scale
/tmp/xcXSH4CwD.obj
                text                               1814     1814        2      321       0
                init                                 9A       9A        4        4       0
                reset_vec                             0        0        6        0       0
                config                           300000   300000        E   300000       0
bin/xc8-18f252/LC_meter_HD44780_debug_20mhz_38kbps.obj
                intcode                               8        8       92        4       0
                temp                                 6B       6B        1        1       1
                smallconst                          600      600       42      300       0
                text28                             15B0     15B0       54      321       0
                text26                             13DA     13DA       98      321       0
                text25                             17BE     17BE       28      321       0
                text24                             180E     180E        6      321       0
                text23                             17E6     17E6       10      321       0
                text22                             1652     1652       4E      321       0
                text21                             1790     1790       2E      321       0
                text20                             155C     155C       54      321       0
                text19                             16A0     16A0       48      321       0
                text18                             10E4     10E4       CE      321       0
                text17                             1808     1808        6      321       0
                text16                             1604     1604       4E      321       0
                text15                              E14      E14      102      321       0
                text14                             1472     1472       88      321       0
                text13                             127E     127E       BE      321       0
                text12                             14FA     14FA       62      321       0
                text11                             1004     1004       E0      321       0
                text10                              CA2      CA2      172      321       0
                text9                              16E8     16E8       3A      321       0
                text8                              11B2     11B2       CC      321       0
                text7                              1802     1802        6      321       0
                text6                              17FC     17FC        6      321       0
                text5                               A46      A46      25C      321       0
                text4                               642      642      404      321       0
                text3                              17F6     17F6        6      321       0
                text2                              133C     133C       9E      321       0
                text1                              175A     175A       36      321       0
                text0                               F16      F16       EE      321       0
                cstackCOMRAM                          1        1       54        1       1
                cstackBANK0                          80       80       21       80       1
                bssBANK0                             A1       A1       1D       80       1
                dataCOMRAM                           6A       6A        1        1       1
                bssCOMRAM                            55       55        F        1       1
                cinit                              1722     1722       38      321       0
                nvBANK0                              BE       BE        3       80       1
                nvCOMRAM                             64       64        6        1       1
                idataCOMRAM                        1816     1816        1      321       0

TOTAL           Name                               Link     Load   Length     Space
        CLASS   STACK          

        CLASS   CODE           
                intcode                               8        8       92         0
                text                               1814     1814        2         0
                init                                 9A       9A        4         0
                reset_vec                             0        0        6         0
                text28                             15B0     15B0       54         0
                text26                             13DA     13DA       98         0
                text25                             17BE     17BE       28         0
                text24                             180E     180E        6         0
                text23                             17E6     17E6       10         0
                text22                             1652     1652       4E         0
                text21                             1790     1790       2E         0
                text20                             155C     155C       54         0
                text19                             16A0     16A0       48         0
                text18                             10E4     10E4       CE         0
                text17                             1808     1808        6         0
                text16                             1604     1604       4E         0
                text15                              E14      E14      102         0
                text14                             1472     1472       88         0
                text13                             127E     127E       BE         0
                text12                             14FA     14FA       62         0
                text11                             1004     1004       E0         0
                text10                              CA2      CA2      172         0
                text9                              16E8     16E8       3A         0
                text8                              11B2     11B2       CC         0
                text7                              1802     1802        6         0
                text6                              17FC     17FC        6         0
                text5                               A46      A46      25C         0
                text4                               642      642      404         0
                text3                              17F6     17F6        6         0
                text2                              133C     133C       9E         0
                text1                              175A     175A       36         0
                text0                               F16      F16       EE         0
                cinit                              1722     1722       38         0
                idataCOMRAM                        1816     1816        1         0

        CLASS   CONST          

        CLASS   SMALLCONST     
                smallconst                          600      600       42         0

        CLASS   MEDIUMCONST    

        CLASS   COMRAM         
                temp                                 6B       6B        1         1
                cstackCOMRAM                          1        1       54         1
                dataCOMRAM                           6A       6A        1         1
                bssCOMRAM                            55       55        F         1
                nvCOMRAM                             64       64        6         1

        CLASS   ABS1           

        CLASS   BIGRAM         

        CLASS   RAM            

        CLASS   BANK0          
                cstackBANK0                          80       80       21         1
                bssBANK0                             A1       A1       1D         1
                nvBANK0                              BE       BE        3         1

        CLASS   BANK1          

        CLASS   BANK2          

        CLASS   BANK3          

        CLASS   BANK4          

        CLASS   BANK5          

        CLASS   SFR            

        CLASS   FARRAM         

        CLASS   CONFIG         
                config                           300000   300000        E         0

        CLASS   IDLOC          

        CLASS   EEDATA         



SEGMENTS        Name                           Load    Length   Top    Selector   Space  Class

                reset_vec                      000000  000006  000006         0       0  CODE    
                cstackCOMRAM                   000001  00006B  00006C         1       1  COMRAM  
                intcode                        000008  000096  00009E         4       0  CODE    
                cstackBANK0                    000080  000041  0000C1        80       1  BANK0   
                smallconst                     000600  000042  000642       300       0  SMALLCON
                text4                          000642  0011D5  001817       321       0  CODE    
                config                         300000  00000E  30000E    300000       0  CONFIG  


UNUSED ADDRESS RANGES

        Name                Unused          Largest block    Delta
        BANK0            0000C1-0000FF               3F
        BANK1            000100-0001FF              100
        BANK2            000200-0002FF              100
        BANK3            000300-0003FF              100
        BANK4            000400-0004FF              100
        BANK5            000500-0005FF              100
        BIGRAM           00006C-00007F               14
                         0000C1-0005FF              53F
        CODE             000006-000007                2
                         00009E-0005FF              562
                         001817-007FFF             27E9
        COMRAM           00006C-00007F               14
        CONST            000006-000007                2
                         00009E-0005FF              562
                         001817-007FFF             67E9
        EEDATA           F00000-F000FF              100
        IDLOC            200000-200007                8
        MEDIUMCONST      001817-007FFF             67E9
        RAM              0000C1-0005FF              100
        SFR              000F80-000FFF               80
        SMALLCONST       001817-007FFF              100
        STACK            0000C1-0005FF              53F

                                  Symbol Table

?___ftadd                                                             cstackCOMRAM 000011
?___ftdiv                                                             cstackCOMRAM 000011
?___ftmul                                                             cstackCOMRAM 000020
?___ftpack                                                            cstackCOMRAM 000009
?___ftsub                                                             cstackCOMRAM 00002F
?___fttol                                                             cstackCOMRAM 000009
?___lwdiv                                                             cstackCOMRAM 000009
?___lwmod                                                             cstackCOMRAM 000009
?___lwtoft                                                            cstackCOMRAM 000042
?_measure_freq                                                        cstackCOMRAM 00003D
?_timer0_read_ps                                                      cstackCOMRAM 000009
?i2___lwdiv                                                           cstackCOMRAM 000001
_CCal                                                                 nvBANK0      0000BE
_F1                                                                   bssCOMRAM    000061
_F2                                                                   bssCOMRAM    000058
_F3                                                                   bssCOMRAM    000055
_INTCON                                                               (abs)        000FF2
_INTCON2                                                              (abs)        000FF1
_INTCONbits                                                           (abs)        000FF2
_LATC                                                                 (abs)        000F8B
_PIE1                                                                 (abs)        000F9D
_PIR1                                                                 (abs)        000F9E
_PIR1bits                                                             (abs)        000F9E
_PORTC                                                                (abs)        000F82
_PORTCbits                                                            (abs)        000F82
_T0CON                                                                (abs)        000FD5
_T0CONbits                                                            (abs)        000FD5
_T2CON                                                                (abs)        000FCA
_TMR0                                                                 (abs)        000FD6
_TMR2                                                                 (abs)        000FCC
_TRISA                                                                (abs)        000F92
_TRISB                                                                (abs)        000F93
_TRISC                                                                (abs)        000F94
__CFG_BOR$ON                                                          (abs)        000000
__CFG_BORV$27                                                         (abs)        000000
__CFG_CCP2MUX$ON                                                      (abs)        000000
__CFG_CPD$OFF                                                         (abs)        000000
__CFG_EBTR0$OFF                                                       (abs)        000000
__CFG_EBTR1$OFF                                                       (abs)        000000
__CFG_EBTR2$OFF                                                       (abs)        000000
__CFG_EBTR3$OFF                                                       (abs)        000000
__CFG_EBTRB$OFF                                                       (abs)        000000
__CFG_LVP$OFF                                                         (abs)        000000
__CFG_OSC$HSPLL                                                       (abs)        000000
__CFG_OSCS$OFF                                                        (abs)        000000
__CFG_PWRT$ON                                                         (abs)        000000
__CFG_STVR$OFF                                                        (abs)        000000
__CFG_WDT$OFF                                                         (abs)        000000
__CFG_WRT0$OFF                                                        (abs)        000000
__CFG_WRT1$OFF                                                        (abs)        000000
__CFG_WRT2$OFF                                                        (abs)        000000
__CFG_WRT3$OFF                                                        (abs)        000000
__CFG_WRTB$OFF                                                        (abs)        000000
__CFG_WRTC$OFF                                                        (abs)        000000
__CFG_WRTD$OFF                                                        (abs)        000000
__HRAM                                                                (abs)        000000
__Habs1                                                               abs1         000000
__Hbank0                                                              bank0        000000
__Hbank1                                                              bank1        000000
__Hbank2                                                              bank2        000000
__Hbank3                                                              bank3        000000
__Hbank4                                                              bank4        000000
__Hbank5                                                              bank5        000000
__Hbigbss                                                             bigbss       000000
__Hbigdata                                                            bigdata      000000
__Hbigram                                                             bigram       000000
__Hbss                                                                bss          000000
__HbssBANK0                                                           bssBANK0     000000
__HbssCOMRAM                                                          bssCOMRAM    000000
__Hcinit                                                              cinit        000000
__Hclrtext                                                            clrtext      000000
__Hcomram                                                             comram       000000
__Hconfig                                                             config       30000E
__Hconst                                                              const        000000
__HcstackBANK0                                                        cstackBANK0  000000
__HcstackCOMRAM                                                       cstackCOMRAM 000000
__Hdata                                                               data         000000
__HdataCOMRAM                                                         dataCOMRAM   000000
__Heeprom_data                                                        eeprom_data  000000
__Hfarbss                                                             farbss       000000
__Hfardata                                                            fardata      000000
__Hibigdata                                                           ibigdata     000000
__Hidata                                                              idata        000000
__HidataCOMRAM                                                        idataCOMRAM  000000
__Hidloc                                                              idloc        000000
__Hifardata                                                           ifardata     000000
__Hinit                                                               init         00009E
__Hintcode                                                            intcode      00009A
__Hintcode_body                                                       intcode_body 000000
__Hintcodelo                                                          intcodelo    00009A
__Hintentry                                                           intentry     000000
__Hintret                                                             intret       000000
__Hintsave_regs                                                       intsave_regs 000000
__Hirdata                                                             irdata       000000
__Hmediumconst                                                        mediumconst  000000
__HnvBANK0                                                            nvBANK0      000000
__HnvCOMRAM                                                           nvCOMRAM     000000
__HnvFARRAM                                                           nvFARRAM     000000
__Hnvbit                                                              nvbit        000000
__Hnvrram                                                             nvrram       000000
__Hparam                                                              rparam       000000
__Hpowerup                                                            powerup      00009A
__Hram                                                                ram          000000
__Hramtop                                                             ramtop       000600
__Hrbit                                                               rbit         000000
__Hrbss                                                               rbss         000000
__Hrdata                                                              rdata        000000
__Hreset_vec                                                          reset_vec    000006
__Hrparam                                                             rparam       000000
__Hsfr                                                                sfr          000000
__Hsmallconst                                                         smallconst   000642
__Hspace_0                                                            (abs)        30000E
__Hspace_1                                                            (abs)        0000C1
__Hspace_2                                                            (abs)        000000
__Hstack                                                              stack        000000
__Hstruct                                                             struct       000000
__Htemp                                                               temp         00006C
__Htext                                                               text         000000
__Htext0                                                              text0        000000
__Htext1                                                              text1        000000
__Htext10                                                             text10       000000
__Htext11                                                             text11       000000
__Htext12                                                             text12       000000
__Htext13                                                             text13       000000
__Htext14                                                             text14       000000
__Htext15                                                             text15       000000
__Htext16                                                             text16       000000
__Htext17                                                             text17       000000
__Htext18                                                             text18       000000
__Htext19                                                             text19       000000
__Htext2                                                              text2        000000
__Htext20                                                             text20       000000
__Htext21                                                             text21       000000
__Htext22                                                             text22       000000
__Htext23                                                             text23       000000
__Htext24                                                             text24       000000
__Htext25                                                             text25       000000
__Htext26                                                             text26       000000
__Htext28                                                             text28       000000
__Htext29                                                             text29       000000
__Htext3                                                              text3        000000
__Htext4                                                              text4        000000
__Htext5                                                              text5        000000
__Htext6                                                              text6        000000
__Htext7                                                              text7        000000
__Htext8                                                              text8        000000
__Htext9                                                              text9        000000
__LRAM                                                                (abs)        000001
__Labs1                                                               abs1         000000
__Lbank0                                                              bank0        000000
__Lbank1                                                              bank1        000000
__Lbank2                                                              bank2        000000
__Lbank3                                                              bank3        000000
__Lbank4                                                              bank4        000000
__Lbank5                                                              bank5        000000
__Lbigbss                                                             bigbss       000000
__Lbigdata                                                            bigdata      000000
__Lbigram                                                             bigram       000000
__Lbss                                                                bss          000000
__LbssBANK0                                                           bssBANK0     000000
__LbssCOMRAM                                                          bssCOMRAM    000000
__Lcinit                                                              cinit        000000
__Lclrtext                                                            clrtext      000000
__Lcomram                                                             comram       000000
__Lconfig                                                             config       300000
__Lconst                                                              const        000000
__LcstackBANK0                                                        cstackBANK0  000000
__LcstackCOMRAM                                                       cstackCOMRAM 000000
__Ldata                                                               data         000000
__LdataCOMRAM                                                         dataCOMRAM   000000
__Leeprom_data                                                        eeprom_data  000000
__Lfarbss                                                             farbss       000000
__Lfardata                                                            fardata      000000
__Libigdata                                                           ibigdata     000000
__Lidata                                                              idata        000000
__LidataCOMRAM                                                        idataCOMRAM  000000
__Lidloc                                                              idloc        000000
__Lifardata                                                           ifardata     000000
__Linit                                                               init         00009A
__Lintcode                                                            intcode      000008
__Lintcode_body                                                       intcode_body 000000
__Lintcodelo                                                          intcodelo    00009A
__Lintentry                                                           intentry     000000
__Lintret                                                             intret       000000
__Lintsave_regs                                                       intsave_regs 000000
__Lirdata                                                             irdata       000000
__Lmediumconst                                                        mediumconst  000000
__LnvBANK0                                                            nvBANK0      000000
__LnvCOMRAM                                                           nvCOMRAM     000000
__LnvFARRAM                                                           nvFARRAM     000000
__Lnvbit                                                              nvbit        000000
__Lnvrram                                                             nvrram       000000
__Lparam                                                              rparam       000000
__Lpowerup                                                            powerup      00009A
__Lram                                                                ram          000000
__Lramtop                                                             ramtop       000600
__Lrbit                                                               rbit         000000
__Lrbss                                                               rbss         000000
__Lrdata                                                              rdata        000000
__Lreset_vec                                                          reset_vec    000000
__Lrparam                                                             rparam       000000
__Lsfr                                                                sfr          000000
__Lsmallconst                                                         smallconst   000600
__Lspace_0                                                            (abs)        000000
__Lspace_1                                                            (abs)        000000
__Lspace_2                                                            (abs)        000000
__Lstack                                                              stack        000000
__Lstruct                                                             struct       000000
__Ltemp                                                               temp         00006B
__Ltext                                                               text         000000
__Ltext0                                                              text0        000000
__Ltext1                                                              text1        000000
__Ltext10                                                             text10       000000
__Ltext11                                                             text11       000000
__Ltext12                                                             text12       000000
__Ltext13                                                             text13       000000
__Ltext14                                                             text14       000000
__Ltext15                                                             text15       000000
__Ltext16                                                             text16       000000
__Ltext17                                                             text17       000000
__Ltext18                                                             text18       000000
__Ltext19                                                             text19       000000
__Ltext2                                                              text2        000000
__Ltext20                                                             text20       000000
__Ltext21                                                             text21       000000
__Ltext22                                                             text22       000000
__Ltext23                                                             text23       000000
__Ltext24                                                             text24       000000
__Ltext25                                                             text25       000000
__Ltext26                                                             text26       000000
__Ltext28                                                             text28       000000
__Ltext29                                                             text29       000000
__Ltext3                                                              text3        000000
__Ltext4                                                              text4        000000
__Ltext5                                                              text5        000000
__Ltext6                                                              text6        000000
__Ltext7                                                              text7        000000
__Ltext8                                                              text8        000000
__Ltext9                                                              text9        000000
__S0                                                                  (abs)        30000E
__S1                                                                  (abs)        0000C1
__S2                                                                  (abs)        000000
___ftadd                                                              text10       000CA2
___ftadd@exp1                                                         cstackCOMRAM 00001C
___ftadd@exp2                                                         cstackCOMRAM 00001B
___ftadd@f1                                                           cstackCOMRAM 000011
___ftadd@f2                                                           cstackCOMRAM 000014
___ftadd@sign                                                         cstackCOMRAM 00001A
___ftdiv                                                              text13       00127E
___ftdiv@cntr                                                         cstackCOMRAM 00001A
___ftdiv@exp                                                          cstackCOMRAM 00001E
___ftdiv@f1                                                           cstackCOMRAM 000011
___ftdiv@f2                                                           cstackCOMRAM 000014
___ftdiv@f3                                                           cstackCOMRAM 00001B
___ftdiv@sign                                                         cstackCOMRAM 00001F
___ftge                                                               text12       0014FA
___ftge@ff1                                                           cstackCOMRAM 000009
___ftge@ff2                                                           cstackCOMRAM 00000C
___ftmul                                                              text11       001004
___ftmul@cntr                                                         cstackCOMRAM 00002D
___ftmul@exp                                                          cstackCOMRAM 000029
___ftmul@f1                                                           cstackCOMRAM 000020
___ftmul@f2                                                           cstackCOMRAM 000023
___ftmul@f3_as_product                                                cstackCOMRAM 00002A
___ftmul@sign                                                         cstackCOMRAM 00002E
___ftpack                                                             text26       0013DA
___ftpack@arg                                                         cstackCOMRAM 000009
___ftpack@exp                                                         cstackCOMRAM 00000C
___ftpack@sign                                                        cstackCOMRAM 00000D
___ftsub                                                              text9        0016E8
___ftsub@f1                                                           cstackCOMRAM 00002F
___ftsub@f2                                                           cstackCOMRAM 000032
___fttol                                                              text8        0011B2
___fttol@exp1                                                         cstackCOMRAM 000017
___fttol@f1                                                           cstackCOMRAM 000009
___fttol@lval                                                         cstackCOMRAM 000013
___fttol@sign1                                                        cstackCOMRAM 000012
___inthi_sp                                                           stack        000000
___intlo_sp                                                           stack        000000
___lwdiv                                                              text20       00155C
___lwdiv@counter                                                      cstackCOMRAM 00000D
___lwdiv@dividend                                                     cstackCOMRAM 000009
___lwdiv@divisor                                                      cstackCOMRAM 00000B
___lwdiv@quotient                                                     cstackCOMRAM 00000E
___lwmod                                                              text19       0016A0
___lwmod@counter                                                      cstackCOMRAM 00000D
___lwmod@dividend                                                     cstackCOMRAM 000009
___lwmod@divisor                                                      cstackCOMRAM 00000B
___lwtoft                                                             text25       0017BE
___lwtoft@c                                                           cstackCOMRAM 000042
___param_bank                                                         (abs)        000000
___rparam_used                                                        (abs)        000001
___sp                                                                 stack        000000
__accesstop                                                           (abs)        000080
__activetblptr                                                        (abs)        000002
__cntErrataNOP_/tmp/xcXSH4CwD.obj                                     (abs)        000001
__cntErrataNOP_bin/xc8-18f252/LC_meter_HD44780_debug_20mhz_38kbps.obj (abs)        000078
__end_of___ftadd                                                      text10       000E14
__end_of___ftdiv                                                      text13       00133C
__end_of___ftge                                                       text12       00155C
__end_of___ftmul                                                      text11       0010E4
__end_of___ftpack                                                     text26       001472
__end_of___ftsub                                                      text9        001722
__end_of___fttol                                                      text8        00127E
__end_of___lwdiv                                                      text20       0015B0
__end_of___lwmod                                                      text19       0016E8
__end_of___lwtoft                                                     text25       0017E6
__end_of__initialization                                              cinit        00174C
__end_of_buffer_init                                                  text23       0017F6
__end_of_buffer_putch                                                 text22       0016A0
__end_of_buffer_puts                                                  text21       0017BE
__end_of_calibrate                                                    text14       0014FA
__end_of_delay10ms                                                    text24       001814
__end_of_format_number                                                text18       0011B2
__end_of_isr                                                          intcode      00009A
__end_of_main                                                         text0        001004
__end_of_measure_capacitance                                          text5        000CA2
__end_of_measure_freq                                                 text15       000F16
__end_of_measure_inductance                                           text4        000A46
__end_of_print_buffer                                                 text17       00180E
__end_of_print_indicator                                              text3        0017FC
__end_of_print_reading                                                text7        001808
__end_of_print_unit                                                   text6        001802
__end_of_timer0_init                                                  text2        0013DA
__end_of_timer0_read_ps                                               text16       001652
__end_of_timer2_init                                                  text1        001790
__end_ofexp@coeff                                                     smallconst   00061F
__end_ofi2___lwdiv                                                    text28       001604
__end_oflog@coeff                                                     smallconst   00063A
__initialization                                                      cinit        001722
__mediumconst                                                         mediumconst  000000
__pbssBANK0                                                           bssBANK0     0000A1
__pbssCOMRAM                                                          bssCOMRAM    000055
__pcinit                                                              cinit        001722
__pcstackBANK0                                                        cstackBANK0  000080
__pcstackCOMRAM                                                       cstackCOMRAM 000001
__pdataCOMRAM                                                         dataCOMRAM   00006A
__pidataCOMRAM                                                        idataCOMRAM  001816
__pintcode                                                            intcode      000008
__pnvBANK0                                                            nvBANK0      0000BE
__pnvCOMRAM                                                           nvCOMRAM     000064
__psmallconst                                                         smallconst   000600
__ptext0                                                              text0        000F16
__ptext1                                                              text1        00175A
__ptext10                                                             text10       000CA2
__ptext11                                                             text11       001004
__ptext12                                                             text12       0014FA
__ptext13                                                             text13       00127E
__ptext14                                                             text14       001472
__ptext15                                                             text15       000E14
__ptext16                                                             text16       001604
__ptext17                                                             text17       001808
__ptext18                                                             text18       0010E4
__ptext19                                                             text19       0016A0
__ptext2                                                              text2        00133C
__ptext20                                                             text20       00155C
__ptext21                                                             text21       001790
__ptext22                                                             text22       001652
__ptext23                                                             text23       0017E6
__ptext24                                                             text24       00180E
__ptext25                                                             text25       0017BE
__ptext26                                                             text26       0013DA
__ptext28                                                             text28       0015B0
__ptext29                                                             text29       000000
__ptext3                                                              text3        0017F6
__ptext4                                                              text4        000642
__ptext5                                                              text5        000A46
__ptext6                                                              text6        0017FC
__ptext7                                                              text7        001802
__ptext8                                                              text8        0011B2
__ptext9                                                              text9        0016E8
__ramtop                                                              ramtop       000600
__size_of___ftadd                                                     (abs)        000000
__size_of___ftdiv                                                     (abs)        000000
__size_of___ftge                                                      (abs)        000000
__size_of___ftmul                                                     (abs)        000000
__size_of___ftpack                                                    (abs)        000000
__size_of___ftsub                                                     (abs)        000000
__size_of___fttol                                                     (abs)        000000
__size_of___lwdiv                                                     (abs)        000000
__size_of___lwmod                                                     (abs)        000000
__size_of___lwtoft                                                    (abs)        000000
__size_of_buffer_init                                                 (abs)        000000
__size_of_buffer_putch                                                (abs)        000000
__size_of_buffer_puts                                                 (abs)        000000
__size_of_calibrate                                                   (abs)        000000
__size_of_delay10ms                                                   (abs)        000000
__size_of_format_number                                               (abs)        000000
__size_of_isr                                                         (abs)        000000
__size_of_main                                                        (abs)        000000
__size_of_measure_capacitance                                         (abs)        000000
__size_of_measure_freq                                                (abs)        000000
__size_of_measure_inductance                                          (abs)        000000
__size_of_print_buffer                                                (abs)        000000
__size_of_print_indicator                                             (abs)        000000
__size_of_print_reading                                               (abs)        000000
__size_of_print_unit                                                  (abs)        000000
__size_of_timer0_init                                                 (abs)        000000
__size_of_timer0_read_ps                                              (abs)        000000
__size_of_timer2_init                                                 (abs)        000000
__size_ofi2___lwdiv                                                   (abs)        000000
__smallconst                                                          smallconst   000600
_blink                                                                bssCOMRAM    00005B
_bres                                                                 nvCOMRAM     000064
_buffer                                                               bssBANK0     0000A1
_buffer_init                                                          text23       0017E6
_buffer_putch                                                         text22       001652
_buffer_puts                                                          text21       001790
_calibrate                                                            text14       001472
_delay10ms                                                            text24       00180E
_format_number                                                        text18       0010E4
_format_number$384                                                    cstackCOMRAM 000038
_isr                                                                  intcode      000008
_led_cycle                                                            bssCOMRAM    00005D
_led_interval                                                         nvCOMRAM     000068
_main                                                                 text0        000F16
_measure_capacitance                                                  text5        000A46
_measure_capacitance$1278                                             cstackCOMRAM 000045
_measure_capacitance$1279                                             cstackCOMRAM 000048
_measure_capacitance$1280                                             cstackCOMRAM 00004B
_measure_freq                                                         text15       000E14
_measure_inductance                                                   text4        000642
_measure_inductance$1281                                              cstackBANK0  000086
_measure_inductance$1282                                              cstackBANK0  000093
_measure_inductance$1283                                              cstackBANK0  000096
_measure_inductance$1284                                              cstackBANK0  000099
_measure_inductance$1285                                              cstackBANK0  000089
_measure_inductance$1286                                              cstackBANK0  00008C
_measure_inductance$1287                                              cstackBANK0  00008F
_mode                                                                 dataCOMRAM   00006A
_msecpart                                                             bssCOMRAM    00005F
_msecs                                                                bssBANK0     0000B6
_print_buffer                                                         text17       001808
_print_indicator                                                      text3        0017F6
_print_reading                                                        text7        001802
_print_unit                                                           text6        0017FC
_seconds                                                              bssBANK0     0000BA
_timer0_init                                                          text2        00133C
_timer0_init$500                                                      cstackCOMRAM 00000A
_timer0_init$501                                                      cstackCOMRAM 00000C
_timer0_init$502                                                      cstackCOMRAM 00000E
_timer0_init$503                                                      cstackCOMRAM 000010
_timer0_read_ps                                                       text16       001604
_timer1of                                                             bssBANK0     0000B2
_timer2_init                                                          text1        00175A
btemp                                                                 temp         00006B
buffer_putch@ch                                                       cstackCOMRAM 00000B
buffer_puts@x                                                         cstackCOMRAM 00000C
end_of_initialization                                                 cinit        00174C
format_number@base                                                    cstackCOMRAM 000014
format_number@buf                                                     cstackCOMRAM 000018
format_number@di                                                      cstackCOMRAM 00003B
format_number@fn                                                      cstackCOMRAM 000010
format_number@i                                                       cstackCOMRAM 00003C
format_number@n                                                       cstackCOMRAM 000012
format_number@pad                                                     cstackCOMRAM 000015
format_number@padchar                                                 cstackCOMRAM 00003A
i2___lwdiv                                                            text28       0015B0
i2___lwdiv@counter                                                    cstackCOMRAM 000007
i2___lwdiv@dividend                                                   cstackCOMRAM 000001
i2___lwdiv@divisor                                                    cstackCOMRAM 000003
i2___lwdiv@quotient                                                   cstackCOMRAM 000005
int$flags                                                             temp         00006B
intlevel0                                                             text         001814
intlevel1                                                             text         001814
intlevel2                                                             text         001814
intlevel3                                                             text         001814
main@new_mode                                                         cstackCOMRAM 000054
measure_capacitance@Cin                                               cstackCOMRAM 000051
measure_capacitance@unit                                              cstackCOMRAM 00004E
measure_capacitance@var                                               cstackCOMRAM 00004F
measure_freq@count                                                    cstackCOMRAM 000040
measure_inductance@Lin                                                cstackBANK0  00009E
measure_inductance@denominator                                        cstackBANK0  000083
measure_inductance@numerator                                          cstackBANK0  000080
measure_inductance@unit                                               cstackBANK0  000092
measure_inductance@var                                                cstackBANK0  00009C
print_reading@measurement                                             cstackCOMRAM 000009
stackhi                                                               (abs)        0005FF
stacklo                                                               (abs)        0000C1
start                                                                 init         00009A
start_initialization                                                  cinit        001722
timer0_init@prescaler                                                 cstackCOMRAM 000012
timer0_init@ps_mode                                                   cstackCOMRAM 000013
timer0_read_ps@count                                                  cstackCOMRAM 00000E
timer0_read_ps@prev                                                   cstackCOMRAM 00000D
timer2_init@ps                                                        cstackCOMRAM 00000A
timer2_init@ps_mode                                                   cstackCOMRAM 00000C
wtemp6                                                                temp         00006C


FUNCTION INFORMATION:

 *************** function _main *****************
 Defined at:
		line 116 in file "/home/roman/Dokumente/Sources/lc-meter/obj/../LC-meter.c"
 Parameters:    Size  Location     Type
		None
 Auto vars:     Size  Location     Type
  new_mode        1   83[COMRAM] unsigned char 
 Return value:  Size  Location     Type
                  1    wreg      void 
 Registers used:
		wreg, fsr2l, fsr2h, status,2, status,0, pclath, tosl, tblptrl, tblptrh, tblptru, cstack
 Tracked objects:
		On entry : 
		On exit  : 
		Unchanged: 
 Data sizes:     COMRAM   BANK0   BANK1   BANK2   BANK3   BANK4   BANK5
      Params:         0       0       0       0       0       0       0
      Locals:         1       0       0       0       0       0       0
      Temps:          0       0       0       0       0       0       0
      Totals:         1       0       0       0       0       0       0
Total ram usage:        1 bytes
 Hardware stack levels required when called:    6
 This function calls:
		_calibrate
		_delay10ms
		_measure_capacitance
		_measure_inductance
		_print_indicator
		_timer0_init
		_timer2_init
 This function is called by:
		Startup code after reset
 This function uses a non-reentrant model


 *************** function _timer2_init *****************
 Defined at:
		line 145 in file "/home/roman/Dokumente/Sources/lc-meter/obj/../lib/timer.c"
 Parameters:    Size  Location     Type
  ps_mode         1    wreg     unsigned char 
 Auto vars:     Size  Location     Type
  ps_mode         1   11[COMRAM] unsigned char 
  postscaler      1    0        unsigned char 
  ps              1    9[COMRAM] unsigned char 
 Return value:  Size  Location     Type
                  1    wreg      void 
 Registers used:
		wreg, status,2, status,0
 Tracked objects:
		On entry : 
		On exit  : 
		Unchanged: 
 Data sizes:     COMRAM   BANK0   BANK1   BANK2   BANK3   BANK4   BANK5
      Params:         0       0       0       0       0       0       0
      Locals:         3       0       0       0       0       0       0
      Temps:          1       0       0       0       0       0       0
      Totals:         4       0       0       0       0       0       0
Total ram usage:        4 bytes
 Hardware stack levels used:    1
 Hardware stack levels required when called:    2
 This function calls:
		Nothing
 This function is called by:
		_main
 This function uses a non-reentrant model


 *************** function _timer0_init *****************
 Defined at:
		line 26 in file "/home/roman/Dokumente/Sources/lc-meter/obj/../lib/timer.c"
 Parameters:    Size  Location     Type
  ps_mode         1    wreg     unsigned char 
 Auto vars:     Size  Location     Type
  ps_mode         1   18[COMRAM] unsigned char 
  prescaler       1   17[COMRAM] unsigned char 
 Return value:  Size  Location     Type
                  1    wreg      void 
 Registers used:
		wreg, status,2, status,0
 Tracked objects:
		On entry : 
		On exit  : 
		Unchanged: 
 Data sizes:     COMRAM   BANK0   BANK1   BANK2   BANK3   BANK4   BANK5
      Params:         0       0       0       0       0       0       0
      Locals:        10       0       0       0       0       0       0
      Temps:          1       0       0       0       0       0       0
      Totals:        11       0       0       0       0       0       0
Total ram usage:       11 bytes
 Hardware stack levels used:    1
 Hardware stack levels required when called:    2
 This function calls:
		Nothing
 This function is called by:
		_main
 This function uses a non-reentrant model


 *************** function _print_indicator *****************
 Defined at:
		line 464 in file "/home/roman/Dokumente/Sources/lc-meter/obj/../src/print.c"
 Parameters:    Size  Location     Type
  indicate        1    wreg     unsigned char 
 Auto vars:     Size  Location     Type
  indicate        1    0[COMRAM] unsigned char 
 Return value:  Size  Location     Type
                  1    wreg      void 
 Registers used:
		wreg
 Tracked objects:
		On entry : 
		On exit  : 
		Unchanged: 
 Data sizes:     COMRAM   BANK0   BANK1   BANK2   BANK3   BANK4   BANK5
      Params:         0       0       0       0       0       0       0
      Locals:         0       0       0       0       0       0       0
      Temps:          0       0       0       0       0       0       0
      Totals:         0       0       0       0       0       0       0
Total ram usage:        0 bytes
 Hardware stack levels used:    1
 Hardware stack levels required when called:    2
 This function calls:
		Nothing
 This function is called by:
		_main
 This function uses a non-reentrant model


 *************** function _measure_inductance *****************
 Defined at:
		line 218 in file "/home/roman/Dokumente/Sources/lc-meter/obj/../src/measure.c"
 Parameters:    Size  Location     Type
		None
 Auto vars:     Size  Location     Type
  Lin             3   30[BANK0 ] void 
  denominator     3    3[BANK0 ] void 
  numerator       3    0[BANK0 ] void 
  var             2   28[BANK0 ] unsigned int 
  unit            1   18[BANK0 ] unsigned char 
 Return value:  Size  Location     Type
                  1    wreg      void 
 Registers used:
		wreg, fsr2l, fsr2h, status,2, status,0, pclath, tosl, tblptrl, tblptrh, tblptru, cstack
 Tracked objects:
		On entry : 
		On exit  : 
		Unchanged: 
 Data sizes:     COMRAM   BANK0   BANK1   BANK2   BANK3   BANK4   BANK5
      Params:         0       0       0       0       0       0       0
      Locals:         0      33       0       0       0       0       0
      Temps:          0       0       0       0       0       0       0
      Totals:         0      33       0       0       0       0       0
Total ram usage:       33 bytes
 Hardware stack levels used:    1
 Hardware stack levels required when called:    5
 This function calls:
		___ftdiv
		___ftge
		___ftmul
		___ftsub
		___fttol
		___lwtoft
		_measure_freq
		_print_reading
		_print_unit
 This function is called by:
		_main
 This function uses a non-reentrant model


 *************** function _measure_capacitance *****************
 Defined at:
		line 131 in file "/home/roman/Dokumente/Sources/lc-meter/obj/../src/measure.c"
 Parameters:    Size  Location     Type
		None
 Auto vars:     Size  Location     Type
  Cin             3   80[COMRAM] void 
  var             2   78[COMRAM] unsigned int 
  unit            1   77[COMRAM] unsigned char 
 Return value:  Size  Location     Type
                  1    wreg      void 
 Registers used:
		wreg, fsr2l, fsr2h, status,2, status,0, pclath, tosl, tblptrl, tblptrh, tblptru, cstack
 Tracked objects:
		On entry : 
		On exit  : 
		Unchanged: 
 Data sizes:     COMRAM   BANK0   BANK1   BANK2   BANK3   BANK4   BANK5
      Params:         0       0       0       0       0       0       0
      Locals:        15       0       0       0       0       0       0
      Temps:          0       0       0       0       0       0       0
      Totals:        15       0       0       0       0       0       0
Total ram usage:       15 bytes
 Hardware stack levels used:    1
 Hardware stack levels required when called:    5
 This function calls:
		___ftdiv
		___ftge
		___ftmul
		___ftsub
		___fttol
		___lwtoft
		_measure_freq
		_print_reading
		_print_unit
 This function is called by:
		_main
 This function uses a non-reentrant model


 *************** function _print_unit *****************
 Defined at:
		line 401 in file "/home/roman/Dokumente/Sources/lc-meter/obj/../src/print.c"
 Parameters:    Size  Location     Type
  unit            1    wreg     unsigned char 
 Auto vars:     Size  Location     Type
  unit            1    0[COMRAM] unsigned char 
 Return value:  Size  Location     Type
                  1    wreg      void 
 Registers used:
		wreg
 Tracked objects:
		On entry : 
		On exit  : 
		Unchanged: 
 Data sizes:     COMRAM   BANK0   BANK1   BANK2   BANK3   BANK4   BANK5
      Params:         0       0       0       0       0       0       0
      Locals:         0       0       0       0       0       0       0
      Temps:          0       0       0       0       0       0       0
      Totals:         0       0       0       0       0       0       0
Total ram usage:        0 bytes
 Hardware stack levels used:    1
 Hardware stack levels required when called:    2
 This function calls:
		Nothing
 This function is called by:
		_measure_capacitance
		_measure_inductance
 This function uses a non-reentrant model


 *************** function _print_reading *****************
 Defined at:
		line 424 in file "/home/roman/Dokumente/Sources/lc-meter/obj/../src/print.c"
 Parameters:    Size  Location     Type
  measurement     2    8[COMRAM] unsigned int 
 Auto vars:     Size  Location     Type
		None
 Return value:  Size  Location     Type
                  1    wreg      void 
 Registers used:
		None
 Tracked objects:
		On entry : 
		On exit  : 
		Unchanged: 
 Data sizes:     COMRAM   BANK0   BANK1   BANK2   BANK3   BANK4   BANK5
      Params:         2       0       0       0       0       0       0
      Locals:         0       0       0       0       0       0       0
      Temps:          0       0       0       0       0       0       0
      Totals:         2       0       0       0       0       0       0
Total ram usage:        2 bytes
 Hardware stack levels used:    1
 Hardware stack levels required when called:    2
 This function calls:
		Nothing
 This function is called by:
		_measure_capacitance
		_measure_inductance
 This function uses a non-reentrant model


 *************** function ___fttol *****************
 Defined at:
		line 44 in file "/opt/microchip/xc8/v1.45/sources/common/fttol.c"
 Parameters:    Size  Location     Type
  f1              3    8[COMRAM] float 
 Auto vars:     Size  Location     Type
  lval            4   18[COMRAM] unsigned long 
  exp1            1   22[COMRAM] unsigned char 
  sign1           1   17[COMRAM] unsigned char 
 Return value:  Size  Location     Type
                  4    8[COMRAM] long 
 Registers used:
		wreg, status,2, status,0
 Tracked objects:
		On entry : 
		On exit  : 
		Unchanged: 
 Data sizes:     COMRAM   BANK0   BANK1   BANK2   BANK3   BANK4   BANK5
      Params:         4       0       0       0       0       0       0
      Locals:         6       0       0       0       0       0       0
      Temps:          5       0       0       0       0       0       0
      Totals:        15       0       0       0       0       0       0
Total ram usage:       15 bytes
 Hardware stack levels used:    1
 Hardware stack levels required when called:    2
 This function calls:
		Nothing
 This function is called by:
		_measure_capacitance
		_measure_inductance
 This function uses a non-reentrant model


 *************** function ___ftsub *****************
 Defined at:
		line 20 in file "/opt/microchip/xc8/v1.45/sources/common/ftsub.c"
 Parameters:    Size  Location     Type
  f1              3   46[COMRAM] float 
  f2              3   49[COMRAM] float 
 Auto vars:     Size  Location     Type
		None
 Return value:  Size  Location     Type
                  3   46[COMRAM] float 
 Registers used:
		wreg, status,2, status,0, cstack
 Tracked objects:
		On entry : 
		On exit  : 
		Unchanged: 
 Data sizes:     COMRAM   BANK0   BANK1   BANK2   BANK3   BANK4   BANK5
      Params:         6       0       0       0       0       0       0
      Locals:         0       0       0       0       0       0       0
      Temps:          0       0       0       0       0       0       0
      Totals:         6       0       0       0       0       0       0
Total ram usage:        6 bytes
 Hardware stack levels used:    1
 Hardware stack levels required when called:    4
 This function calls:
		___ftadd
 This function is called by:
		_measure_capacitance
		_measure_inductance
 This function uses a non-reentrant model


 *************** function ___ftadd *****************
 Defined at:
		line 86 in file "/opt/microchip/xc8/v1.45/sources/common/ftadd.c"
 Parameters:    Size  Location     Type
  f1              3   16[COMRAM] float 
  f2              3   19[COMRAM] float 
 Auto vars:     Size  Location     Type
  exp1            1   27[COMRAM] unsigned char 
  exp2            1   26[COMRAM] unsigned char 
  sign            1   25[COMRAM] unsigned char 
 Return value:  Size  Location     Type
                  3   16[COMRAM] float 
 Registers used:
		wreg, status,2, status,0, cstack
 Tracked objects:
		On entry : 
		On exit  : 
		Unchanged: 
 Data sizes:     COMRAM   BANK0   BANK1   BANK2   BANK3   BANK4   BANK5
      Params:         6       0       0       0       0       0       0
      Locals:         3       0       0       0       0       0       0
      Temps:          3       0       0       0       0       0       0
      Totals:        12       0       0       0       0       0       0
Total ram usage:       12 bytes
 Hardware stack levels used:    1
 Hardware stack levels required when called:    3
 This function calls:
		___ftpack
 This function is called by:
		___ftsub
 This function uses a non-reentrant model


 *************** function ___ftmul *****************
 Defined at:
		line 62 in file "/opt/microchip/xc8/v1.45/sources/common/ftmul.c"
 Parameters:    Size  Location     Type
  f1              3   31[COMRAM] float 
  f2              3   34[COMRAM] float 
 Auto vars:     Size  Location     Type
  f3_as_produc    3   41[COMRAM] unsigned um
  sign            1   45[COMRAM] unsigned char 
  cntr            1   44[COMRAM] unsigned char 
  exp             1   40[COMRAM] unsigned char 
 Return value:  Size  Location     Type
                  3   31[COMRAM] float 
 Registers used:
		wreg, status,2, status,0, cstack
 Tracked objects:
		On entry : 
		On exit  : 
		Unchanged: 
 Data sizes:     COMRAM   BANK0   BANK1   BANK2   BANK3   BANK4   BANK5
      Params:         6       0       0       0       0       0       0
      Locals:         6       0       0       0       0       0       0
      Temps:          3       0       0       0       0       0       0
      Totals:        15       0       0       0       0       0       0
Total ram usage:       15 bytes
 Hardware stack levels used:    1
 Hardware stack levels required when called:    3
 This function calls:
		___ftpack
 This function is called by:
		_measure_capacitance
		_measure_inductance
 This function uses a non-reentrant model


 *************** function ___ftge *****************
 Defined at:
		line 4 in file "/opt/microchip/xc8/v1.45/sources/common/ftge.c"
 Parameters:    Size  Location     Type
  ff1             3    8[COMRAM] float 
  ff2             3   11[COMRAM] float 
 Auto vars:     Size  Location     Type
		None
 Return value:  Size  Location     Type
		None               void
 Registers used:
		wreg, status,2, status,0
 Tracked objects:
		On entry : 
		On exit  : 
		Unchanged: 
 Data sizes:     COMRAM   BANK0   BANK1   BANK2   BANK3   BANK4   BANK5
      Params:         6       0       0       0       0       0       0
      Locals:         0       0       0       0       0       0       0
      Temps:          3       0       0       0       0       0       0
      Totals:         9       0       0       0       0       0       0
Total ram usage:        9 bytes
 Hardware stack levels used:    1
 Hardware stack levels required when called:    2
 This function calls:
		Nothing
 This function is called by:
		_measure_capacitance
		_measure_inductance
 This function uses a non-reentrant model


 *************** function ___ftdiv *****************
 Defined at:
		line 54 in file "/opt/microchip/xc8/v1.45/sources/common/ftdiv.c"
 Parameters:    Size  Location     Type
  f1              3   16[COMRAM] float 
  f2              3   19[COMRAM] float 
 Auto vars:     Size  Location     Type
  f3              3   26[COMRAM] float 
  sign            1   30[COMRAM] unsigned char 
  exp             1   29[COMRAM] unsigned char 
  cntr            1   25[COMRAM] unsigned char 
 Return value:  Size  Location     Type
                  3   16[COMRAM] float 
 Registers used:
		wreg, status,2, status,0, cstack
 Tracked objects:
		On entry : 
		On exit  : 
		Unchanged: 
 Data sizes:     COMRAM   BANK0   BANK1   BANK2   BANK3   BANK4   BANK5
      Params:         6       0       0       0       0       0       0
      Locals:         6       0       0       0       0       0       0
      Temps:          3       0       0       0       0       0       0
      Totals:        15       0       0       0       0       0       0
Total ram usage:       15 bytes
 Hardware stack levels used:    1
 Hardware stack levels required when called:    3
 This function calls:
		___ftpack
 This function is called by:
		_measure_capacitance
		_measure_inductance
 This function uses a non-reentrant model


 *************** function _calibrate *****************
 Defined at:
		line 26 in file "/home/roman/Dokumente/Sources/lc-meter/obj/../src/measure.c"
 Parameters:    Size  Location     Type
		None
 Auto vars:     Size  Location     Type
  i               1    0        unsigned char 
 Return value:  Size  Location     Type
                  1    wreg      void 
 Registers used:
		wreg, fsr2l, fsr2h, status,2, status,0, pclath, tosl, tblptrl, tblptrh, tblptru, cstack
 Tracked objects:
		On entry : 
		On exit  : 
		Unchanged: 
 Data sizes:     COMRAM   BANK0   BANK1   BANK2   BANK3   BANK4   BANK5
      Params:         0       0       0       0       0       0       0
      Locals:         0       0       0       0       0       0       0
      Temps:          0       0       0       0       0       0       0
      Totals:         0       0       0       0       0       0       0
Total ram usage:        0 bytes
 Hardware stack levels used:    1
 Hardware stack levels required when called:    5
 This function calls:
		___lwtoft
		_delay10ms
		_measure_freq
 This function is called by:
		_main
 This function uses a non-reentrant model


 *************** function _measure_freq *****************
 Defined at:
		line 73 in file "/home/roman/Dokumente/Sources/lc-meter/obj/../src/measure.c"
 Parameters:    Size  Location     Type
		None
 Auto vars:     Size  Location     Type
  count           2   63[COMRAM] unsigned int 
 Return value:  Size  Location     Type
                  2   60[COMRAM] unsigned short 
 Registers used:
		wreg, fsr2l, fsr2h, status,2, status,0, pclath, tosl, tblptrl, tblptrh, tblptru, cstack
 Tracked objects:
		On entry : 
		On exit  : 
		Unchanged: 
 Data sizes:     COMRAM   BANK0   BANK1   BANK2   BANK3   BANK4   BANK5
      Params:         2       0       0       0       0       0       0
      Locals:         2       0       0       0       0       0       0
      Temps:          1       0       0       0       0       0       0
      Totals:         5       0       0       0       0       0       0
Total ram usage:        5 bytes
 Hardware stack levels used:    1
 Hardware stack levels required when called:    4
 This function calls:
		_buffer_init
		_buffer_puts
		_format_number
		_print_buffer
		_timer0_read_ps
 This function is called by:
		_calibrate
		_measure_capacitance
		_measure_inductance
 This function uses a non-reentrant model


 *************** function _timer0_read_ps *****************
 Defined at:
		line 79 in file "/home/roman/Dokumente/Sources/lc-meter/obj/../lib/timer.c"
 Parameters:    Size  Location     Type
		None
 Auto vars:     Size  Location     Type
  count           2   13[COMRAM] unsigned int 
  prev            1   12[COMRAM] unsigned char 
 Return value:  Size  Location     Type
                  2    8[COMRAM] unsigned short 
 Registers used:
		wreg, status,2, status,0
 Tracked objects:
		On entry : 
		On exit  : 
		Unchanged: 
 Data sizes:     COMRAM   BANK0   BANK1   BANK2   BANK3   BANK4   BANK5
      Params:         2       0       0       0       0       0       0
      Locals:         3       0       0       0       0       0       0
      Temps:          2       0       0       0       0       0       0
      Totals:         7       0       0       0       0       0       0
Total ram usage:        7 bytes
 Hardware stack levels used:    1
 Hardware stack levels required when called:    2
 This function calls:
		Nothing
 This function is called by:
		_measure_freq
 This function uses a non-reentrant model


 *************** function _print_buffer *****************
 Defined at:
		line 510 in file "/home/roman/Dokumente/Sources/lc-meter/obj/../src/print.c"
 Parameters:    Size  Location     Type
		None
 Auto vars:     Size  Location     Type
		None
 Return value:  Size  Location     Type
                  1    wreg      void 
 Registers used:
		None
 Tracked objects:
		On entry : 
		On exit  : 
		Unchanged: 
 Data sizes:     COMRAM   BANK0   BANK1   BANK2   BANK3   BANK4   BANK5
      Params:         0       0       0       0       0       0       0
      Locals:         0       0       0       0       0       0       0
      Temps:          0       0       0       0       0       0       0
      Totals:         0       0       0       0       0       0       0
Total ram usage:        0 bytes
 Hardware stack levels used:    1
 Hardware stack levels required when called:    2
 This function calls:
		Nothing
 This function is called by:
		_measure_freq
 This function uses a non-reentrant model


 *************** function _format_number *****************
 Defined at:
		line 19 in file "/home/roman/Dokumente/Sources/lc-meter/obj/../lib/format.c"
 Parameters:    Size  Location     Type
  fn              2   15[COMRAM] PTR FTN(unsigned char ,)
		 -> buffer_putch(1), 
  n               2   17[COMRAM] unsigned int 
  base            1   19[COMRAM] unsigned char 
  pad             1   20[COMRAM] char 
 Auto vars:     Size  Location     Type
  buf            32   23[COMRAM] unsigned char [32]
  i               1   59[COMRAM] char 
  di              1   58[COMRAM] unsigned char 
  padchar         1   57[COMRAM] unsigned char 
 Return value:  Size  Location     Type
                  1    wreg      void 
 Registers used:
		wreg, fsr2l, fsr2h, status,2, status,0, pclath, tosl, cstack
 Tracked objects:
		On entry : 
		On exit  : 
		Unchanged: 
 Data sizes:     COMRAM   BANK0   BANK1   BANK2   BANK3   BANK4   BANK5
      Params:         6       0       0       0       0       0       0
      Locals:        37       0       0       0       0       0       0
      Temps:          2       0       0       0       0       0       0
      Totals:        45       0       0       0       0       0       0
Total ram usage:       45 bytes
 Hardware stack levels used:    1
 Hardware stack levels required when called:    3
 This function calls:
		___lwdiv
		___lwmod
		_buffer_putch
 This function is called by:
		_measure_freq
 This function uses a non-reentrant model


 *************** function ___lwmod *****************
 Defined at:
		line 8 in file "/opt/microchip/xc8/v1.45/sources/common/lwmod.c"
 Parameters:    Size  Location     Type
  dividend        2    8[COMRAM] unsigned int 
  divisor         2   10[COMRAM] unsigned int 
 Auto vars:     Size  Location     Type
  counter         1   12[COMRAM] unsigned char 
 Return value:  Size  Location     Type
                  2    8[COMRAM] unsigned int 
 Registers used:
		wreg, status,2, status,0
 Tracked objects:
		On entry : 
		On exit  : 
		Unchanged: 
 Data sizes:     COMRAM   BANK0   BANK1   BANK2   BANK3   BANK4   BANK5
      Params:         4       0       0       0       0       0       0
      Locals:         1       0       0       0       0       0       0
      Temps:          0       0       0       0       0       0       0
      Totals:         5       0       0       0       0       0       0
Total ram usage:        5 bytes
 Hardware stack levels used:    1
 Hardware stack levels required when called:    2
 This function calls:
		Nothing
 This function is called by:
		_format_number
 This function uses a non-reentrant model


 *************** function ___lwdiv *****************
 Defined at:
		line 8 in file "/opt/microchip/xc8/v1.45/sources/common/lwdiv.c"
 Parameters:    Size  Location     Type
  dividend        2    8[COMRAM] unsigned int 
  divisor         2   10[COMRAM] unsigned int 
 Auto vars:     Size  Location     Type
  quotient        2   13[COMRAM] unsigned int 
  counter         1   12[COMRAM] unsigned char 
 Return value:  Size  Location     Type
                  2    8[COMRAM] unsigned int 
 Registers used:
		wreg, status,2, status,0
 Tracked objects:
		On entry : 
		On exit  : 
		Unchanged: 
 Data sizes:     COMRAM   BANK0   BANK1   BANK2   BANK3   BANK4   BANK5
      Params:         4       0       0       0       0       0       0
      Locals:         3       0       0       0       0       0       0
      Temps:          0       0       0       0       0       0       0
      Totals:         7       0       0       0       0       0       0
Total ram usage:        7 bytes
 Hardware stack levels used:    1
 Hardware stack levels required when called:    2
 This function calls:
		Nothing
 This function is called by:
		_format_number
 This function uses a non-reentrant model


 *************** function _buffer_puts *****************
 Defined at:
		line 56 in file "/home/roman/Dokumente/Sources/lc-meter/obj/../lib/buffer.c"
 Parameters:    Size  Location     Type
  x               1   11[COMRAM] PTR const unsigned char 
		 -> STR_1(6), 
 Auto vars:     Size  Location     Type
		None
 Return value:  Size  Location     Type
                  1    wreg      unsigned char 
 Registers used:
		wreg, fsr2l, fsr2h, status,2, status,0, tblptrl, tblptrh, tblptru, cstack
 Tracked objects:
		On entry : 
		On exit  : 
		Unchanged: 
 Data sizes:     COMRAM   BANK0   BANK1   BANK2   BANK3   BANK4   BANK5
      Params:         1       0       0       0       0       0       0
      Locals:         0       0       0       0       0       0       0
      Temps:          0       0       0       0       0       0       0
      Totals:         1       0       0       0       0       0       0
Total ram usage:        1 bytes
 Hardware stack levels used:    1
 Hardware stack levels required when called:    3
 This function calls:
		_buffer_putch
 This function is called by:
		_measure_freq
 This function uses a non-reentrant model


 *************** function _buffer_putch *****************
 Defined at:
		line 30 in file "/home/roman/Dokumente/Sources/lc-meter/obj/../lib/buffer.c"
 Parameters:    Size  Location     Type
  ch              1    wreg     unsigned char 
 Auto vars:     Size  Location     Type
  ch              1   10[COMRAM] unsigned char 
 Return value:  Size  Location     Type
                  1    wreg      unsigned char 
 Registers used:
		wreg, fsr2l, fsr2h, status,2, status,0
 Tracked objects:
		On entry : 
		On exit  : 
		Unchanged: 
 Data sizes:     COMRAM   BANK0   BANK1   BANK2   BANK3   BANK4   BANK5
      Params:         0       0       0       0       0       0       0
      Locals:         1       0       0       0       0       0       0
      Temps:          2       0       0       0       0       0       0
      Totals:         3       0       0       0       0       0       0
Total ram usage:        3 bytes
 Hardware stack levels used:    1
 Hardware stack levels required when called:    2
 This function calls:
		Nothing
 This function is called by:
		_measure_freq
		_buffer_puts
		_format_number
 This function uses a non-reentrant model


 *************** function _buffer_init *****************
 Defined at:
		line 10 in file "/home/roman/Dokumente/Sources/lc-meter/obj/../lib/buffer.c"
 Parameters:    Size  Location     Type
		None
 Auto vars:     Size  Location     Type
		None
 Return value:  Size  Location     Type
                  1    wreg      void 
 Registers used:
		wreg, status,2
 Tracked objects:
		On entry : 
		On exit  : 
		Unchanged: 
 Data sizes:     COMRAM   BANK0   BANK1   BANK2   BANK3   BANK4   BANK5
      Params:         0       0       0       0       0       0       0
      Locals:         0       0       0       0       0       0       0
      Temps:          0       0       0       0       0       0       0
      Totals:         0       0       0       0       0       0       0
Total ram usage:        0 bytes
 Hardware stack levels used:    1
 Hardware stack levels required when called:    2
 This function calls:
		Nothing
 This function is called by:
		_measure_freq
 This function uses a non-reentrant model


 *************** function _delay10ms *****************
 Defined at:
		line 64 in file "/home/roman/Dokumente/Sources/lc-meter/obj/../LC-meter.c"
 Parameters:    Size  Location     Type
  period_10ms     1    wreg     unsigned char 
 Auto vars:     Size  Location     Type
  period_10ms     1    0[COMRAM] unsigned char 
 Return value:  Size  Location     Type
                  1    wreg      void 
 Registers used:
		wreg
 Tracked objects:
		On entry : 
		On exit  : 
		Unchanged: 
 Data sizes:     COMRAM   BANK0   BANK1   BANK2   BANK3   BANK4   BANK5
      Params:         0       0       0       0       0       0       0
      Locals:         0       0       0       0       0       0       0
      Temps:          0       0       0       0       0       0       0
      Totals:         0       0       0       0       0       0       0
Total ram usage:        0 bytes
 Hardware stack levels used:    1
 Hardware stack levels required when called:    2
 This function calls:
		Nothing
 This function is called by:
		_main
		_calibrate
 This function uses a non-reentrant model


 *************** function ___lwtoft *****************
 Defined at:
		line 28 in file "/opt/microchip/xc8/v1.45/sources/common/lwtoft.c"
 Parameters:    Size  Location     Type
  c               2   65[COMRAM] unsigned int 
 Auto vars:     Size  Location     Type
		None
 Return value:  Size  Location     Type
                  3   65[COMRAM] float 
 Registers used:
		wreg, status,2, status,0, cstack
 Tracked objects:
		On entry : 
		On exit  : 
		Unchanged: 
 Data sizes:     COMRAM   BANK0   BANK1   BANK2   BANK3   BANK4   BANK5
      Params:         3       0       0       0       0       0       0
      Locals:         0       0       0       0       0       0       0
      Temps:          0       0       0       0       0       0       0
      Totals:         3       0       0       0       0       0       0
Total ram usage:        3 bytes
 Hardware stack levels used:    1
 Hardware stack levels required when called:    3
 This function calls:
		___ftpack
 This function is called by:
		_calibrate
		_measure_capacitance
		_measure_inductance
 This function uses a non-reentrant model


 *************** function ___ftpack *****************
 Defined at:
		line 62 in file "/opt/microchip/xc8/v1.45/sources/common/float.c"
 Parameters:    Size  Location     Type
  arg             3    8[COMRAM] unsigned um
  exp             1   11[COMRAM] unsigned char 
  sign            1   12[COMRAM] unsigned char 
 Auto vars:     Size  Location     Type
		None
 Return value:  Size  Location     Type
                  3    8[COMRAM] float 
 Registers used:
		wreg, status,2, status,0
 Tracked objects:
		On entry : 
		On exit  : 
		Unchanged: 
 Data sizes:     COMRAM   BANK0   BANK1   BANK2   BANK3   BANK4   BANK5
      Params:         5       0       0       0       0       0       0
      Locals:         0       0       0       0       0       0       0
      Temps:          3       0       0       0       0       0       0
      Totals:         8       0       0       0       0       0       0
Total ram usage:        8 bytes
 Hardware stack levels used:    1
 Hardware stack levels required when called:    2
 This function calls:
		Nothing
 This function is called by:
		___ftadd
		___ftdiv
		___ftmul
		___lwtoft
 This function uses a non-reentrant model


 *************** function _isr *****************
 Defined at:
		line 84 in file "/home/roman/Dokumente/Sources/lc-meter/obj/../LC-meter.c"
 Parameters:    Size  Location     Type
		None
 Auto vars:     Size  Location     Type
		None
 Return value:  Size  Location     Type
                  2   63[None  ] int 
 Registers used:
		wreg, status,2, status,0, cstack
 Tracked objects:
		On entry : 
		On exit  : 
		Unchanged: 
 Data sizes:     COMRAM   BANK0   BANK1   BANK2   BANK3   BANK4   BANK5
      Params:         0       0       0       0       0       0       0
      Locals:         0       0       0       0       0       0       0
      Temps:          1       0       0       0       0       0       0
      Totals:         1       0       0       0       0       0       0
Total ram usage:        1 bytes
 Hardware stack levels used:    1
 Hardware stack levels required when called:    1
 This function calls:
		i2___lwdiv
 This function is called by:
		Interrupt level 2
 This function uses a non-reentrant model


 *************** function i2___lwdiv *****************
 Defined at:
		line 8 in file "/opt/microchip/xc8/v1.45/sources/common/lwdiv.c"
 Parameters:    Size  Location     Type
  dividend        2    0[COMRAM] unsigned int 
  divisor         2    2[COMRAM] unsigned int 
 Auto vars:     Size  Location     Type
  __lwdiv         2    4[COMRAM] unsigned int 
  __lwdiv         1    6[COMRAM] unsigned char 
 Return value:  Size  Location     Type
                  2    0[COMRAM] unsigned int 
 Registers used:
		wreg, status,2, status,0
 Tracked objects:
		On entry : 
		On exit  : 
		Unchanged: 
 Data sizes:     COMRAM   BANK0   BANK1   BANK2   BANK3   BANK4   BANK5
      Params:         4       0       0       0       0       0       0
      Locals:         3       0       0       0       0       0       0
      Temps:          0       0       0       0       0       0       0
      Totals:         7       0       0       0       0       0       0
Total ram usage:        7 bytes
 Hardware stack levels used:    1
 This function calls:
		Nothing
 This function is called by:
		_isr
 This function uses a non-reentrant model



MODULE INFORMATION

Module		Function		Class		Link	Load	Size
/home/roman/Dokumente/Sources/lc-meter/obj/../src/measure.c
		_measure_capacitance		CODE           	0A46	0000	605
		_measure_freq  		CODE           	0E14	0000	259
		_measure_inductance		CODE           	0642	0000	1029
		_calibrate     		CODE           	1472	0000	137

/home/roman/Dokumente/Sources/lc-meter/obj/../src/measure.c estimated size: 2030

/opt/microchip/xc8/v1.45/sources/common/ftsub.c
		___ftsub       		CODE           	16E8	0000	59

/opt/microchip/xc8/v1.45/sources/common/ftsub.c estimated size: 59

/home/roman/Dokumente/Sources/lc-meter/obj/../lib/buffer.c
		_buffer_init   		CODE           	17E6	0000	17
		_buffer_puts   		CODE           	1790	0000	47
		_buffer_putch  		CODE           	1652	0000	79

/home/roman/Dokumente/Sources/lc-meter/obj/../lib/buffer.c estimated size: 143

/opt/microchip/xc8/v1.45/sources/common/ftge.c
		___ftge        		CODE           	14FA	0000	99

/opt/microchip/xc8/v1.45/sources/common/ftge.c estimated size: 99

/opt/microchip/xc8/v1.45/sources/common/float.c
		___ftpack      		CODE           	13DA	0000	153

/opt/microchip/xc8/v1.45/sources/common/float.c estimated size: 153

/opt/microchip/xc8/v1.45/sources/common/lwmod.c
		___lwmod       		CODE           	16A0	0000	73

/opt/microchip/xc8/v1.45/sources/common/lwmod.c estimated size: 73

/opt/microchip/xc8/v1.45/sources/common/ftmul.c
		___ftmul       		CODE           	1004	0000	225

/opt/microchip/xc8/v1.45/sources/common/ftmul.c estimated size: 225

/opt/microchip/xc8/v1.45/sources/common/ftdiv.c
		___ftdiv       		CODE           	127E	0000	191

/opt/microchip/xc8/v1.45/sources/common/ftdiv.c estimated size: 191

/home/roman/Dokumente/Sources/lc-meter/obj/../lib/format.c
		_format_number 		CODE           	10E4	0000	207

/home/roman/Dokumente/Sources/lc-meter/obj/../lib/format.c estimated size: 207

/home/roman/Dokumente/Sources/lc-meter/obj/../src/print.c
		_print_indicator		CODE           	17F6	0000	7
		_print_buffer  		CODE           	1808	0000	7
		_print_unit    		CODE           	17FC	0000	7
		_print_reading 		CODE           	1802	0000	7

/home/roman/Dokumente/Sources/lc-meter/obj/../src/print.c estimated size: 28

/opt/microchip/xc8/v1.45/sources/common/lwtoft.c
		___lwtoft      		CODE           	17BE	0000	41

/opt/microchip/xc8/v1.45/sources/common/lwtoft.c estimated size: 41

shared
		exp@coeff      		SMALLCONST     	0000	0000	0
		i2___lwdiv     		CODE           	15B0	0000	85
		__initialization		CODE           	1722	0000	43
		log@coeff      		SMALLCONST     	0000	0000	0

shared estimated size: 128

/opt/microchip/xc8/v1.45/sources/common/fttol.c
		___fttol       		CODE           	11B2	0000	205

/opt/microchip/xc8/v1.45/sources/common/fttol.c estimated size: 205

/opt/microchip/xc8/v1.45/sources/common/lwdiv.c
		___lwdiv       		CODE           	155C	0000	85

/opt/microchip/xc8/v1.45/sources/common/lwdiv.c estimated size: 85

/opt/microchip/xc8/v1.45/sources/common/ftadd.c
		___ftadd       		CODE           	0CA2	0000	371

/opt/microchip/xc8/v1.45/sources/common/ftadd.c estimated size: 371

/home/roman/Dokumente/Sources/lc-meter/obj/../lib/timer.c
		_timer2_init   		CODE           	175A	0000	55
		_timer0_init   		CODE           	133C	0000	159
		_timer0_read_ps		CODE           	1604	0000	79

/home/roman/Dokumente/Sources/lc-meter/obj/../lib/timer.c estimated size: 293

/home/roman/Dokumente/Sources/lc-meter/obj/../LC-meter.c
		_main          		CODE           	0F16	0000	239
		_isr           		CODE           	0008	0000	147
		_delay10ms     		CODE           	180E	0000	7

/home/roman/Dokumente/Sources/lc-meter/obj/../LC-meter.c estimated size: 393

