Microchip MPLAB XC8 Compiler V1.45 ()

Linker command line:

--edf=/opt/microchip/xc8/v1.45/dat/en_msgs.txt -cs \
  -h+bin/xc8-18f252/LC_meter_HD44780_debug_20mhz_38kbps.sym \
  --cmf=bin/xc8-18f252/LC_meter_HD44780_debug_20mhz_38kbps.cmf -z -Q18F252 \
  -o/tmp/xcX9oUOjy \
  -Mbin/xc8-18f252/LC_meter_HD44780_debug_20mhz_38kbps_skbps.map -ver=XC8 \
  -ASTACK=011Fh-05ffh -pstack=STACK -ACODE=00h-03FFFhx2 -ACONST=00h-07FFFh \
  -ASMALLCONST=0600h-06FFhx122 -AMEDIUMCONST=0600h-07FFFh -ACOMRAM=01h-07Fh \
  -AABS1=00h-05FFh -ABIGRAM=01h-05FFh -ARAM=080h-0FFh,0100h-01FFhx5 \
  -ABANK0=080h-0FFh -ABANK1=0100h-01FFh -ABANK2=0200h-02FFh \
  -ABANK3=0300h-03FFh -ABANK4=0400h-04FFh -ABANK5=0500h-05FFh \
  -ASFR=0F80h-0FFFh -preset_vec=00h,intcode=08h,intcodelo,powerup,init \
  -pramtop=0600h -psmallconst=SMALLCONST -pmediumconst=MEDIUMCONST \
  -pconst=CONST -AFARRAM=00h-00h -ACONFIG=0300000h-030000Dh -pconfig=CONFIG \
  -AIDLOC=0200000h-0200007h -pidloc=IDLOC -AEEDATA=0F00000h-0F000FFh \
  -peeprom_data=EEDATA \
  -prdata=COMRAM,nvrram=COMRAM,nvbit=COMRAM,rbss=COMRAM,rbit=COMRAM \
  -pfarbss=FARRAM,fardata=FARRAM,nvFARRAM=FARRAM \
  -pintsave_regs=BIGRAM,bigbss=BIGRAM,bigdata=BIGRAM -pbss=RAM \
  -pidata=CODE,irdata=CODE,ibigdata=CODE,ifardata=CODE -prparam=COMRAM \
  /tmp/xcX6tythQ.obj bin/xc8-18f252/LC_meter_HD44780_debug_20mhz_38kbps.obj 

Object code version is 3.11

Machine type is 18F252

Call graph: (short form)




                Name                               Link     Load   Length Selector   Space Scale
/tmp/xcX6tythQ.obj
                text                               2906     2906        2      375       0
                init                                 F6       F6        4        4       0
                reset_vec                             0        0        6        0       0
                config                           300000   300000        E   300000       0
bin/xc8-18f252/LC_meter_HD44780_debug_20mhz_38kbps.obj
                intcode                               8        8       EE        4       0
                temp                                 75       75        1        1       1
                smallconst                          600      600       EA      300       0
                text57                             2374     2374       54      375       0
                text55                             1FE4     1FE4       98      375       0
                text54                             27DE     27DE       28      375       0
                text53                             28FC     28FC        6      375       0
                text52                             282C     282C       26      375       0
                text51                             2852     2852       20      375       0
                text50                             28E0     28E0       10      375       0
                text49                             2890     2890       1E      375       0
                text48                             28D0     28D0       10      375       0
                text47                             2468     2468       4E      375       0
                text46                             2736     2736       2E      375       0
                text45                             2320     2320       54      375       0
                text44                             2500     2500       48      375       0
                text43                             27B6     27B6       28      375       0
                text42                             28C0     28C0       10      375       0
                text41                             28F0     28F0        C      375       0
                text40                             1BA2     1BA2       CE      375       0
                text39                             263A     263A       38      375       0
                text38                             2708     2708       2E      375       0
                text37                             26D8     26D8       30      375       0
                text36                             241A     241A       4E      375       0
                text35                             162C     162C      10C      375       0
                text34                             28AE     28AE       12      375       0
                text33                             2548     2548       40      375       0
                text32                             19EE     19EE       DC      375       0
                text31                             1824     1824       EA      375       0
                text30                             26A8     26A8       30      375       0
                text29                             25C4     25C4       3C      375       0
                text28                             1222     1222      172      375       0
                text27                             190E     190E       E0      375       0
                text26                             1DFA     1DFA       AE      375       0
                text25                             2178     2178       76      375       0
                text24                             1738     1738       EC      375       0
                text23                             24B6     24B6       4A      375       0
                text22                             23C8     23C8       52      375       0
                text21                             1D3C     1D3C       BE      375       0
                text20                             2872     2872       1E      375       0
                text19                             2600     2600       3A      375       0
                text18                             21EE     21EE       6C      375       0
                text17                             22BE     22BE       62      375       0
                text16                             1C70     1C70       CC      375       0
                text15                             1ACA     1ACA       D8      375       0
                text14                             1F46     1F46       9E      375       0
                text13                              EF2      EF2      1B0      375       0
                text12                             14E2     14E2      14A      375       0
                text11                             10A2     10A2      180      375       0
                text10                             2100     2100       78      375       0
                text9                              2588     2588       3C      375       0
                text8                              207C     207C       84      375       0
                text7                              2806     2806       26      375       0
                text6                               AFE      AFE      3F4      375       0
                text5                               6EA      6EA      414      375       0
                text4                              2764     2764       2A      375       0
                text3                              278E     278E       28      375       0
                text2                              1EA8     1EA8       9E      375       0
                text1                              2672     2672       36      375       0
                text0                              1394     1394      14E      375       0
                cstackCOMRAM                          1        1       65        1       1
                cstackBANK0                          BA       BA       30       80       1
                cstackBANK1                         110      110        F      100       1
                bssBANK1                            100      100       10      100       1
                dataBANK0                            F0       F0        4       80       1
                bssBANK0                             80       80       3A       80       1
                dataCOMRAM                           74       74        1        1       1
                bssCOMRAM                            66       66        B        1       1
                cinit                              225A     225A       64      375       0
                nvBANK0                              EA       EA        6       80       1
                nvCOMRAM                             71       71        3        1       1
                idataBANK0                         2902     2902        4      375       0
                idataCOMRAM                        2908     2908        1      375       0

TOTAL           Name                               Link     Load   Length     Space
        CLASS   STACK          

        CLASS   CODE           
                intcode                               8        8       EE         0
                text                               2906     2906        2         0
                init                                 F6       F6        4         0
                reset_vec                             0        0        6         0
                text57                             2374     2374       54         0
                text55                             1FE4     1FE4       98         0
                text54                             27DE     27DE       28         0
                text53                             28FC     28FC        6         0
                text52                             282C     282C       26         0
                text51                             2852     2852       20         0
                text50                             28E0     28E0       10         0
                text49                             2890     2890       1E         0
                text48                             28D0     28D0       10         0
                text47                             2468     2468       4E         0
                text46                             2736     2736       2E         0
                text45                             2320     2320       54         0
                text44                             2500     2500       48         0
                text43                             27B6     27B6       28         0
                text42                             28C0     28C0       10         0
                text41                             28F0     28F0        C         0
                text40                             1BA2     1BA2       CE         0
                text39                             263A     263A       38         0
                text38                             2708     2708       2E         0
                text37                             26D8     26D8       30         0
                text36                             241A     241A       4E         0
                text35                             162C     162C      10C         0
                text34                             28AE     28AE       12         0
                text33                             2548     2548       40         0
                text32                             19EE     19EE       DC         0
                text31                             1824     1824       EA         0
                text30                             26A8     26A8       30         0
                text29                             25C4     25C4       3C         0
                text28                             1222     1222      172         0
                text27                             190E     190E       E0         0
                text26                             1DFA     1DFA       AE         0
                text25                             2178     2178       76         0
                text24                             1738     1738       EC         0
                text23                             24B6     24B6       4A         0
                text22                             23C8     23C8       52         0
                text21                             1D3C     1D3C       BE         0
                text20                             2872     2872       1E         0
                text19                             2600     2600       3A         0
                text18                             21EE     21EE       6C         0
                text17                             22BE     22BE       62         0
                text16                             1C70     1C70       CC         0
                text15                             1ACA     1ACA       D8         0
                text14                             1F46     1F46       9E         0
                text13                              EF2      EF2      1B0         0
                text12                             14E2     14E2      14A         0
                text11                             10A2     10A2      180         0
                text10                             2100     2100       78         0
                text9                              2588     2588       3C         0
                text8                              207C     207C       84         0
                text7                              2806     2806       26         0
                text6                               AFE      AFE      3F4         0
                text5                               6EA      6EA      414         0
                text4                              2764     2764       2A         0
                text3                              278E     278E       28         0
                text2                              1EA8     1EA8       9E         0
                text1                              2672     2672       36         0
                text0                              1394     1394      14E         0
                cinit                              225A     225A       64         0
                idataBANK0                         2902     2902        4         0
                idataCOMRAM                        2908     2908        1         0

        CLASS   CONST          

        CLASS   SMALLCONST     
                smallconst                          600      600       EA         0

        CLASS   MEDIUMCONST    

        CLASS   COMRAM         
                temp                                 75       75        1         1
                cstackCOMRAM                          1        1       65         1
                dataCOMRAM                           74       74        1         1
                bssCOMRAM                            66       66        B         1
                nvCOMRAM                             71       71        3         1

        CLASS   ABS1           

        CLASS   BIGRAM         

        CLASS   RAM            

        CLASS   BANK0          
                cstackBANK0                          BA       BA       30         1
                dataBANK0                            F0       F0        4         1
                bssBANK0                             80       80       3A         1
                nvBANK0                              EA       EA        6         1

        CLASS   BANK1          
                cstackBANK1                         110      110        F         1
                bssBANK1                            100      100       10         1

        CLASS   BANK2          

        CLASS   BANK3          

        CLASS   BANK4          

        CLASS   BANK5          

        CLASS   SFR            

        CLASS   FARRAM         

        CLASS   CONFIG         
                config                           300000   300000        E         0

        CLASS   IDLOC          

        CLASS   EEDATA         



SEGMENTS        Name                           Load    Length   Top    Selector   Space  Class

                reset_vec                      000000  000006  000006         0       0  CODE    
                cstackCOMRAM                   000001  000075  000076         1       1  COMRAM  
                intcode                        000008  0000F2  0000FA         4       0  CODE    
                bssBANK0                       000080  000074  0000F4        80       1  BANK0   
                bssBANK1                       000100  00001F  00011F       100       1  BANK1   
                smallconst                     000600  0000EA  0006EA       300       0  SMALLCON
                text5                          0006EA  00221F  002909       375       0  CODE    
                config                         300000  00000E  30000E    300000       0  CONFIG  


UNUSED ADDRESS RANGES

        Name                Unused          Largest block    Delta
        BANK0            0000F4-0000FF                C
        BANK1            00011F-0001FF               E1
        BANK2            000200-0002FF              100
        BANK3            000300-0003FF              100
        BANK4            000400-0004FF              100
        BANK5            000500-0005FF              100
        BIGRAM           000076-00007F                A
                         0000F4-0000FF                C
                         00011F-0005FF              4E1
        CODE             000006-000007                2
                         0000FA-0005FF              506
                         002909-007FFF             16F7
        COMRAM           000076-00007F                A
        CONST            000006-000007                2
                         0000FA-0005FF              506
                         002909-007FFF             56F7
        EEDATA           F00000-F000FF              100
        IDLOC            200000-200007                8
        MEDIUMCONST      002909-007FFF             56F7
        RAM              0000F4-0000FF                C
                         00011F-0005FF              100
        SFR              000F80-000FFF               80
        SMALLCONST       002909-007FFF              100
        STACK            00011F-0005FF              4E1

                                  Symbol Table

?___altoft                                                            cstackCOMRAM 000056
?___awtoft                                                            cstackCOMRAM 000013
?___ftadd                                                             cstackCOMRAM 000017
?___ftdiv                                                             cstackCOMRAM 000013
?___ftmul                                                             cstackCOMRAM 000023
?___ftneg                                                             cstackCOMRAM 00000B
?___ftpack                                                            cstackCOMRAM 00000B
?___ftsub                                                             cstackCOMRAM 000032
?___fttol                                                             cstackCOMRAM 000047
?___lltoft                                                            cstackCOMRAM 000013
?___lwdiv                                                             cstackCOMRAM 00000B
?___lwmod                                                             cstackCOMRAM 00000B
?___lwtoft                                                            cstackCOMRAM 000044
?_eval_poly                                                           cstackCOMRAM 000032
?_exp                                                                 cstackCOMRAM 000063
?_floor                                                               cstackCOMRAM 000060
?_frexp                                                               cstackCOMRAM 00000B
?_ldexp                                                               cstackCOMRAM 00003C
?_log                                                                 cstackCOMRAM 00003C
?_log10                                                               cstackCOMRAM 000041
?_measure_freq                                                        cstackCOMRAM 00003F
?_pow                                                                 cstackBANK0  0000C5
?_timer0_read_ps                                                      cstackCOMRAM 00000B
?i2___lwdiv                                                           cstackCOMRAM 000001
_CCal                                                                 nvCOMRAM     000071
_F1                                                                   bssBANK0     0000B7
_F2                                                                   bssBANK0     00009F
_F3                                                                   bssBANK0     00009C
_INTCON                                                               (abs)        000FF2
_INTCON2                                                              (abs)        000FF1
_INTCONbits                                                           (abs)        000FF2
_LATB                                                                 (abs)        000F8A
_LATC                                                                 (abs)        000F8B
_LCD_ctrl                                                             bssCOMRAM    00006A
_LCD_function                                                         bssCOMRAM    00006B
_LCD_lines                                                            bssCOMRAM    000068
_LCD_mode                                                             bssCOMRAM    000069
_PIE1                                                                 (abs)        000F9D
_PIE1bits                                                             (abs)        000F9D
_PIR1                                                                 (abs)        000F9E
_PIR1bits                                                             (abs)        000F9E
_PORTC                                                                (abs)        000F82
_PORTCbits                                                            (abs)        000F82
_RCREG                                                                (abs)        000FAE
_RCSTAbits                                                            (abs)        000FAB
_SPBRG                                                                (abs)        000FAF
_T0CON                                                                (abs)        000FD5
_T0CONbits                                                            (abs)        000FD5
_T2CON                                                                (abs)        000FCA
_TMR0                                                                 (abs)        000FD6
_TMR2                                                                 (abs)        000FCC
_TRISA                                                                (abs)        000F92
_TRISB                                                                (abs)        000F93
_TRISC                                                                (abs)        000F94
_TXREG                                                                (abs)        000FAD
_TXSTAbits                                                            (abs)        000FAC
__CFG_BOR$ON                                                          (abs)        000000
__CFG_BORV$27                                                         (abs)        000000
__CFG_CCP2MUX$ON                                                      (abs)        000000
__CFG_CPD$OFF                                                         (abs)        000000
__CFG_EBTR0$OFF                                                       (abs)        000000
__CFG_EBTR1$OFF                                                       (abs)        000000
__CFG_EBTR2$OFF                                                       (abs)        000000
__CFG_EBTR3$OFF                                                       (abs)        000000
__CFG_EBTRB$OFF                                                       (abs)        000000
__CFG_LVP$OFF                                                         (abs)        000000
__CFG_OSC$HSPLL                                                       (abs)        000000
__CFG_OSCS$OFF                                                        (abs)        000000
__CFG_PWRT$ON                                                         (abs)        000000
__CFG_STVR$OFF                                                        (abs)        000000
__CFG_WDT$OFF                                                         (abs)        000000
__CFG_WRT0$OFF                                                        (abs)        000000
__CFG_WRT1$OFF                                                        (abs)        000000
__CFG_WRT2$OFF                                                        (abs)        000000
__CFG_WRT3$OFF                                                        (abs)        000000
__CFG_WRTB$OFF                                                        (abs)        000000
__CFG_WRTC$OFF                                                        (abs)        000000
__CFG_WRTD$OFF                                                        (abs)        000000
__HRAM                                                                (abs)        000000
__Habs1                                                               abs1         000000
__Hbank0                                                              bank0        000000
__Hbank1                                                              bank1        000000
__Hbank2                                                              bank2        000000
__Hbank3                                                              bank3        000000
__Hbank4                                                              bank4        000000
__Hbank5                                                              bank5        000000
__Hbigbss                                                             bigbss       000000
__Hbigdata                                                            bigdata      000000
__Hbigram                                                             bigram       000000
__Hbss                                                                bss          000000
__HbssBANK0                                                           bssBANK0     000000
__HbssBANK1                                                           bssBANK1     000000
__HbssCOMRAM                                                          bssCOMRAM    000000
__Hcinit                                                              cinit        000000
__Hclrtext                                                            clrtext      000000
__Hcomram                                                             comram       000000
__Hconfig                                                             config       30000E
__Hconst                                                              const        000000
__HcstackBANK0                                                        cstackBANK0  000000
__HcstackBANK1                                                        cstackBANK1  000000
__HcstackCOMRAM                                                       cstackCOMRAM 000000
__Hdata                                                               data         000000
__HdataBANK0                                                          dataBANK0    000000
__HdataCOMRAM                                                         dataCOMRAM   000000
__Heeprom_data                                                        eeprom_data  000000
__Hfarbss                                                             farbss       000000
__Hfardata                                                            fardata      000000
__Hibigdata                                                           ibigdata     000000
__Hidata                                                              idata        000000
__HidataBANK0                                                         idataBANK0   000000
__HidataCOMRAM                                                        idataCOMRAM  000000
__Hidloc                                                              idloc        000000
__Hifardata                                                           ifardata     000000
__Hinit                                                               init         0000FA
__Hintcode                                                            intcode      0000F6
__Hintcode_body                                                       intcode_body 000000
__Hintcodelo                                                          intcodelo    0000F6
__Hintentry                                                           intentry     000000
__Hintret                                                             intret       000000
__Hintsave_regs                                                       intsave_regs 000000
__Hirdata                                                             irdata       000000
__Hmediumconst                                                        mediumconst  000000
__HnvBANK0                                                            nvBANK0      000000
__HnvCOMRAM                                                           nvCOMRAM     000000
__HnvFARRAM                                                           nvFARRAM     000000
__Hnvbit                                                              nvbit        000000
__Hnvrram                                                             nvrram       000000
__Hparam                                                              rparam       000000
__Hpowerup                                                            powerup      0000F6
__Hram                                                                ram          000000
__Hramtop                                                             ramtop       000600
__Hrbit                                                               rbit         000000
__Hrbss                                                               rbss         000000
__Hrdata                                                              rdata        000000
__Hreset_vec                                                          reset_vec    000006
__Hrparam                                                             rparam       000000
__Hsfr                                                                sfr          000000
__Hsmallconst                                                         smallconst   0006EA
__Hspace_0                                                            (abs)        30000E
__Hspace_1                                                            (abs)        00011F
__Hspace_2                                                            (abs)        000000
__Hstack                                                              stack        000000
__Hstruct                                                             struct       000000
__Htemp                                                               temp         000076
__Htext                                                               text         000000
__Htext0                                                              text0        000000
__Htext1                                                              text1        000000
__Htext10                                                             text10       000000
__Htext11                                                             text11       000000
__Htext12                                                             text12       000000
__Htext13                                                             text13       000000
__Htext14                                                             text14       000000
__Htext15                                                             text15       000000
__Htext16                                                             text16       000000
__Htext17                                                             text17       000000
__Htext18                                                             text18       000000
__Htext19                                                             text19       000000
__Htext2                                                              text2        000000
__Htext20                                                             text20       000000
__Htext21                                                             text21       000000
__Htext22                                                             text22       000000
__Htext23                                                             text23       000000
__Htext24                                                             text24       000000
__Htext25                                                             text25       000000
__Htext26                                                             text26       000000
__Htext27                                                             text27       000000
__Htext28                                                             text28       000000
__Htext29                                                             text29       000000
__Htext3                                                              text3        000000
__Htext30                                                             text30       000000
__Htext31                                                             text31       000000
__Htext32                                                             text32       000000
__Htext33                                                             text33       000000
__Htext34                                                             text34       000000
__Htext35                                                             text35       000000
__Htext36                                                             text36       000000
__Htext37                                                             text37       000000
__Htext38                                                             text38       000000
__Htext39                                                             text39       000000
__Htext4                                                              text4        000000
__Htext40                                                             text40       000000
__Htext41                                                             text41       000000
__Htext42                                                             text42       000000
__Htext43                                                             text43       000000
__Htext44                                                             text44       000000
__Htext45                                                             text45       000000
__Htext46                                                             text46       000000
__Htext47                                                             text47       000000
__Htext48                                                             text48       000000
__Htext49                                                             text49       000000
__Htext5                                                              text5        000000
__Htext50                                                             text50       000000
__Htext51                                                             text51       000000
__Htext52                                                             text52       000000
__Htext53                                                             text53       000000
__Htext54                                                             text54       000000
__Htext55                                                             text55       000000
__Htext57                                                             text57       000000
__Htext58                                                             text58       000000
__Htext6                                                              text6        000000
__Htext7                                                              text7        000000
__Htext8                                                              text8        000000
__Htext9                                                              text9        000000
__LRAM                                                                (abs)        000001
__Labs1                                                               abs1         000000
__Lbank0                                                              bank0        000000
__Lbank1                                                              bank1        000000
__Lbank2                                                              bank2        000000
__Lbank3                                                              bank3        000000
__Lbank4                                                              bank4        000000
__Lbank5                                                              bank5        000000
__Lbigbss                                                             bigbss       000000
__Lbigdata                                                            bigdata      000000
__Lbigram                                                             bigram       000000
__Lbss                                                                bss          000000
__LbssBANK0                                                           bssBANK0     000000
__LbssBANK1                                                           bssBANK1     000000
__LbssCOMRAM                                                          bssCOMRAM    000000
__Lcinit                                                              cinit        000000
__Lclrtext                                                            clrtext      000000
__Lcomram                                                             comram       000000
__Lconfig                                                             config       300000
__Lconst                                                              const        000000
__LcstackBANK0                                                        cstackBANK0  000000
__LcstackBANK1                                                        cstackBANK1  000000
__LcstackCOMRAM                                                       cstackCOMRAM 000000
__Ldata                                                               data         000000
__LdataBANK0                                                          dataBANK0    000000
__LdataCOMRAM                                                         dataCOMRAM   000000
__Leeprom_data                                                        eeprom_data  000000
__Lfarbss                                                             farbss       000000
__Lfardata                                                            fardata      000000
__Libigdata                                                           ibigdata     000000
__Lidata                                                              idata        000000
__LidataBANK0                                                         idataBANK0   000000
__LidataCOMRAM                                                        idataCOMRAM  000000
__Lidloc                                                              idloc        000000
__Lifardata                                                           ifardata     000000
__Linit                                                               init         0000F6
__Lintcode                                                            intcode      000008
__Lintcode_body                                                       intcode_body 000000
__Lintcodelo                                                          intcodelo    0000F6
__Lintentry                                                           intentry     000000
__Lintret                                                             intret       000000
__Lintsave_regs                                                       intsave_regs 000000
__Lirdata                                                             irdata       000000
__Lmediumconst                                                        mediumconst  000000
__LnvBANK0                                                            nvBANK0      000000
__LnvCOMRAM                                                           nvCOMRAM     000000
__LnvFARRAM                                                           nvFARRAM     000000
__Lnvbit                                                              nvbit        000000
__Lnvrram                                                             nvrram       000000
__Lparam                                                              rparam       000000
__Lpowerup                                                            powerup      0000F6
__Lram                                                                ram          000000
__Lramtop                                                             ramtop       000600
__Lrbit                                                               rbit         000000
__Lrbss                                                               rbss         000000
__Lrdata                                                              rdata        000000
__Lreset_vec                                                          reset_vec    000000
__Lrparam                                                             rparam       000000
__Lsfr                                                                sfr          000000
__Lsmallconst                                                         smallconst   000600
__Lspace_0                                                            (abs)        000000
__Lspace_1                                                            (abs)        000000
__Lspace_2                                                            (abs)        000000
__Lstack                                                              stack        000000
__Lstruct                                                             struct       000000
__Ltemp                                                               temp         000075
__Ltext                                                               text         000000
__Ltext0                                                              text0        000000
__Ltext1                                                              text1        000000
__Ltext10                                                             text10       000000
__Ltext11                                                             text11       000000
__Ltext12                                                             text12       000000
__Ltext13                                                             text13       000000
__Ltext14                                                             text14       000000
__Ltext15                                                             text15       000000
__Ltext16                                                             text16       000000
__Ltext17                                                             text17       000000
__Ltext18                                                             text18       000000
__Ltext19                                                             text19       000000
__Ltext2                                                              text2        000000
__Ltext20                                                             text20       000000
__Ltext21                                                             text21       000000
__Ltext22                                                             text22       000000
__Ltext23                                                             text23       000000
__Ltext24                                                             text24       000000
__Ltext25                                                             text25       000000
__Ltext26                                                             text26       000000
__Ltext27                                                             text27       000000
__Ltext28                                                             text28       000000
__Ltext29                                                             text29       000000
__Ltext3                                                              text3        000000
__Ltext30                                                             text30       000000
__Ltext31                                                             text31       000000
__Ltext32                                                             text32       000000
__Ltext33                                                             text33       000000
__Ltext34                                                             text34       000000
__Ltext35                                                             text35       000000
__Ltext36                                                             text36       000000
__Ltext37                                                             text37       000000
__Ltext38                                                             text38       000000
__Ltext39                                                             text39       000000
__Ltext4                                                              text4        000000
__Ltext40                                                             text40       000000
__Ltext41                                                             text41       000000
__Ltext42                                                             text42       000000
__Ltext43                                                             text43       000000
__Ltext44                                                             text44       000000
__Ltext45                                                             text45       000000
__Ltext46                                                             text46       000000
__Ltext47                                                             text47       000000
__Ltext48                                                             text48       000000
__Ltext49                                                             text49       000000
__Ltext5                                                              text5        000000
__Ltext50                                                             text50       000000
__Ltext51                                                             text51       000000
__Ltext52                                                             text52       000000
__Ltext53                                                             text53       000000
__Ltext54                                                             text54       000000
__Ltext55                                                             text55       000000
__Ltext57                                                             text57       000000
__Ltext58                                                             text58       000000
__Ltext6                                                              text6        000000
__Ltext7                                                              text7        000000
__Ltext8                                                              text8        000000
__Ltext9                                                              text9        000000
__S0                                                                  (abs)        30000E
__S1                                                                  (abs)        00011F
__S2                                                                  (abs)        000000
___altoft                                                             text18       0021EE
___altoft@c                                                           cstackCOMRAM 000056
___altoft@exp                                                         cstackCOMRAM 00005E
___altoft@sign                                                        cstackCOMRAM 00005F
___awtoft                                                             text29       0025C4
___awtoft@c                                                           cstackCOMRAM 000013
___awtoft@sign                                                        cstackCOMRAM 000016
___ftadd                                                              text28       001222
___ftadd@exp1                                                         cstackCOMRAM 000022
___ftadd@exp2                                                         cstackCOMRAM 000021
___ftadd@f1                                                           cstackCOMRAM 000017
___ftadd@f2                                                           cstackCOMRAM 00001A
___ftadd@sign                                                         cstackCOMRAM 000020
___ftdiv                                                              text21       001D3C
___ftdiv@cntr                                                         cstackCOMRAM 00001C
___ftdiv@exp                                                          cstackCOMRAM 000020
___ftdiv@f1                                                           cstackCOMRAM 000013
___ftdiv@f2                                                           cstackCOMRAM 000016
___ftdiv@f3                                                           cstackCOMRAM 00001D
___ftdiv@sign                                                         cstackCOMRAM 000021
___ftge                                                               text17       0022BE
___ftge@ff1                                                           cstackCOMRAM 00000B
___ftge@ff2                                                           cstackCOMRAM 00000E
___ftmul                                                              text27       00190E
___ftmul@cntr                                                         cstackCOMRAM 000030
___ftmul@exp                                                          cstackCOMRAM 00002C
___ftmul@f1                                                           cstackCOMRAM 000023
___ftmul@f2                                                           cstackCOMRAM 000026
___ftmul@f3_as_product                                                cstackCOMRAM 00002D
___ftmul@sign                                                         cstackCOMRAM 000031
___ftneg                                                              text20       002872
___ftneg@f1                                                           cstackCOMRAM 00000B
___ftpack                                                             text55       001FE4
___ftpack@arg                                                         cstackCOMRAM 00000B
___ftpack@exp                                                         cstackCOMRAM 00000E
___ftpack@sign                                                        cstackCOMRAM 00000F
___ftsub                                                              text19       002600
___ftsub@f1                                                           cstackCOMRAM 000032
___ftsub@f2                                                           cstackCOMRAM 000035
___fttol                                                              text16       001C70
___fttol@exp1                                                         cstackCOMRAM 000055
___fttol@f1                                                           cstackCOMRAM 000047
___fttol@lval                                                         cstackCOMRAM 000051
___fttol@sign1                                                        cstackCOMRAM 000050
___inthi_sp                                                           stack        000000
___intlo_sp                                                           stack        000000
___lltoft                                                             text22       0023C8
___lltoft@c                                                           cstackCOMRAM 000013
___lltoft@exp                                                         cstackCOMRAM 00001B
___lwdiv                                                              text45       002320
___lwdiv@counter                                                      cstackCOMRAM 00000F
___lwdiv@dividend                                                     cstackCOMRAM 00000B
___lwdiv@divisor                                                      cstackCOMRAM 00000D
___lwdiv@quotient                                                     cstackCOMRAM 000010
___lwmod                                                              text44       002500
___lwmod@counter                                                      cstackCOMRAM 00000F
___lwmod@dividend                                                     cstackCOMRAM 00000B
___lwmod@divisor                                                      cstackCOMRAM 00000D
___lwtoft                                                             text54       0027DE
___lwtoft@c                                                           cstackCOMRAM 000044
___param_bank                                                         (abs)        000000
___rparam_used                                                        (abs)        000001
___sp                                                                 stack        000000
__accesstop                                                           (abs)        000080
__activetblptr                                                        (abs)        000002
__cntErrataNOP_/tmp/xcX6tythQ.obj                                     (abs)        000001
__cntErrataNOP_bin/xc8-18f252/LC_meter_HD44780_debug_20mhz_38kbps.obj (abs)        0000F6
__end_of___altoft                                                     text18       00225A
__end_of___awtoft                                                     text29       002600
__end_of___ftadd                                                      text28       001394
__end_of___ftdiv                                                      text21       001DFA
__end_of___ftge                                                       text17       002320
__end_of___ftmul                                                      text27       0019EE
__end_of___ftneg                                                      text20       002890
__end_of___ftpack                                                     text55       00207C
__end_of___ftsub                                                      text19       00263A
__end_of___fttol                                                      text16       001D3C
__end_of___lltoft                                                     text22       00241A
__end_of___lwdiv                                                      text45       002374
__end_of___lwmod                                                      text44       002548
__end_of___lwtoft                                                     text54       002806
__end_of__initialization                                              cinit        0022B0
__end_of_buffer_init                                                  text48       0028E0
__end_of_buffer_putc                                                  text47       0024B6
__end_of_buffer_putch                                                 text41       0028FC
__end_of_buffer_puts                                                  text46       002764
__end_of_calibrate                                                    text32       001ACA
__end_of_delay10ms                                                    text53       002902
__end_of_eval_poly                                                    text26       001EA8
__end_of_exp                                                          text13       0010A2
__end_of_floor                                                        text15       001BA2
__end_of_format_double                                                text11       001222
__end_of_format_number                                                text40       001C70
__end_of_format_xint32                                                text10       002178
__end_of_frexp                                                        text25       0021EE
__end_of_isr                                                          intcode      0000F6
__end_of_lcd_begin                                                    text31       00190E
__end_of_lcd_clear                                                    text49       0028AE
__end_of_lcd_command                                                  text50       0028F0
__end_of_lcd_gotoxy                                                   text39       002672
__end_of_lcd_init                                                     text30       0026D8
__end_of_lcd_putch                                                    text42       0028D0
__end_of_lcd_puts                                                     text9        0025C4
__end_of_lcd_send                                                     text51       002872
__end_of_lcd_write4bits                                               text52       002852
__end_of_ldexp                                                        text14       001FE4
__end_of_log                                                          text24       001824
__end_of_log10                                                        text23       002500
__end_of_main                                                         text0        0014E2
__end_of_measure_capacitance                                          text6        000EF2
__end_of_measure_freq                                                 text35       001738
__end_of_measure_inductance                                           text5        000AFE
__end_of_output_putch                                                 text34       0028C0
__end_of_pow                                                          text12       00162C
__end_of_print_buffer                                                 text37       002708
__end_of_print_indicator                                              text4        00278E
__end_of_print_reading                                                text8        002100
__end_of_print_unit                                                   text7        00282C
__end_of_put_str                                                      text33       002588
__end_of_ser_init                                                     text3        0027B6
__end_of_ser_putch                                                    text43       0027DE
__end_of_ser_puts                                                     text38       002736
__end_of_timer0_init                                                  text2        001F46
__end_of_timer0_read_ps                                               text36       002468
__end_of_timer2_init                                                  text1        0026A8
__end_ofexp@coeff                                                     smallconst   00061F
__end_ofi2___lwdiv                                                    text57       0023C8
__end_oflog@coeff                                                     smallconst   00063A
__initialization                                                      cinit        00225A
__mediumconst                                                         mediumconst  000000
__pbssBANK0                                                           bssBANK0     000080
__pbssBANK1                                                           bssBANK1     000100
__pbssCOMRAM                                                          bssCOMRAM    000066
__pcinit                                                              cinit        00225A
__pcstackBANK0                                                        cstackBANK0  0000BA
__pcstackBANK1                                                        cstackBANK1  000110
__pcstackCOMRAM                                                       cstackCOMRAM 000001
__pdataBANK0                                                          dataBANK0    0000F0
__pdataCOMRAM                                                         dataCOMRAM   000074
__pidataBANK0                                                         idataBANK0   002902
__pidataCOMRAM                                                        idataCOMRAM  002908
__pintcode                                                            intcode      000008
__pnvBANK0                                                            nvBANK0      0000EA
__pnvCOMRAM                                                           nvCOMRAM     000071
__psmallconst                                                         smallconst   000600
__ptext0                                                              text0        001394
__ptext1                                                              text1        002672
__ptext10                                                             text10       002100
__ptext11                                                             text11       0010A2
__ptext12                                                             text12       0014E2
__ptext13                                                             text13       000EF2
__ptext14                                                             text14       001F46
__ptext15                                                             text15       001ACA
__ptext16                                                             text16       001C70
__ptext17                                                             text17       0022BE
__ptext18                                                             text18       0021EE
__ptext19                                                             text19       002600
__ptext2                                                              text2        001EA8
__ptext20                                                             text20       002872
__ptext21                                                             text21       001D3C
__ptext22                                                             text22       0023C8
__ptext23                                                             text23       0024B6
__ptext24                                                             text24       001738
__ptext25                                                             text25       002178
__ptext26                                                             text26       001DFA
__ptext27                                                             text27       00190E
__ptext28                                                             text28       001222
__ptext29                                                             text29       0025C4
__ptext3                                                              text3        00278E
__ptext30                                                             text30       0026A8
__ptext31                                                             text31       001824
__ptext32                                                             text32       0019EE
__ptext33                                                             text33       002548
__ptext34                                                             text34       0028AE
__ptext35                                                             text35       00162C
__ptext36                                                             text36       00241A
__ptext37                                                             text37       0026D8
__ptext38                                                             text38       002708
__ptext39                                                             text39       00263A
__ptext4                                                              text4        002764
__ptext40                                                             text40       001BA2
__ptext41                                                             text41       0028F0
__ptext42                                                             text42       0028C0
__ptext43                                                             text43       0027B6
__ptext44                                                             text44       002500
__ptext45                                                             text45       002320
__ptext46                                                             text46       002736
__ptext47                                                             text47       002468
__ptext48                                                             text48       0028D0
__ptext49                                                             text49       002890
__ptext5                                                              text5        0006EA
__ptext50                                                             text50       0028E0
__ptext51                                                             text51       002852
__ptext52                                                             text52       00282C
__ptext53                                                             text53       0028FC
__ptext54                                                             text54       0027DE
__ptext55                                                             text55       001FE4
__ptext57                                                             text57       002374
__ptext58                                                             text58       000000
__ptext6                                                              text6        000AFE
__ptext7                                                              text7        002806
__ptext8                                                              text8        00207C
__ptext9                                                              text9        002588
__ramtop                                                              ramtop       000600
__size_of___altoft                                                    (abs)        000000
__size_of___awtoft                                                    (abs)        000000
__size_of___ftadd                                                     (abs)        000000
__size_of___ftdiv                                                     (abs)        000000
__size_of___ftge                                                      (abs)        000000
__size_of___ftmul                                                     (abs)        000000
__size_of___ftneg                                                     (abs)        000000
__size_of___ftpack                                                    (abs)        000000
__size_of___ftsub                                                     (abs)        000000
__size_of___fttol                                                     (abs)        000000
__size_of___lltoft                                                    (abs)        000000
__size_of___lwdiv                                                     (abs)        000000
__size_of___lwmod                                                     (abs)        000000
__size_of___lwtoft                                                    (abs)        000000
__size_of_buffer_init                                                 (abs)        000000
__size_of_buffer_putc                                                 (abs)        000000
__size_of_buffer_putch                                                (abs)        000000
__size_of_buffer_puts                                                 (abs)        000000
__size_of_calibrate                                                   (abs)        000000
__size_of_delay10ms                                                   (abs)        000000
__size_of_eval_poly                                                   (abs)        000000
__size_of_exp                                                         (abs)        000000
__size_of_floor                                                       (abs)        000000
__size_of_format_double                                               (abs)        000000
__size_of_format_number                                               (abs)        000000
__size_of_format_xint32                                               (abs)        000000
__size_of_frexp                                                       (abs)        000000
__size_of_isr                                                         (abs)        000000
__size_of_lcd_begin                                                   (abs)        000000
__size_of_lcd_clear                                                   (abs)        000000
__size_of_lcd_command                                                 (abs)        000000
__size_of_lcd_gotoxy                                                  (abs)        000000
__size_of_lcd_init                                                    (abs)        000000
__size_of_lcd_putch                                                   (abs)        000000
__size_of_lcd_puts                                                    (abs)        000000
__size_of_lcd_send                                                    (abs)        000000
__size_of_lcd_write4bits                                              (abs)        000000
__size_of_ldexp                                                       (abs)        000000
__size_of_log                                                         (abs)        000000
__size_of_log10                                                       (abs)        000000
__size_of_main                                                        (abs)        000000
__size_of_measure_capacitance                                         (abs)        000000
__size_of_measure_freq                                                (abs)        000000
__size_of_measure_inductance                                          (abs)        000000
__size_of_output_putch                                                (abs)        000000
__size_of_pow                                                         (abs)        000000
__size_of_print_buffer                                                (abs)        000000
__size_of_print_indicator                                             (abs)        000000
__size_of_print_reading                                               (abs)        000000
__size_of_print_unit                                                  (abs)        000000
__size_of_put_str                                                     (abs)        000000
__size_of_ser_init                                                    (abs)        000000
__size_of_ser_putch                                                   (abs)        000000
__size_of_ser_puts                                                    (abs)        000000
__size_of_timer0_init                                                 (abs)        000000
__size_of_timer0_read_ps                                              (abs)        000000
__size_of_timer2_init                                                 (abs)        000000
__size_ofi2___lwdiv                                                   (abs)        000000
__smallconst                                                          smallconst   000600
_blink                                                                bssBANK0     0000A2
_bres                                                                 nvBANK0      0000EA
_buffer                                                               bssBANK0     0000A6
_buffer_init                                                          text48       0028D0
_buffer_putc                                                          text47       002468
_buffer_putch                                                         text41       0028F0
_buffer_puts                                                          text46       002736
_calibrate                                                            text32       0019EE
_delay10ms                                                            text53       0028FC
_eval_poly                                                            text26       001DFA
_exp                                                                  text13       000EF2
_exp$1690                                                             cstackBANK0  0000BF
_floor                                                                text15       001ACA
_format_double                                                        text11       0010A2
_format_double$1683                                                   cstackBANK0  0000DB
_format_double$1684                                                   cstackBANK0  0000DE
_format_number                                                        text40       001BA2
_format_number$542                                                    cstackCOMRAM 00003A
_format_xint32                                                        text10       002100
_frexp                                                                text25       002178
_isr                                                                  intcode      000008
_lcd_begin                                                            text31       001824
_lcd_clear                                                            text49       002890
_lcd_command                                                          text50       0028E0
_lcd_gotoxy                                                           text39       00263A
_lcd_init                                                             text30       0026A8
_lcd_init$762                                                         cstackCOMRAM 00000C
_lcd_putch                                                            text42       0028C0
_lcd_puts                                                             text9        002588
_lcd_send                                                             text51       002852
_lcd_write4bits                                                       text52       00282C
_ldexp                                                                text14       001F46
_led_cycle                                                            bssCOMRAM    000066
_led_interval                                                         nvBANK0      0000EE
_log                                                                  text24       001738
_log10                                                                text23       0024B6
_log10$1687                                                           cstackCOMRAM 000044
_main                                                                 text0        001394
_main$303                                                             cstackBANK0  0000E8
_measure_capacitance                                                  text6        000AFE
_measure_capacitance$1671                                             cstackBANK1  000110
_measure_capacitance$1672                                             cstackBANK1  000113
_measure_capacitance$1673                                             cstackBANK1  000116
_measure_freq                                                         text35       00162C
_measure_inductance                                                   text5        0006EA
_measure_inductance$1674                                              cstackBANK0  0000C0
_measure_inductance$1675                                              cstackBANK0  0000CD
_measure_inductance$1676                                              cstackBANK0  0000D0
_measure_inductance$1677                                              cstackBANK0  0000D3
_measure_inductance$1678                                              cstackBANK0  0000C3
_measure_inductance$1679                                              cstackBANK0  0000C6
_measure_inductance$1680                                              cstackBANK0  0000C9
_mode                                                                 dataCOMRAM   000074
_msecpart                                                             bssBANK0     0000A4
_msecs                                                                bssBANK0     000094
_output_putch                                                         text34       0028AE
_pow                                                                  text12       0014E2
_pow$1688                                                             cstackBANK0  0000CB
_pow$1689                                                             cstackBANK0  0000CE
_print_buffer                                                         text37       0026D8
_print_indicator                                                      text4        002764
_print_reading                                                        text8        00207C
_print_reading$1685                                                   cstackCOMRAM 000041
_print_reading$1686                                                   cstackCOMRAM 000043
_print_unit                                                           text7        002806
_put_str                                                              text33       002548
_seconds                                                              bssBANK0     000098
_ser_init                                                             text3        00278E
_ser_putch                                                            text43       0027B6
_ser_puts                                                             text38       002708
_ser_rxfifo                                                           bssBANK1     000100
_ser_rxiptr                                                           bssCOMRAM    000070
_ser_rxoptr                                                           bssCOMRAM    00006E
_ser_tmp                                                              bssCOMRAM    00006F
_ser_txfifo                                                           bssBANK0     000080
_ser_txiptr                                                           bssCOMRAM    00006C
_ser_txoptr                                                           bssCOMRAM    00006D
_timer0_init                                                          text2        001EA8
_timer0_init$686                                                      cstackCOMRAM 00000C
_timer0_init$687                                                      cstackCOMRAM 00000E
_timer0_init$688                                                      cstackCOMRAM 000010
_timer0_init$689                                                      cstackCOMRAM 000012
_timer0_read_ps                                                       text36       00241A
_timer1of                                                             bssBANK0     000090
_timer2_init                                                          text1        002672
btemp                                                                 temp         000075
buffer_putc@ch                                                        cstackCOMRAM 00000D
buffer_putch@ch                                                       cstackCOMRAM 00000E
buffer_puts@x                                                         cstackCOMRAM 00000F
calibrate@i                                                           cstackCOMRAM 000047
end_of_initialization                                                 cinit        0022B0
eval_poly@d                                                           cstackCOMRAM 000035
[...]
		Nothing
 This function is called by:
		_format_number
		_print_reading
 This function uses a non-reentrant model


 *************** function _buffer_puts *****************
 Defined at:
		line 61 in file "/home/roman/Dokumente/Sources/lc-meter/obj/../lib/buffer.c"
 Parameters:    Size  Location     Type
  x               1   14[COMRAM] PTR const unsigned char 
		 -> STR_14(6), 
 Auto vars:     Size  Location     Type
		None
 Return value:  Size  Location     Type
                  1    wreg      unsigned char 
 Registers used:
		wreg, fsr2l, fsr2h, status,2, status,0, tblptrl, tblptrh, tblptru, cstack
 Tracked objects:
		On entry : 
		On exit  : 
		Unchanged: 
 Data sizes:     COMRAM   BANK0   BANK1   BANK2   BANK3   BANK4   BANK5
      Params:         1       0       0       0       0       0       0
      Locals:         0       0       0       0       0       0       0
      Temps:          0       0       0       0       0       0       0
      Totals:         1       0       0       0       0       0       0
Total ram usage:        1 bytes
 Hardware stack levels used:    1
 Hardware stack levels required when called:    4
 This function calls:
		_buffer_putch
 This function is called by:
		_measure_freq
 This function uses a non-reentrant model


 *************** function _buffer_putc *****************
 Defined at:
		line 30 in file "/home/roman/Dokumente/Sources/lc-meter/obj/../lib/buffer.c"
 Parameters:    Size  Location     Type
  ch              1    wreg     unsigned char 
 Auto vars:     Size  Location     Type
  ch              1   12[COMRAM] unsigned char 
 Return value:  Size  Location     Type
                  1    wreg      unsigned char 
 Registers used:
		wreg, fsr2l, fsr2h, status,2, status,0
 Tracked objects:
		On entry : 
		On exit  : 
		Unchanged: 
 Data sizes:     COMRAM   BANK0   BANK1   BANK2   BANK3   BANK4   BANK5
      Params:         0       0       0       0       0       0       0
      Locals:         1       0       0       0       0       0       0
      Temps:          2       0       0       0       0       0       0
      Totals:         3       0       0       0       0       0       0
Total ram usage:        3 bytes
 Hardware stack levels used:    1
 Hardware stack levels required when called:    2
 This function calls:
		Nothing
 This function is called by:
		_buffer_putch
 This function uses a non-reentrant model


 *************** function _buffer_init *****************
 Defined at:
		line 10 in file "/home/roman/Dokumente/Sources/lc-meter/obj/../lib/buffer.c"
 Parameters:    Size  Location     Type
		None
 Auto vars:     Size  Location     Type
		None
 Return value:  Size  Location     Type
                  1    wreg      void 
 Registers used:
		wreg, status,2
 Tracked objects:
		On entry : 
		On exit  : 
		Unchanged: 
 Data sizes:     COMRAM   BANK0   BANK1   BANK2   BANK3   BANK4   BANK5
      Params:         0       0       0       0       0       0       0
      Locals:         0       0       0       0       0       0       0
      Temps:          0       0       0       0       0       0       0
      Totals:         0       0       0       0       0       0       0
Total ram usage:        0 bytes
 Hardware stack levels used:    1
 Hardware stack levels required when called:    2
 This function calls:
		Nothing
 This function is called by:
		_measure_freq
 This function uses a non-reentrant model


 *************** function _lcd_clear *****************
 Defined at:
		line 292 in file "/home/roman/Dokumente/Sources/lc-meter/obj/../lib/lcd44780.c"
 Parameters:    Size  Location     Type
		None
 Auto vars:     Size  Location     Type
		None
 Return value:  Size  Location     Type
                  1    wreg      void 
 Registers used:
		wreg, status,2, status,0, cstack
 Tracked objects:
		On entry : 
		On exit  : 
		Unchanged: 
 Data sizes:     COMRAM   BANK0   BANK1   BANK2   BANK3   BANK4   BANK5
      Params:         0       0       0       0       0       0       0
      Locals:         0       0       0       0       0       0       0
      Temps:          1       0       0       0       0       0       0
      Totals:         1       0       0       0       0       0       0
Total ram usage:        1 bytes
 Hardware stack levels used:    1
 Hardware stack levels required when called:    5
 This function calls:
		_lcd_command
 This function is called by:
		_main
		_calibrate
 This function uses a non-reentrant model


 *************** function _lcd_command *****************
 Defined at:
		line 127 in file "/home/roman/Dokumente/Sources/lc-meter/obj/../lib/lcd44780.c"
 Parameters:    Size  Location     Type
  value           1    wreg     unsigned char 
 Auto vars:     Size  Location     Type
  value           1   13[COMRAM] unsigned char 
 Return value:  Size  Location     Type
                  1    wreg      void 
 Registers used:
		wreg, status,2, status,0, cstack
 Tracked objects:
		On entry : 
		On exit  : 
		Unchanged: 
 Data sizes:     COMRAM   BANK0   BANK1   BANK2   BANK3   BANK4   BANK5
      Params:         0       0       0       0       0       0       0
      Locals:         1       0       0       0       0       0       0
      Temps:          0       0       0       0       0       0       0
      Totals:         1       0       0       0       0       0       0
Total ram usage:        1 bytes
 Hardware stack levels used:    1
 Hardware stack levels required when called:    4
 This function calls:
		_lcd_send
 This function is called by:
		_lcd_gotoxy
		_lcd_clear
		_lcd_begin
 This function uses a non-reentrant model


 *************** function _lcd_send *****************
 Defined at:
		line 103 in file "/home/roman/Dokumente/Sources/lc-meter/obj/../lib/lcd44780.c"
 Parameters:    Size  Location     Type
  value           1    wreg     unsigned char 
  mode            1   11[COMRAM] unsigned char 
 Auto vars:     Size  Location     Type
  value           1   12[COMRAM] unsigned char 
 Return value:  Size  Location     Type
                  1    wreg      void 
 Registers used:
		wreg, status,2, status,0, cstack
 Tracked objects:
		On entry : 
		On exit  : 
		Unchanged: 
 Data sizes:     COMRAM   BANK0   BANK1   BANK2   BANK3   BANK4   BANK5
      Params:         1       0       0       0       0       0       0
      Locals:         1       0       0       0       0       0       0
      Temps:          0       0       0       0       0       0       0
      Totals:         2       0       0       0       0       0       0
Total ram usage:        2 bytes
 Hardware stack levels used:    1
 Hardware stack levels required when called:    3
 This function calls:
		_lcd_write4bits
 This function is called by:
		_lcd_command
		_lcd_putch
 This function uses a non-reentrant model


 *************** function _lcd_write4bits *****************
 Defined at:
		line 34 in file "/home/roman/Dokumente/Sources/lc-meter/obj/../lib/lcd44780.c"
 Parameters:    Size  Location     Type
  value           1    wreg     unsigned char 
 Auto vars:     Size  Location     Type
  value           1   10[COMRAM] unsigned char 
 Return value:  Size  Location     Type
                  1    wreg      void 
 Registers used:
		wreg, status,2, status,0
 Tracked objects:
		On entry : 
		On exit  : 
		Unchanged: 
 Data sizes:     COMRAM   BANK0   BANK1   BANK2   BANK3   BANK4   BANK5
      Params:         0       0       0       0       0       0       0
      Locals:         1       0       0       0       0       0       0
      Temps:          0       0       0       0       0       0       0
      Totals:         1       0       0       0       0       0       0
Total ram usage:        1 bytes
 Hardware stack levels used:    1
 Hardware stack levels required when called:    2
 This function calls:
		Nothing
 This function is called by:
		_lcd_send
		_lcd_begin
 This function uses a non-reentrant model


 *************** function _delay10ms *****************
 Defined at:
		line 65 in file "/home/roman/Dokumente/Sources/lc-meter/obj/../LC-meter.c"
 Parameters:    Size  Location     Type
  period_10ms     1    wreg     unsigned char 
 Auto vars:     Size  Location     Type
  period_10ms     1    0[COMRAM] unsigned char 
 Return value:  Size  Location     Type
                  1    wreg      void 
 Registers used:
		wreg
 Tracked objects:
		On entry : 
		On exit  : 
		Unchanged: 
 Data sizes:     COMRAM   BANK0   BANK1   BANK2   BANK3   BANK4   BANK5
      Params:         0       0       0       0       0       0       0
      Locals:         0       0       0       0       0       0       0
      Temps:          0       0       0       0       0       0       0
      Totals:         0       0       0       0       0       0       0
Total ram usage:        0 bytes
 Hardware stack levels used:    1
 Hardware stack levels required when called:    2
 This function calls:
		Nothing
 This function is called by:
		_main
		_calibrate
 This function uses a non-reentrant model


 *************** function ___lwtoft *****************
 Defined at:
		line 28 in file "/opt/microchip/xc8/v1.45/sources/common/lwtoft.c"
 Parameters:    Size  Location     Type
  c               2   67[COMRAM] unsigned int 
 Auto vars:     Size  Location     Type
		None
 Return value:  Size  Location     Type
                  3   67[COMRAM] float 
 Registers used:
		wreg, status,2, status,0, cstack
 Tracked objects:
		On entry : 
		On exit  : 
		Unchanged: 
 Data sizes:     COMRAM   BANK0   BANK1   BANK2   BANK3   BANK4   BANK5
      Params:         3       0       0       0       0       0       0
      Locals:         0       0       0       0       0       0       0
      Temps:          0       0       0       0       0       0       0
      Totals:         3       0       0       0       0       0       0
Total ram usage:        3 bytes
 Hardware stack levels used:    1
 Hardware stack levels required when called:    3
 This function calls:
		___ftpack
 This function is called by:
		_calibrate
		_measure_capacitance
		_measure_inductance
 This function uses a non-reentrant model


 *************** function ___ftpack *****************
 Defined at:
		line 62 in file "/opt/microchip/xc8/v1.45/sources/common/float.c"
 Parameters:    Size  Location     Type
  arg             3   10[COMRAM] unsigned um
  exp             1   13[COMRAM] unsigned char 
  sign            1   14[COMRAM] unsigned char 
 Auto vars:     Size  Location     Type
		None
 Return value:  Size  Location     Type
                  3   10[COMRAM] float 
 Registers used:
		wreg, status,2, status,0
 Tracked objects:
		On entry : 
		On exit  : 
		Unchanged: 
 Data sizes:     COMRAM   BANK0   BANK1   BANK2   BANK3   BANK4   BANK5
      Params:         5       0       0       0       0       0       0
      Locals:         0       0       0       0       0       0       0
      Temps:          3       0       0       0       0       0       0
      Totals:         8       0       0       0       0       0       0
Total ram usage:        8 bytes
 Hardware stack levels used:    1
 Hardware stack levels required when called:    2
 This function calls:
		Nothing
 This function is called by:
		___altoft
		___awtoft
		___ftadd
		___ftdiv
		___ftmul
		___lltoft
		___lwtoft
 This function uses a non-reentrant model


 *************** function _isr *****************
 Defined at:
		line 85 in file "/home/roman/Dokumente/Sources/lc-meter/obj/../LC-meter.c"
 Parameters:    Size  Location     Type
		None
 Auto vars:     Size  Location     Type
		None
 Return value:  Size  Location     Type
                  2  105[None  ] int 
 Registers used:
		wreg, fsr2l, fsr2h, status,2, status,0, cstack
 Tracked objects:
		On entry : 
		On exit  : 
		Unchanged: 
 Data sizes:     COMRAM   BANK0   BANK1   BANK2   BANK3   BANK4   BANK5
      Params:         0       0       0       0       0       0       0
      Locals:         0       0       0       0       0       0       0
      Temps:          3       0       0       0       0       0       0
      Totals:         3       0       0       0       0       0       0
Total ram usage:        3 bytes
 Hardware stack levels used:    1
 Hardware stack levels required when called:    1
 This function calls:
		i2___lwdiv
 This function is called by:
		Interrupt level 2
 This function uses a non-reentrant model


 *************** function i2___lwdiv *****************
 Defined at:
		line 8 in file "/opt/microchip/xc8/v1.45/sources/common/lwdiv.c"
 Parameters:    Size  Location     Type
  dividend        2    0[COMRAM] unsigned int 
  divisor         2    2[COMRAM] unsigned int 
 Auto vars:     Size  Location     Type
  __lwdiv         2    4[COMRAM] unsigned int 
  __lwdiv         1    6[COMRAM] unsigned char 
 Return value:  Size  Location     Type
                  2    0[COMRAM] unsigned int 
 Registers used:
		wreg, status,2, status,0
 Tracked objects:
		On entry : 
		On exit  : 
		Unchanged: 
 Data sizes:     COMRAM   BANK0   BANK1   BANK2   BANK3   BANK4   BANK5
      Params:         4       0       0       0       0       0       0
      Locals:         3       0       0       0       0       0       0
      Temps:          0       0       0       0       0       0       0
      Totals:         7       0       0       0       0       0       0
Total ram usage:        7 bytes
 Hardware stack levels used:    1
 This function calls:
		Nothing
 This function is called by:
		_isr
 This function uses a non-reentrant model



MODULE INFORMATION

Module		Function		Class		Link	Load	Size
/home/roman/Dokumente/Sources/lc-meter/obj/../src/measure.c
		_measure_capacitance		CODE           	0AFE	0000	1013
		_measure_freq  		CODE           	162C	0000	269
		_measure_inductance		CODE           	06EA	0000	1045
		_calibrate     		CODE           	19EE	0000	221

/home/roman/Dokumente/Sources/lc-meter/obj/../src/measure.c estimated size: 2548

/opt/microchip/xc8/v1.45/sources/common/ftneg.c
		___ftneg       		CODE           	2872	0000	31

/opt/microchip/xc8/v1.45/sources/common/ftneg.c estimated size: 31

/home/roman/Dokumente/Sources/lc-meter/obj/../lib/ser.c
		_ser_init      		CODE           	278E	0000	41
		_ser_puts      		CODE           	2708	0000	47
		_ser_putch     		CODE           	27B6	0000	41

/home/roman/Dokumente/Sources/lc-meter/obj/../lib/ser.c estimated size: 129

/opt/microchip/xc8/v1.45/sources/common/ftsub.c
		___ftsub       		CODE           	2600	0000	59

/opt/microchip/xc8/v1.45/sources/common/ftsub.c estimated size: 59

/opt/microchip/xc8/v1.45/sources/common/exp.c
		_exp           		CODE           	0EF2	0000	433

/opt/microchip/xc8/v1.45/sources/common/exp.c estimated size: 433

/home/roman/Dokumente/Sources/lc-meter/obj/../lib/buffer.c
		_buffer_putc   		CODE           	2468	0000	79
		_buffer_init   		CODE           	28D0	0000	17
		_buffer_puts   		CODE           	2736	0000	47
		_buffer_putch  		CODE           	28F0	0000	13

/home/roman/Dokumente/Sources/lc-meter/obj/../lib/buffer.c estimated size: 156

/opt/microchip/xc8/v1.45/sources/common/ftge.c
		___ftge        		CODE           	22BE	0000	99

/opt/microchip/xc8/v1.45/sources/common/ftge.c estimated size: 99

/opt/microchip/xc8/v1.45/sources/common/frexp.c
		_ldexp         		CODE           	1F46	0000	159
		_frexp         		CODE           	2178	0000	119

/opt/microchip/xc8/v1.45/sources/common/frexp.c estimated size: 278

/opt/microchip/xc8/v1.45/sources/common/float.c
		___ftpack      		CODE           	1FE4	0000	153

/opt/microchip/xc8/v1.45/sources/common/float.c estimated size: 153

/opt/microchip/xc8/v1.45/sources/common/awtoft.c
		___awtoft      		CODE           	25C4	0000	61

/opt/microchip/xc8/v1.45/sources/common/awtoft.c estimated size: 61

/opt/microchip/xc8/v1.45/sources/common/altoft.c
		___altoft      		CODE           	21EE	0000	109

/opt/microchip/xc8/v1.45/sources/common/altoft.c estimated size: 109

/opt/microchip/xc8/v1.45/sources/common/lwmod.c
		___lwmod       		CODE           	2500	0000	73

/opt/microchip/xc8/v1.45/sources/common/lwmod.c estimated size: 73

/opt/microchip/xc8/v1.45/sources/common/ftmul.c
		___ftmul       		CODE           	190E	0000	225

/opt/microchip/xc8/v1.45/sources/common/ftmul.c estimated size: 225

/opt/microchip/xc8/v1.45/sources/common/evalpoly.c
		_eval_poly     		CODE           	1DFA	0000	175

/opt/microchip/xc8/v1.45/sources/common/evalpoly.c estimated size: 175

/opt/microchip/xc8/v1.45/sources/common/ftdiv.c
		___ftdiv       		CODE           	1D3C	0000	191

/opt/microchip/xc8/v1.45/sources/common/ftdiv.c estimated size: 191

/home/roman/Dokumente/Sources/lc-meter/obj/../lib/format.c
		_format_xint32 		CODE           	2100	0000	121
		_format_double 		CODE           	10A2	0000	385
		_format_number 		CODE           	1BA2	0000	207

/home/roman/Dokumente/Sources/lc-meter/obj/../lib/format.c estimated size: 713

/home/roman/Dokumente/Sources/lc-meter/obj/../src/print.c
		_put_str       		CODE           	2548	0000	65
		_print_indicator		CODE           	2764	0000	43
		_print_buffer  		CODE           	26D8	0000	49
		_print_unit    		CODE           	2806	0000	39
		_output_putch  		CODE           	28AE	0000	19
		_print_reading 		CODE           	207C	0000	133

/home/roman/Dokumente/Sources/lc-meter/obj/../src/print.c estimated size: 348

/opt/microchip/xc8/v1.45/sources/common/log.c
		_log           		CODE           	1738	0000	237
		_log10         		CODE           	24B6	0000	75

/opt/microchip/xc8/v1.45/sources/common/log.c estimated size: 312

/opt/microchip/xc8/v1.45/sources/common/lwtoft.c
		___lwtoft      		CODE           	27DE	0000	41

/opt/microchip/xc8/v1.45/sources/common/lwtoft.c estimated size: 41

/opt/microchip/xc8/v1.45/sources/common/lltoft.c
		___lltoft      		CODE           	23C8	0000	83

/opt/microchip/xc8/v1.45/sources/common/lltoft.c estimated size: 83

shared
		exp@coeff      		SMALLCONST     	0601	0000	31
		i2___lwdiv     		CODE           	2374	0000	85
		__initialization		CODE           	225A	0000	87
		log@coeff      		SMALLCONST     	061F	0000	28

shared estimated size: 231

/opt/microchip/xc8/v1.45/sources/common/floor.c
		_floor         		CODE           	1ACA	0000	217

/opt/microchip/xc8/v1.45/sources/common/floor.c estimated size: 217

/opt/microchip/xc8/v1.45/sources/common/pow.c
		_pow           		CODE           	14E2	0000	331

/opt/microchip/xc8/v1.45/sources/common/pow.c estimated size: 331

/opt/microchip/xc8/v1.45/sources/common/fttol.c
		___fttol       		CODE           	1C70	0000	205

/opt/microchip/xc8/v1.45/sources/common/fttol.c estimated size: 205

/home/roman/Dokumente/Sources/lc-meter/obj/../lib/lcd44780.c
		_lcd_send      		CODE           	2852	0000	33
		_lcd_write4bits		CODE           	282C	0000	39
		_lcd_command   		CODE           	28E0	0000	17
		_lcd_puts      		CODE           	2588	0000	61
		_lcd_putch     		CODE           	28C0	0000	17
		_lcd_begin     		CODE           	1824	0000	235
		_lcd_clear     		CODE           	2890	0000	31
		_lcd_gotoxy    		CODE           	263A	0000	57
		_lcd_init      		CODE           	26A8	0000	49

/home/roman/Dokumente/Sources/lc-meter/obj/../lib/lcd44780.c estimated size: 539

/opt/microchip/xc8/v1.45/sources/common/lwdiv.c
		___lwdiv       		CODE           	2320	0000	85

/opt/microchip/xc8/v1.45/sources/common/lwdiv.c estimated size: 85

/opt/microchip/xc8/v1.45/sources/common/ftadd.c
		___ftadd       		CODE           	1222	0000	371

/opt/microchip/xc8/v1.45/sources/common/ftadd.c estimated size: 371

/home/roman/Dokumente/Sources/lc-meter/obj/../lib/timer.c
		_timer2_init   		CODE           	2672	0000	55
		_timer0_init   		CODE           	1EA8	0000	159
		_timer0_read_ps		CODE           	241A	0000	79

/home/roman/Dokumente/Sources/lc-meter/obj/../lib/timer.c estimated size: 293

/home/roman/Dokumente/Sources/lc-meter/obj/../LC-meter.c
		_main          		CODE           	1394	0000	335
		_isr           		CODE           	0008	0000	239
		_delay10ms     		CODE           	28FC	0000	7

/home/roman/Dokumente/Sources/lc-meter/obj/../LC-meter.c estimated size: 581

