Microchip MPLAB XC8 Compiler V1.34 ()

Linker command line:

-W1 --edf=/opt/microchip/xc8/v1.34/dat/en_msgs.txt -cs \
  -h+dist/default/production/LC_meter.X.production.sym \
  --cmf=dist/default/production/LC_meter.X.production.cmf -z -Q18F252 \
  -o/tmp/cgtsVCf5w -Mdist/default/production/LC_meter.X.production.map -E1 \
  -ver=XC8 -ASTACK=0110h-05ffh -pstack=STACK -ACODE=00h-03FFFhx2 \
  -ACONST=00h-07FFFh -ASMALLCONST=0600h-06FFhx122 \
  -AMEDIUMCONST=0600h-07FFFh -ACOMRAM=01h-07Fh -AABS1=00h-05FFh \
  -ABIGRAM=01h-05FFh -ARAM=080h-0FFh,0100h-01FFhx5 -ABANK0=080h-0FFh \
  -ABANK1=0100h-01FFh -ABANK2=0200h-02FFh -ABANK3=0300h-03FFh \
  -ABANK4=0400h-04FFh -ABANK5=0500h-05FFh -ASFR=0F80h-0FFFh \
  -preset_vec=00h,intcode=08h,intcodelo,powerup,init,end_init \
  -pramtop=0600h -psmallconst=SMALLCONST -pmediumconst=MEDIUMCONST \
  -pconst=CONST -AFARRAM=00h-00h -ACONFIG=0300000h-030000Dh -pconfig=CONFIG \
  -AIDLOC=0200000h-0200007h -pidloc=IDLOC -AEEDATA=0F00000h-0F000FFh \
  -peeprom_data=EEDATA \
  -prdata=COMRAM,nvrram=COMRAM,nvbit=COMRAM,rbss=COMRAM,rbit=COMRAM \
  -pfarbss=FARRAM,fardata=FARRAM,nvFARRAM=FARRAM \
  -pintsave_regs=BIGRAM,bigbss=BIGRAM,bigdata=BIGRAM -pbss=RAM \
  -pidata=CODE,irdata=CODE,ibigdata=CODE,ifardata=CODE -prparam=COMRAM \
  /tmp/cgtvbul5F.obj dist/default/production/LC_meter.X.production.obj 

Object code version is 3.11

Machine type is 18F252

Call graph: (short form)




                Name                               Link     Load   Length Selector   Space Scale
/tmp/cgtvbul5F.obj
                end_init                            180      180        4        4       0
                text                               2854     2854        2     142A       0
                reset_vec                             0        0        6        0       0
                idloc                            200000   200000        8   200000       0
                config                           300000   300000        E   300000       0
dist/default/production/LC_meter.X.production.obj
                intcode                               8        8      178        4       0
                smallconst                          600      600       66      300       0
                text40                             1F1E     1F1E       E0      333       0
                text39                             27D4     27D4       2C      333       0
                text38                             27A6     27A6       2E      333       0
                text37                             2444     2444       6C      333       0
                text36                             1FFE     1FFE       C2      333       0
                text35                             2708     2708       38      333       0
                text34                             220E     220E       A0      333       0
                text33                             284A     284A        6      333       0
                text32                             26C4     26C4       44      333       0
                text31                             10B8     10B8      1EA      333       0
                text30                             1946     1946      110      333       0
                text29                             1D54     1D54       E8      333       0
                text28                             22AE     22AE       9E      333       0
                text27                             1826     1826      120      333       0
                text26                             25DE     25DE       4E      333       0
                text25                             282A     282A        E      333       0
                text24                             2740     2740       36      333       0
                text23                             2844     2844        6      333       0
                text22                             251A     251A       6A      333       0
                text21                             1C60     1C60       F4      333       0
                text20                             2800     2800       2A      333       0
                text19                             2678     2678       4C      333       0
                text18                             20C0     20C0       AC      333       0
                text17                             216C     216C       A2      333       0
                text16                             15DA     15DA      128      333       0
                text15                             1B60     1B60      100      333       0
                text14                             1E3C     1E3C       E2      333       0
                text13                              E98      E98      220      333       0
                text12                             12A2     12A2      1A2      333       0
                text11                             1444     1444      196      333       0
                text10                             24B0     24B0       6A      333       0
                text9                              2584     2584       5A      333       0
                text8                              1702     1702      124      333       0
                text7                              23D6     23D6       6E      333       0
                text6                              283E     283E        6      333       0
                text5                              2838     2838        6      333       0
                text4                               AB6      AB6      3E2      333       0
                text3                               666      666      450      333       0
                text2                              2776     2776       30      333       0
                text1                              234C     234C       8A      333       0
                text0                              1A56     1A56      10A      333       0
                cstackCOMRAM                          1        1       63        1       1
                cstackBANK0                          80       80       51       80       1
                bssBANK1                            100      100       10      100       1
                bssBANK0                             D1       D1       27       80       1
                dataCOMRAM                           6E       6E        3        1       1
                bssCOMRAM                            64       64        A        1       1
                cinit                              262C     262C       4C      333       0
                nvBANK0                              F8       F8        7       80       1
                idataCOMRAM                        2850     2850        3      333       0

TOTAL           Name                               Link     Load   Length     Space
        CLASS   STACK          

        CLASS   CODE           
                end_init                            180      180        4         0
                text                               2854     2854        2         0
                intcode                               8        8      178         0
                reset_vec                             0        0        6         0
                text40                             1F1E     1F1E       E0         0
                text39                             27D4     27D4       2C         0
                text38                             27A6     27A6       2E         0
                text37                             2444     2444       6C         0
                text36                             1FFE     1FFE       C2         0
                text35                             2708     2708       38         0
                text34                             220E     220E       A0         0
                text33                             284A     284A        6         0
                text32                             26C4     26C4       44         0
                text31                             10B8     10B8      1EA         0
                text30                             1946     1946      110         0
                text29                             1D54     1D54       E8         0
                text28                             22AE     22AE       9E         0
                text27                             1826     1826      120         0
                text26                             25DE     25DE       4E         0
                text25                             282A     282A        E         0
                text24                             2740     2740       36         0
                text23                             2844     2844        6         0
                text22                             251A     251A       6A         0
                text21                             1C60     1C60       F4         0
                text20                             2800     2800       2A         0
                text19                             2678     2678       4C         0
                text18                             20C0     20C0       AC         0
                text17                             216C     216C       A2         0
                text16                             15DA     15DA      128         0
                text15                             1B60     1B60      100         0
                text14                             1E3C     1E3C       E2         0
                text13                              E98      E98      220         0
                text12                             12A2     12A2      1A2         0
                text11                             1444     1444      196         0
                text10                             24B0     24B0       6A         0
                text9                              2584     2584       5A         0
                text8                              1702     1702      124         0
                text7                              23D6     23D6       6E         0
                text6                              283E     283E        6         0
                text5                              2838     2838        6         0
                text4                               AB6      AB6      3E2         0
                text3                               666      666      450         0
                text2                              2776     2776       30         0
                text1                              234C     234C       8A         0
                text0                              1A56     1A56      10A         0
                cinit                              262C     262C       4C         0
                idataCOMRAM                        2850     2850        3         0

        CLASS   CONST          

        CLASS   SMALLCONST     
                smallconst                          600      600       66         0

        CLASS   MEDIUMCONST    

        CLASS   COMRAM         
                cstackCOMRAM                          1        1       63         1
                dataCOMRAM                           6E       6E        3         1
                bssCOMRAM                            64       64        A         1

        CLASS   ABS1           

        CLASS   BIGRAM         

        CLASS   RAM            

        CLASS   BANK0          
                cstackBANK0                          80       80       51         1
                bssBANK0                             D1       D1       27         1
                nvBANK0                              F8       F8        7         1

        CLASS   BANK1          
                bssBANK1                            100      100       10         1

        CLASS   BANK2          

        CLASS   BANK3          

        CLASS   BANK4          

        CLASS   BANK5          

        CLASS   SFR            

        CLASS   FARRAM         

        CLASS   CONFIG         
                config                           300000   300000        E         0

        CLASS   IDLOC          
                idloc                            200000   200000        8         0

        CLASS   EEDATA         



SEGMENTS        Name                           Load    Length   Top    Selector   Space  Class

                reset_vec                      000000  000006  000006         0       0  CODE    
                cstackCOMRAM                   000001  000070  000071         1       1  COMRAM  
                intcode                        000008  00017C  000184         4       0  CODE    
                cstackBANK0                    000080  00007F  0000FF        80       1  BANK0   
                bssBANK1                       000100  000010  000110       100       1  BANK1   
                smallconst                     000600  000066  000666       300       0  SMALLCON
                text3                          000666  0021ED  002853       333       0  CODE    
                text                           002854  000002  002856      142A       0  CODE    
                idloc                          200000  000008  200008    200000       0  IDLOC   
                config                         300000  00000E  30000E    300000       0  CONFIG  


UNUSED ADDRESS RANGES

        Name                Unused          Largest block    Delta
        BANK0            0000FF-0000FF                1
        BANK1            000110-0001FF               F0
        BANK2            000200-0002FF              100
        BANK3            000300-0003FF              100
        BANK4            000400-0004FF              100
        BANK5            000500-0005FF              100
        BIGRAM           000071-00007F                F
                         0000FF-0000FF                1
                         000110-0005FF              4F0
        CODE             000006-000007                2
                         000184-0005FF              47C
                         002853-002853                1
                         002856-007FFF             17AA
        COMRAM           000071-00007F                F
        CONST            000006-000007                2
                         000184-0005FF              47C
                         002853-002853                1
                         002856-007FFF             57AA
        EEDATA           F00000-F000FF              100
        MEDIUMCONST      002853-002853                1
                         002856-007FFF             57AA
        RAM              0000FF-0000FF                1
                         000110-0005FF              100
        SFR              000F80-000FFF               80
        SMALLCONST       002853-002853                1
                         002856-007FFF              100
        STACK            000110-0005FF              4F0

                                  Symbol Table

?___altoft                                                       cstackBANK0  000086
?___awtoft                                                       cstackCOMRAM 000017
?___ftadd                                                        cstackCOMRAM 000038
?___ftdiv                                                        cstackCOMRAM 000017
?___ftmul                                                        cstackCOMRAM 000026
?___ftneg                                                        cstackCOMRAM 000035
?___ftpack                                                       cstackCOMRAM 00000F
?___ftsub                                                        cstackCOMRAM 000044
?___fttol                                                        cstackCOMRAM 00005B
?___lltoft                                                       cstackCOMRAM 000017
?___lwdiv                                                        cstackCOMRAM 00000F
?___lwmod                                                        cstackCOMRAM 00000F
?___lwtoft                                                       cstackCOMRAM 000019
?___wmul                                                         cstackCOMRAM 00000F
?_eval_poly                                                      cstackCOMRAM 000044
?_exp                                                            cstackBANK0  000098
?_floor                                                          cstackBANK0  000090
?_frexp                                                          cstackCOMRAM 00000F
?_ldexp                                                          cstackCOMRAM 000050
?_log                                                            cstackCOMRAM 000050
?_log10                                                          cstackCOMRAM 000055
?_measure_freq                                                   cstackCOMRAM 00000F
?_pow                                                            cstackBANK0  0000A1
_BRGH                                                            (abs)        007D62
_CCal                                                            nvBANK0      0000F8
_CREN                                                            (abs)        007D5C
_F1                                                              bssBANK0     0000F5
_F2                                                              bssBANK0     0000E9
_F3                                                              bssBANK0     0000EC
_GIE                                                             (abs)        007F97
_LATC3                                                           (abs)        007C5B
_LATC4                                                           (abs)        007C5C
_LATC5                                                           (abs)        007C5D
_LATC7                                                           (abs)        007C5F
_OERR                                                            (abs)        007D59
_PEIE                                                            (abs)        007F96
_RCIF                                                            (abs)        007CF5
_RCREG                                                           (abs)        000FAE
_RX9                                                             (abs)        007D5E
_SPBRG                                                           (abs)        000FAF
_SPEN                                                            (abs)        007D5F
_SSPEN                                                           (abs)        007E35
_SYNC                                                            (abs)        007D64
_T0CS                                                            (abs)        007EAD
_T0SE                                                            (abs)        007EAC
_T2CKPS0                                                         (abs)        007E50
_T2CKPS1                                                         (abs)        007E51
_TMR0                                                            (abs)        000FD6
_TMR0IF                                                          (abs)        007F92
_TMR2                                                            (abs)        000FCC
_TMR2IE                                                          (abs)        007CE9
_TMR2IF                                                          (abs)        007CF1
_TMR2ON                                                          (abs)        007E52
_TOUTPS0                                                         (abs)        007E53
_TOUTPS1                                                         (abs)        007E54
_TOUTPS2                                                         (abs)        007E55
_TRISA                                                           (abs)        000F92
_TRISC                                                           (abs)        000F94
_TRISC0                                                          (abs)        007CA0
_TRISC1                                                          (abs)        007CA1
_TRISC2                                                          (abs)        007CA2
_TRISC3                                                          (abs)        007CA3
_TRISC4                                                          (abs)        007CA4
_TRISC5                                                          (abs)        007CA5
_TRISC6                                                          (abs)        007CA6
_TX9                                                             (abs)        007D66
_TXEN                                                            (abs)        007D65
_TXIE                                                            (abs)        007CEC
_TXIF                                                            (abs)        007CF4
_TXREG                                                           (abs)        000FAD
__CFG_BOR$ON                                                     (abs)        000000
__CFG_BORV$27                                                    (abs)        000000
__CFG_CCP2MUX$ON                                                 (abs)        000000
__CFG_CPD$OFF                                                    (abs)        000000
__CFG_LVP$OFF                                                    (abs)        000000
__CFG_OSC$HSPLL                                                  (abs)        000000
__CFG_OSCS$OFF                                                   (abs)        000000
__CFG_PWRT$ON                                                    (abs)        000000
__CFG_STVR$OFF                                                   (abs)        000000
__CFG_WDT$OFF                                                    (abs)        000000
__HRAM                                                           (abs)        000000
__Habs1                                                          abs1         000000
__Hbank0                                                         bank0        000000
__Hbank1                                                         bank1        000000
__Hbank2                                                         bank2        000000
__Hbank3                                                         bank3        000000
__Hbank4                                                         bank4        000000
__Hbank5                                                         bank5        000000
__Hbigbss                                                        bigbss       000000
__Hbigdata                                                       bigdata      000000
__Hbigram                                                        bigram       000000
__Hbss                                                           bss          000000
__HbssBANK0                                                      bssBANK0     000000
__HbssBANK1                                                      bssBANK1     000000
__HbssCOMRAM                                                     bssCOMRAM    000000
__Hcinit                                                         cinit        000000
__Hclrtext                                                       clrtext      000000
__Hcomram                                                        comram       000000
__Hconfig                                                        config       30000E
__Hconst                                                         const        000000
__HcstackBANK0                                                   cstackBANK0  000000
__HcstackCOMRAM                                                  cstackCOMRAM 000000
__Hdata                                                          data         000000
__HdataCOMRAM                                                    dataCOMRAM   000000
__Heeprom_data                                                   eeprom_data  000000
__Hend_init                                                      end_init     000184
__Hfarbss                                                        farbss       000000
__Hfardata                                                       fardata      000000
__Hibigdata                                                      ibigdata     000000
__Hidata                                                         idata        000000
__HidataCOMRAM                                                   idataCOMRAM  000000
__Hidloc                                                         idloc        200008
__Hifardata                                                      ifardata     000000
__Hinit                                                          init         000180
__Hintcode                                                       intcode      000180
__Hintcode_body                                                  intcode_body 000000
__Hintcodelo                                                     intcodelo    000180
__Hintentry                                                      intentry     000000
__Hintret                                                        intret       000000
__Hintsave_regs                                                  intsave_regs 000000
__Hirdata                                                        irdata       000000
__Hmediumconst                                                   mediumconst  000000
__HnvBANK0                                                       nvBANK0      000000
__HnvFARRAM                                                      nvFARRAM     000000
__Hnvbit                                                         nvbit        000000
__Hnvrram                                                        nvrram       000000
__Hparam                                                         rparam       000000
__Hpowerup                                                       powerup      000180
__Hram                                                           ram          000000
__Hramtop                                                        ramtop       000600
__Hrbit                                                          rbit         000000
__Hrbss                                                          rbss         000000
__Hrdata                                                         rdata        000000
__Hreset_vec                                                     reset_vec    000006
__Hrparam                                                        rparam       000000
__Hsfr                                                           sfr          000000
__Hsmallconst                                                    smallconst   000666
__Hspace_0                                                       (abs)        30000E
__Hspace_1                                                       (abs)        000110
__Hspace_2                                                       (abs)        000000
__Hstack                                                         stack        000000
__Hstruct                                                        struct       000000
__Htemp                                                          temp         000000
__Htext                                                          text         000000
__Htext0                                                         text0        000000
__Htext1                                                         text1        000000
__Htext10                                                        text10       000000
__Htext11                                                        text11       000000
__Htext12                                                        text12       000000
__Htext13                                                        text13       000000
__Htext14                                                        text14       000000
__Htext15                                                        text15       000000
__Htext16                                                        text16       000000
__Htext17                                                        text17       000000
__Htext18                                                        text18       000000
__Htext19                                                        text19       000000
__Htext2                                                         text2        000000
__Htext20                                                        text20       000000
__Htext21                                                        text21       000000
__Htext22                                                        text22       000000
__Htext23                                                        text23       000000
__Htext24                                                        text24       000000
__Htext25                                                        text25       000000
__Htext26                                                        text26       000000
__Htext27                                                        text27       000000
__Htext28                                                        text28       000000
__Htext29                                                        text29       000000
__Htext3                                                         text3        000000
__Htext30                                                        text30       000000
__Htext31                                                        text31       000000
__Htext32                                                        text32       000000
__Htext33                                                        text33       000000
__Htext34                                                        text34       000000
__Htext35                                                        text35       000000
__Htext36                                                        text36       000000
__Htext37                                                        text37       000000
__Htext38                                                        text38       000000
__Htext39                                                        text39       000000
__Htext4                                                         text4        000000
__Htext40                                                        text40       000000
__Htext5                                                         text5        000000
__Htext6                                                         text6        000000
__Htext7                                                         text7        000000
__Htext8                                                         text8        000000
__Htext9                                                         text9        000000
__LRAM                                                           (abs)        000001
__Labs1                                                          abs1         000000
__Lbank0                                                         bank0        000000
__Lbank1                                                         bank1        000000
__Lbank2                                                         bank2        000000
__Lbank3                                                         bank3        000000
__Lbank4                                                         bank4        000000
__Lbank5                                                         bank5        000000
__Lbigbss                                                        bigbss       000000
__Lbigdata                                                       bigdata      000000
__Lbigram                                                        bigram       000000
__Lbss                                                           bss          000000
__LbssBANK0                                                      bssBANK0     000000
__LbssBANK1                                                      bssBANK1     000000
__LbssCOMRAM                                                     bssCOMRAM    000000
__Lcinit                                                         cinit        000000
__Lclrtext                                                       clrtext      000000
__Lcomram                                                        comram       000000
__Lconfig                                                        config       300000
__Lconst                                                         const        000000
__LcstackBANK0                                                   cstackBANK0  000000
__LcstackCOMRAM                                                  cstackCOMRAM 000000
__Ldata                                                          data         000000
__LdataCOMRAM                                                    dataCOMRAM   000000
__Leeprom_data                                                   eeprom_data  000000
__Lend_init                                                      end_init     000180
__Lfarbss                                                        farbss       000000
__Lfardata                                                       fardata      000000
__Libigdata                                                      ibigdata     000000
__Lidata                                                         idata        000000
__LidataCOMRAM                                                   idataCOMRAM  000000
__Lidloc                                                         idloc        200000
__Lifardata                                                      ifardata     000000
__Linit                                                          init         000180
__Lintcode                                                       intcode      000008
__Lintcode_body                                                  intcode_body 000000
__Lintcodelo                                                     intcodelo    000180
__Lintentry                                                      intentry     000000
__Lintret                                                        intret       000000
__Lintsave_regs                                                  intsave_regs 000000
__Lirdata                                                        irdata       000000
__Lmediumconst                                                   mediumconst  000000
__LnvBANK0                                                       nvBANK0      000000
__LnvFARRAM                                                      nvFARRAM     000000
__Lnvbit                                                         nvbit        000000
__Lnvrram                                                        nvrram       000000
__Lparam                                                         rparam       000000
__Lpowerup                                                       powerup      000180
__Lram                                                           ram          000000
__Lramtop                                                        ramtop       000600
__Lrbit                                                          rbit         000000
__Lrbss                                                          rbss         000000
__Lrdata                                                         rdata        000000
__Lreset_vec                                                     reset_vec    000000
__Lrparam                                                        rparam       000000
__Lsfr                                                           sfr          000000
__Lsmallconst                                                    smallconst   000600
__Lspace_0                                                       (abs)        000000
__Lspace_1                                                       (abs)        000000
__Lspace_2                                                       (abs)        000000
__Lstack                                                         stack        000000
__Lstruct                                                        struct       000000
__Ltemp                                                          temp         000000
__Ltext                                                          text         000000
__Ltext0                                                         text0        000000
__Ltext1                                                         text1        000000
__Ltext10                                                        text10       000000
__Ltext11                                                        text11       000000
__Ltext12                                                        text12       000000
__Ltext13                                                        text13       000000
__Ltext14                                                        text14       000000
__Ltext15                                                        text15       000000
__Ltext16                                                        text16       000000
__Ltext17                                                        text17       000000
__Ltext18                                                        text18       000000
__Ltext19                                                        text19       000000
__Ltext2                                                         text2        000000
__Ltext20                                                        text20       000000
__Ltext21                                                        text21       000000
__Ltext22                                                        text22       000000
__Ltext23                                                        text23       000000
__Ltext24                                                        text24       000000
__Ltext25                                                        text25       000000
__Ltext26                                                        text26       000000
__Ltext27                                                        text27       000000
__Ltext28                                                        text28       000000
__Ltext29                                                        text29       000000
__Ltext3                                                         text3        000000
__Ltext30                                                        text30       000000
__Ltext31                                                        text31       000000
__Ltext32                                                        text32       000000
__Ltext33                                                        text33       000000
__Ltext34                                                        text34       000000
__Ltext35                                                        text35       000000
__Ltext36                                                        text36       000000
__Ltext37                                                        text37       000000
__Ltext38                                                        text38       000000
__Ltext39                                                        text39       000000
__Ltext4                                                         text4        000000
__Ltext40                                                        text40       000000
__Ltext5                                                         text5        000000
__Ltext6                                                         text6        000000
__Ltext7                                                         text7        000000
__Ltext8                                                         text8        000000
__Ltext9                                                         text9        000000
__S0                                                             (abs)        30000E
__S1                                                             (abs)        000110
__S2                                                             (abs)        000000
___altoft                                                        text18       0020C0
___altoft@c                                                      cstackBANK0  000086
___altoft@exp                                                    cstackBANK0  00008E
___altoft@sign                                                   cstackBANK0  00008F
___awtoft                                                        text32       0026C4
___awtoft@c                                                      cstackCOMRAM 000017
___awtoft@sign                                                   cstackCOMRAM 00001A
___ftadd                                                         text31       0010B8
___ftadd@exp1                                                    cstackCOMRAM 000043
___ftadd@exp2                                                    cstackCOMRAM 000042
___ftadd@f1                                                      cstackCOMRAM 000038
___ftadd@f2                                                      cstackCOMRAM 00003B
___ftadd@sign                                                    cstackCOMRAM 000041
___ftdiv                                                         text21       001C60
___ftdiv@cntr                                                    cstackCOMRAM 000020
___ftdiv@exp                                                     cstackCOMRAM 000024
___ftdiv@f1                                                      cstackCOMRAM 000017
___ftdiv@f2                                                      cstackCOMRAM 00001A
___ftdiv@f3                                                      cstackCOMRAM 000021
___ftdiv@sign                                                    cstackCOMRAM 000025
___ftge                                                          text17       00216C
___ftge@ff1                                                      cstackCOMRAM 00000F
___ftge@ff2                                                      cstackCOMRAM 000012
___ftmul                                                         text30       001946
___ftmul@cntr                                                    cstackCOMRAM 000033
___ftmul@exp                                                     cstackCOMRAM 00002F
___ftmul@f1                                                      cstackCOMRAM 000026
___ftmul@f2                                                      cstackCOMRAM 000029
___ftmul@f3_as_product                                           cstackCOMRAM 000030
___ftmul@sign                                                    cstackCOMRAM 000034
___ftneg                                                         text20       002800
___ftneg@f1                                                      cstackCOMRAM 000035
___ftpack                                                        text40       001F1E
___ftpack@arg                                                    cstackCOMRAM 00000F
___ftpack@exp                                                    cstackCOMRAM 000012
___ftpack@sign                                                   cstackCOMRAM 000013
___ftsub                                                         text19       002678
___ftsub@f1                                                      cstackCOMRAM 000044
___ftsub@f2                                                      cstackCOMRAM 000047
___fttol                                                         text16       0015DA
___fttol@exp1                                                    cstackBANK0  000085
___fttol@f1                                                      cstackCOMRAM 00005B
___fttol@lval                                                    cstackBANK0  000081
___fttol@sign1                                                   cstackBANK0  000080
___inthi_sp                                                      stack        000000
___intlo_sp                                                      stack        000000
___lltoft                                                        text22       00251A
___lltoft@c                                                      cstackCOMRAM 000017
___lltoft@exp                                                    cstackCOMRAM 00001F
___lwdiv                                                         text10       0024B0
___lwdiv@counter                                                 cstackCOMRAM 000015
___lwdiv@dividend                                                cstackCOMRAM 00000F
___lwdiv@divisor                                                 cstackCOMRAM 000011
___lwdiv@quotient                                                cstackCOMRAM 000013
___lwmod                                                         text9        002584
___lwmod@counter                                                 cstackCOMRAM 000013
___lwmod@dividend                                                cstackCOMRAM 00000F
___lwmod@divisor                                                 cstackCOMRAM 000011
___lwtoft                                                        text39       0027D4
___lwtoft@c                                                      cstackCOMRAM 000019
___param_bank                                                    (abs)        000010
___rparam_used                                                   (abs)        000001
___sp                                                            stack        000000
___wmul                                                          text38       0027A6
___wmul@multiplicand                                             cstackCOMRAM 000011
___wmul@multiplier                                               cstackCOMRAM 00000F
___wmul@product                                                  cstackCOMRAM 000013
__accesstop                                                      (abs)        000080
__activetblptr                                                   (abs)        000002
__cntErrataNOP_/tmp/cgtvbul5F.obj                                (abs)        000001
__cntErrataNOP_dist/default/production/LC_meter.X.production.obj (abs)        00010B
__end_of___altoft                                                text18       00216C
__end_of___awtoft                                                text32       002708
__end_of___ftadd                                                 text31       0012A2
__end_of___ftdiv                                                 text21       001D54
__end_of___ftge                                                  text17       00220E
__end_of___ftmul                                                 text30       001A56
__end_of___ftneg                                                 text20       00282A
__end_of___ftpack                                                text40       001FFE
__end_of___ftsub                                                 text19       0026C4
__end_of___fttol                                                 text16       001702
__end_of___lltoft                                                text22       002584
__end_of___lwdiv                                                 text10       00251A
__end_of___lwmod                                                 text9        0025DE
__end_of___lwtoft                                                text39       002800
__end_of___wmul                                                  text38       0027D4
__end_of__initialization                                         cinit        00266E
__end_of_calibrate                                               text34       0022AE
__end_of_delay10ms                                               text37       0024B0
__end_of_eval_poly                                               text29       001E3C
__end_of_exp                                                     text13       0010B8
__end_of_floor                                                   text15       001C60
__end_of_format_double                                           text11       0015DA
__end_of_format_number                                           text8        001826
__end_of_format_putchar                                          text23       00284A
__end_of_format_xint32                                           text7        002444
__end_of_frexp                                                   text28       00234C
__end_of_indicator                                               text33       002850
__end_of_isr                                                     intcode      000180
__end_of_ldexp                                                   text14       001F1E
__end_of_log                                                     text27       001946
__end_of_log10                                                   text26       00262C
__end_of_main                                                    text0        001B60
__end_of_measure_capacitance                                     text4        000E98
__end_of_measure_freq                                            text36       0020C0
__end_of_measure_inductance                                      text3        000AB6
__end_of_output_putch                                            text25       002838
__end_of_pow                                                     text12       001444
__end_of_print_reading                                           text6        002844
__end_of_print_unit                                              text5        00283E
__end_of_ser_init                                                text2        0027A6
__end_of_ser_putch                                               text24       002776
__end_of_ser_puts                                                text35       002740
__end_of_timer2_init                                             text1        0023D6
__end_ofexp@coeff                                                smallconst   00061F
__end_oflog@coeff                                                smallconst   00063A
__initialization                                                 cinit        00262C
__mediumconst                                                    mediumconst  000000
__pbssBANK0                                                      bssBANK0     0000D1
__pbssBANK1                                                      bssBANK1     000100
__pbssCOMRAM                                                     bssCOMRAM    000064
__pcinit                                                         cinit        00262C
__pcstackBANK0                                                   cstackBANK0  000080
__pcstackCOMRAM                                                  cstackCOMRAM 000001
__pdataCOMRAM                                                    dataCOMRAM   00006E
__pidataCOMRAM                                                   idataCOMRAM  002850
__pintcode                                                       intcode      000008
__pnvBANK0                                                       nvBANK0      0000F8
__psmallconst                                                    smallconst   000600
__ptext0                                                         text0        001A56
__ptext1                                                         text1        00234C
__ptext10                                                        text10       0024B0
__ptext11                                                        text11       001444
__ptext12                                                        text12       0012A2
__ptext13                                                        text13       000E98
__ptext14                                                        text14       001E3C
__ptext15                                                        text15       001B60
__ptext16                                                        text16       0015DA
__ptext17                                                        text17       00216C
__ptext18                                                        text18       0020C0
__ptext19                                                        text19       002678
__ptext2                                                         text2        002776
__ptext20                                                        text20       002800
__ptext21                                                        text21       001C60
__ptext22                                                        text22       00251A
__ptext23                                                        text23       002844
__ptext24                                                        text24       002740
__ptext25                                                        text25       00282A
__ptext26                                                        text26       0025DE
__ptext27                                                        text27       001826
__ptext28                                                        text28       0022AE
__ptext29                                                        text29       001D54
__ptext3                                                         text3        000666
__ptext30                                                        text30       001946
__ptext31                                                        text31       0010B8
__ptext32                                                        text32       0026C4
__ptext33                                                        text33       00284A
__ptext34                                                        text34       00220E
__ptext35                                                        text35       002708
__ptext36                                                        text36       001FFE
__ptext37                                                        text37       002444
__ptext38                                                        text38       0027A6
__ptext39                                                        text39       0027D4
__ptext4                                                         text4        000AB6
__ptext40                                                        text40       001F1E
__ptext5                                                         text5        002838
__ptext6                                                         text6        00283E
__ptext7                                                         text7        0023D6
__ptext8                                                         text8        001702
__ptext9                                                         text9        002584
__ramtop                                                         ramtop       000600
__size_of___altoft                                               (abs)        000000
__size_of___awtoft                                               (abs)        000000
__size_of___ftadd                                                (abs)        000000
__size_of___ftdiv                                                (abs)        000000
__size_of___ftge                                                 (abs)        000000
__size_of___ftmul                                                (abs)        000000
__size_of___ftneg                                                (abs)        000000
__size_of___ftpack                                               (abs)        000000
__size_of___ftsub                                                (abs)        000000
__size_of___fttol                                                (abs)        000000
__size_of___lltoft                                               (abs)        000000
__size_of___lwdiv                                                (abs)        000000
__size_of___lwmod                                                (abs)        000000
__size_of___lwtoft                                               (abs)        000000
__size_of___wmul                                                 (abs)        000000
__size_of_calibrate                                              (abs)        000000
__size_of_delay10ms                                              (abs)        000000
__size_of_eval_poly                                              (abs)        000000
__size_of_exp                                                    (abs)        000000
__size_of_floor                                                  (abs)        000000
__size_of_format_double                                          (abs)        000000
__size_of_format_number                                          (abs)        000000
__size_of_format_putchar                                         (abs)        000000
__size_of_format_xint32                                          (abs)        000000
__size_of_frexp                                                  (abs)        000000
__size_of_indicator                                              (abs)        000000
__size_of_isr                                                    (abs)        000000
__size_of_ldexp                                                  (abs)        000000
__size_of_log                                                    (abs)        000000
__size_of_log10                                                  (abs)        000000
__size_of_main                                                   (abs)        000000
__size_of_measure_capacitance                                    (abs)        000000
__size_of_measure_freq                                           (abs)        000000
__size_of_measure_inductance                                     (abs)        000000
__size_of_output_putch                                           (abs)        000000
__size_of_pow                                                    (abs)        000000
__size_of_print_reading                                          (abs)        000000
__size_of_print_unit                                             (abs)        000000
__size_of_ser_init                                               (abs)        000000
__size_of_ser_putch                                              (abs)        000000
__size_of_ser_puts                                               (abs)        000000
__size_of_timer2_init                                            (abs)        000000
__smallconst                                                     smallconst   000600
_blink                                                           bssBANK0     0000EF
_bres                                                            nvBANK0      0000FB
_calibrate                                                       text34       00220E
_delay10ms                                                       text37       002444
_errno                                                           bssBANK0     0000F1
_eval_poly                                                       text29       001D54
_exp                                                             text13       000E98
_exp$926                                                         cstackBANK0  00009B
_floor                                                           text15       001B60
_format_double                                                   text11       001444
_format_double$911                                               cstackBANK0  0000B5
_format_double$912                                               cstackBANK0  0000B8
_format_number                                                   text8        001702
_format_number$128                                               cstackCOMRAM 00003E
_format_putchar                                                  text23       002844
_format_xint32                                                   text7        0023D6
_frexp                                                           text28       0022AE
_indicator                                                       text33       00284A
_isr                                                             intcode      000008
_ldexp                                                           text14       001E3C
_log                                                             text27       001826
_log10                                                           text26       0025DE
_log10$923                                                       cstackCOMRAM 000058
_main                                                            text0        001A56
_measure_capacitance                                             text4        000AB6
_measure_capacitance$913                                         cstackBANK0  0000C2
_measure_capacitance$914                                         cstackBANK0  0000C5
_measure_capacitance$915                                         cstackBANK0  0000C8
_measure_freq                                                    text36       001FFE
_measure_inductance                                              text3        000666
_measure_inductance$916                                          cstackBANK0  00008C
_measure_inductance$917                                          cstackBANK0  000099
_measure_inductance$918                                          cstackBANK0  00009C
_measure_inductance$919                                          cstackBANK0  00009F
_measure_inductance$920                                          cstackBANK0  00008F
_measure_inductance$921                                          cstackBANK0  000092
_measure_inductance$922                                          cstackBANK0  000095
_msecpart                                                        nvBANK0      0000FD
_msecs                                                           bssCOMRAM    000064
_nRBPU                                                           (abs)        007F8F
_output_putch                                                    text25       00282A
_pow                                                             text12       0012A2
_pow$924                                                         cstackBANK0  0000A7
_pow$925                                                         cstackBANK0  0000AA
_print_reading                                                   text6        00283E
_print_unit                                                      text5        002838
_putchar_ptr                                                     dataCOMRAM   00006E
_rxfifo                                                          bssBANK0     0000D1
_rxiptr                                                          bssCOMRAM    000068
_rxoptr                                                          bssCOMRAM    000069
_seconds                                                         bssBANK0     0000E1
_ser_brg                                                         dataCOMRAM   000070
_ser_init                                                        text2        002776
_ser_putch                                                       text24       002740
_ser_puts                                                        text35       002708
_ser_tmp                                                         bssCOMRAM    00006A
_timer1of                                                        bssBANK0     0000E5
_timer2_init                                                     text1        00234C
_txfifo                                                          bssBANK1     000100
_txiptr                                                          bssCOMRAM    00006B
_txoptr                                                          bssCOMRAM    00006C
delay10ms@ms                                                     cstackCOMRAM 000017
delay10ms@period_10ms                                            cstackCOMRAM 000015
delay10ms@run                                                    cstackCOMRAM 00001B
end_of_initialization                                            cinit        00266E
eval_poly@d                                                      cstackCOMRAM 000047
eval_poly@n                                                      cstackCOMRAM 000049
eval_poly@res                                                    cstackCOMRAM 00004D
eval_poly@x                                                      cstackCOMRAM 000044
exp@coeff                                                        smallconst   000601
exp@exponent                                                     cstackBANK0  00009E
exp@sign                                                         cstackBANK0  0000A0
exp@x                                                            cstackBANK0  000098
floor@expon                                                      cstackBANK0  000096
floor@i                                                          cstackBANK0  000093
floor@x                                                          cstackBANK0  000090
format_double@digit                                              cstackBANK0  0000BE
format_double@m                                                  cstackBANK0  0000C0
format_double@num                                                cstackBANK0  0000B2
format_double@weight                                             cstackBANK0  0000BB
format_number@base                                               cstackCOMRAM 000018
format_number@buf                                                cstackCOMRAM 00001E
format_number@di                                                 cstackCOMRAM 000041
format_number@i                                                  cstackCOMRAM 000042
format_number@n                                                  cstackCOMRAM 000016
format_number@pad                                                cstackCOMRAM 000019
format_number@padchar                                            cstackCOMRAM 000040
format_xint32@x                                                  cstackCOMRAM 000043
frexp@eptr                                                       cstackCOMRAM 000012
frexp@value                                                      cstackCOMRAM 00000F
intlevel0                                                        text         002854
intlevel1                                                        text         002854
intlevel2                                                        text         002854
intlevel3                                                        text         002854
ldexp@newexp                                                     cstackCOMRAM 000053
ldexp@value                                                      cstackCOMRAM 000050
log10@x                                                          cstackCOMRAM 000055
log@coeff                                                        smallconst   00061F
log@exponent                                                     cstackCOMRAM 000053
log@x                                                            cstackCOMRAM 000050
measure_capacitance@Cin                                          cstackBANK0  0000CE
measure_capacitance@unit                                         cstackBANK0  0000CB
measure_capacitance@var                                          cstackBANK0  0000CC
measure_freq@count                                               cstackCOMRAM 000017
measure_freq@i                                                   cstackCOMRAM 000016
measure_freq@prev                                                cstackCOMRAM 000015
measure_inductance@Lin                                           cstackBANK0  0000A4
measure_inductance@denominator                                   cstackBANK0  000089
measure_inductance@numerator                                     cstackBANK0  000086
measure_inductance@unit                                          cstackBANK0  000098
measure_inductance@var                                           cstackBANK0  0000A2
output_putch@c                                                   cstackCOMRAM 000010
pow@sign                                                         cstackBANK0  0000AD
pow@x                                                            cstackBANK0  0000A1
pow@y                                                            cstackBANK0  0000A4
pow@yi                                                           cstackBANK0  0000AE
print_reading@measurement                                        cstackCOMRAM 00000F
ser_putch@c                                                      cstackCOMRAM 00000F
ser_puts@s                                                       cstackCOMRAM 000010
stackhi                                                          (abs)        0005FF
stacklo                                                          (abs)        000110
start                                                            init         000180
start_initialization                                             cinit        00262C
testloop@prev_s                                                  bssBANK0     0000F3
timer2_init@postscaler                                           cstackCOMRAM 000012
timer2_init@ps                                                   cstackCOMRAM 000011
timer2_init@ps_mode                                              cstackCOMRAM 000010


FUNCTION INFORMATION:

 *************** function _main *****************
 Defined at:
		line 115 in file "../../../src/LC-meter.c"
 Parameters:    Size  Location     Type
		None
 Auto vars:     Size  Location     Type
		None
 Return value:  Size  Location     Type
		None               void
 Registers used:
		wreg, fsr2l, fsr2h, status,2, status,0, pclat, tosl, tblptrl, tblptrh, tblptru, prodl, prodh, cstack
 Tracked objects:
		On entry : 
		On exit  : 
		Unchanged: 
 Data sizes:     COMRAM   BANK0   BANK1   BANK2   BANK3   BANK4   BANK5
      Params:         0       0       0       0       0       0       0
      Locals:         0       0       0       0       0       0       0
      Temps:          0       0       0       0       0       0       0
      Totals:         0       0       0       0       0       0       0
Total ram usage:        0 bytes
 Hardware stack levels required when called:    8
 This function calls:
		_calibrate
		_delay10ms
		_indicator
		_measure_capacitance
		_measure_inductance
		_ser_init
		_ser_puts
		_timer2_init
 This function is called by:
		Startup code after reset
 This function uses a non-reentrant model


 *************** function _timer2_init *****************
 Defined at:
		line 81 in file "../../../lib/timer.c"
 Parameters:    Size  Location     Type
  ps_mode         1    wreg     unsigned char 
 Auto vars:     Size  Location     Type
  ps_mode         1   15[COMRAM] unsigned char 
  postscaler      1   17[COMRAM] unsigned char 
  ps              1   16[COMRAM] unsigned char 
 Return value:  Size  Location     Type
		None               void
 Registers used:
		wreg, status,2, status,0
 Tracked objects:
		On entry : 
		On exit  : 
		Unchanged: 
 Data sizes:     COMRAM   BANK0   BANK1   BANK2   BANK3   BANK4   BANK5
      Params:         0       0       0       0       0       0       0
      Locals:         3       0       0       0       0       0       0
      Temps:          1       0       0       0       0       0       0
      Totals:         4       0       0       0       0       0       0
Total ram usage:        4 bytes
 Hardware stack levels used:    1
 Hardware stack levels required when called:    1
 This function calls:
		Nothing
 This function is called by:
		_main
 This function uses a non-reentrant model


 *************** function _ser_init *****************
 Defined at:
		line 125 in file "../../../lib/ser.c"
 Parameters:    Size  Location     Type
		None
 Auto vars:     Size  Location     Type
		None
 Return value:  Size  Location     Type
		None               void
 Registers used:
		wreg, status,2
 Tracked objects:
		On entry : 
		On exit  : 
		Unchanged: 
 Data sizes:     COMRAM   BANK0   BANK1   BANK2   BANK3   BANK4   BANK5
      Params:         0       0       0       0       0       0       0
      Locals:         0       0       0       0       0       0       0
      Temps:          0       0       0       0       0       0       0
      Totals:         0       0       0       0       0       0       0
Total ram usage:        0 bytes
 Hardware stack levels used:    1
 Hardware stack levels required when called:    1
 This function calls:
		Nothing
 This function is called by:
		_main
 This function uses a non-reentrant model


 *************** function _measure_inductance *****************
 Defined at:
		line 470 in file "../../../src/LC-meter.c"
 Parameters:    Size  Location     Type
		None
 Auto vars:     Size  Location     Type
  Lin             3   36[BANK0 ] unsigned char 
  denominator     3    9[BANK0 ] unsigned char 
  numerator       3    6[BANK0 ] unsigned char 
  var             2   34[BANK0 ] unsigned short 
  unit            1   24[BANK0 ] unsigned char 
 Return value:  Size  Location     Type
		None               void
 Registers used:
		wreg, status,2, status,0, cstack
 Tracked objects:
		On entry : 
		On exit  : 
		Unchanged: 
 Data sizes:     COMRAM   BANK0   BANK1   BANK2   BANK3   BANK4   BANK5
      Params:         0       0       0       0       0       0       0
      Locals:         0      33       0       0       0       0       0
      Temps:          0       0       0       0       0       0       0
      Totals:         0      33       0       0       0       0       0
Total ram usage:       33 bytes
 Hardware stack levels used:    1
 Hardware stack levels required when called:    3
 This function calls:
		___ftadd
		___ftdiv
		___ftge
		___ftmul
		___ftneg
		___fttol
		___lwtoft
		_measure_freq
		_print_reading
		_print_unit
 This function is called by:
		_main
 This function uses a non-reentrant model


 *************** function _measure_capacitance *****************
 Defined at:
		line 392 in file "../../../src/LC-meter.c"
 Parameters:    Size  Location     Type
		None
 Auto vars:     Size  Location     Type
  Cin             3   78[BANK0 ] unsigned char 
  var             2   76[BANK0 ] unsigned short 
  unit            1   75[BANK0 ] unsigned char 
 Return value:  Size  Location     Type
		None               void
 Registers used:
		wreg, fsr2l, fsr2h, status,2, status,0, pclat, tosl, tblptrl, tblptrh, tblptru, prodl, prodh, cstack
 Tracked objects:
		On entry : 
		On exit  : 
		Unchanged: 
 Data sizes:     COMRAM   BANK0   BANK1   BANK2   BANK3   BANK4   BANK5
      Params:         0       0       0       0       0       0       0
      Locals:         0      15       0       0       0       0       0
      Temps:          0       0       0       0       0       0       0
      Totals:         0      15       0       0       0       0       0
Total ram usage:       15 bytes
 Hardware stack levels used:    1
 Hardware stack levels required when called:    7
 This function calls:
		___ftadd
		___ftdiv
		___ftge
		___ftmul
		___ftneg
		___fttol
		___lwtoft
		_format_double
		_format_xint32
		_measure_freq
		_print_reading
		_print_unit
		_ser_putch
		_ser_puts
 This function is called by:
		_main
 This function uses a non-reentrant model


 *************** function _print_unit *****************
 Defined at:
		line 408 in file "../../../src/print.c"
 Parameters:    Size  Location     Type
  unit            1    wreg     unsigned char 
 Auto vars:     Size  Location     Type
  unit            1    0[COMRAM] unsigned char 
 Return value:  Size  Location     Type
		None               void
 Registers used:
		wreg
 Tracked objects:
		On entry : 
		On exit  : 
		Unchanged: 
 Data sizes:     COMRAM   BANK0   BANK1   BANK2   BANK3   BANK4   BANK5
      Params:         0       0       0       0       0       0       0
      Locals:         0       0       0       0       0       0       0
      Temps:          0       0       0       0       0       0       0
      Totals:         0       0       0       0       0       0       0
Total ram usage:        0 bytes
 Hardware stack levels used:    1
 Hardware stack levels required when called:    1
 This function calls:
		Nothing
 This function is called by:
		_measure_capacitance
		_measure_inductance
 This function uses a non-reentrant model


 *************** function _print_reading *****************
 Defined at:
		line 429 in file "../../../src/print.c"
 Parameters:    Size  Location     Type
  measurement     2   14[COMRAM] unsigned short 
 Auto vars:     Size  Location     Type
		None
 Return value:  Size  Location     Type
		None               void
 Registers used:
		None
 Tracked objects:
		On entry : 
		On exit  : 
		Unchanged: 
 Data sizes:     COMRAM   BANK0   BANK1   BANK2   BANK3   BANK4   BANK5
      Params:         2       0       0       0       0       0       0
      Locals:         0       0       0       0       0       0       0
      Temps:          0       0       0       0       0       0       0
      Totals:         2       0       0       0       0       0       0
Total ram usage:        2 bytes
 Hardware stack levels used:    1
 Hardware stack levels required when called:    1
 This function calls:
		Nothing
 This function is called by:
		_measure_capacitance
		_measure_inductance
 This function uses a non-reentrant model


 *************** function _format_xint32 *****************
 Defined at:
		line 48 in file "../../../lib/format.c"
 Parameters:    Size  Location     Type
  x               4   66[COMRAM] unsigned long 
 Auto vars:     Size  Location     Type
		None
 Return value:  Size  Location     Type
		None               void
 Registers used:
		wreg, fsr2l, fsr2h, status,2, status,0, pclat, tosl, prodl, prodh, cstack
 Tracked objects:
		On entry : 
		On exit  : 
		Unchanged: 
 Data sizes:     COMRAM   BANK0   BANK1   BANK2   BANK3   BANK4   BANK5
      Params:         4       0       0       0       0       0       0
      Locals:         0       0       0       0       0       0       0
      Temps:          0       0       0       0       0       0       0
      Totals:         4       0       0       0       0       0       0
Total ram usage:        4 bytes
 Hardware stack levels used:    1
 Hardware stack levels required when called:    4
 This function calls:
		_format_number
		_format_putchar
		_output_putch
		_ser_putch
 This function is called by:
		_measure_capacitance
 This function uses a non-reentrant model


 *************** function _format_number *****************
 Defined at:
		line 14 in file "../../../lib/format.c"
 Parameters:    Size  Location     Type
  n               2   21[COMRAM] unsigned short 
  base            1   23[COMRAM] unsigned char 
  pad             1   24[COMRAM] char 
 Auto vars:     Size  Location     Type
  buf            32   29[COMRAM] unsigned char [32]
  i               1   65[COMRAM] char 
  di              1   64[COMRAM] unsigned char 
  padchar         1   63[COMRAM] unsigned char 
 Return value:  Size  Location     Type
		None               void
 Registers used:
		wreg, fsr2l, fsr2h, status,2, status,0, pclat, tosl, prodl, prodh, cstack
 Tracked objects:
		On entry : 
		On exit  : 
		Unchanged: 
 Data sizes:     COMRAM   BANK0   BANK1   BANK2   BANK3   BANK4   BANK5
      Params:         4       0       0       0       0       0       0
      Locals:        37       0       0       0       0       0       0
      Temps:          4       0       0       0       0       0       0
      Totals:        45       0       0       0       0       0       0
Total ram usage:       45 bytes
 Hardware stack levels used:    1
 Hardware stack levels required when called:    3
 This function calls:
		___lwdiv
		___lwmod
		_format_putchar
		_output_putch
		_ser_putch
 This function is called by:
		_format_xint32
		_testloop
 This function uses a non-reentrant model


 *************** function ___lwmod *****************
 Defined at:
		line 8 in file "/opt/microchip/xc8/v1.34/sources/common/lwmod.c"
 Parameters:    Size  Location     Type
  dividend        2   14[COMRAM] unsigned int 
  divisor         2   16[COMRAM] unsigned int 
 Auto vars:     Size  Location     Type
  counter         1   18[COMRAM] unsigned char 
 Return value:  Size  Location     Type
                  2   14[COMRAM] unsigned int 
 Registers used:
		wreg, status,2, status,0
[...]
 Auto vars:     Size  Location     Type
  res             3   76[COMRAM] int 
 Return value:  Size  Location     Type
                  3   67[COMRAM] int 
 Registers used:
		wreg, status,2, status,0, tblptrl, tblptrh, tblptru, prodl, prodh, cstack
 Tracked objects:
		On entry : 
		On exit  : 
		Unchanged: 
 Data sizes:     COMRAM   BANK0   BANK1   BANK2   BANK3   BANK4   BANK5
      Params:         7       0       0       0       0       0       0
      Locals:         3       0       0       0       0       0       0
      Temps:          2       0       0       0       0       0       0
      Totals:        12       0       0       0       0       0       0
Total ram usage:       12 bytes
 Hardware stack levels used:    1
 Hardware stack levels required when called:    3
 This function calls:
		___ftadd
		___ftmul
		___wmul
 This function is called by:
		_log
		_exp
 This function uses a non-reentrant model


 *************** function ___ftmul *****************
 Defined at:
		line 62 in file "/opt/microchip/xc8/v1.34/sources/common/ftmul.c"
 Parameters:    Size  Location     Type
  f1              3   37[COMRAM] float 
  f2              3   40[COMRAM] float 
 Auto vars:     Size  Location     Type
  f3_as_produc    3   47[COMRAM] unsigned um
  sign            1   51[COMRAM] unsigned char 
  cntr            1   50[COMRAM] unsigned char 
  exp             1   46[COMRAM] unsigned char 
 Return value:  Size  Location     Type
                  3   37[COMRAM] float 
 Registers used:
		wreg, status,2, status,0, cstack
 Tracked objects:
		On entry : 
		On exit  : 
		Unchanged: 
 Data sizes:     COMRAM   BANK0   BANK1   BANK2   BANK3   BANK4   BANK5
      Params:         6       0       0       0       0       0       0
      Locals:         6       0       0       0       0       0       0
      Temps:          3       0       0       0       0       0       0
      Totals:        15       0       0       0       0       0       0
Total ram usage:       15 bytes
 Hardware stack levels used:    1
 Hardware stack levels required when called:    2
 This function calls:
		___ftpack
 This function is called by:
		_format_double
		_measure_capacitance
		_measure_inductance
		_log
		_log10
		_pow
		_eval_poly
		_exp
		_format_float
 This function uses a non-reentrant model


 *************** function ___ftadd *****************
 Defined at:
		line 86 in file "/opt/microchip/xc8/v1.34/sources/common/ftadd.c"
 Parameters:    Size  Location     Type
  f1              3   55[COMRAM] float 
  f2              3   58[COMRAM] float 
 Auto vars:     Size  Location     Type
  exp1            1   66[COMRAM] unsigned char 
  exp2            1   65[COMRAM] unsigned char 
  sign            1   64[COMRAM] unsigned char 
 Return value:  Size  Location     Type
                  3   55[COMRAM] float 
 Registers used:
		wreg, status,2, status,0, cstack
 Tracked objects:
		On entry : 
		On exit  : 
		Unchanged: 
 Data sizes:     COMRAM   BANK0   BANK1   BANK2   BANK3   BANK4   BANK5
      Params:         6       0       0       0       0       0       0
      Locals:         3       0       0       0       0       0       0
      Temps:          3       0       0       0       0       0       0
      Totals:        12       0       0       0       0       0       0
Total ram usage:       12 bytes
 Hardware stack levels used:    1
 Hardware stack levels required when called:    2
 This function calls:
		___ftpack
 This function is called by:
		_measure_capacitance
		_measure_inductance
		_floor
		___ftsub
		_log
		_eval_poly
 This function uses a non-reentrant model


 *************** function ___awtoft *****************
 Defined at:
		line 32 in file "/opt/microchip/xc8/v1.34/sources/common/awtoft.c"
 Parameters:    Size  Location     Type
  c               2   22[COMRAM] int 
 Auto vars:     Size  Location     Type
  sign            1   25[COMRAM] unsigned char 
 Return value:  Size  Location     Type
                  3   22[COMRAM] float 
 Registers used:
		wreg, status,2, status,0, cstack
 Tracked objects:
		On entry : 
		On exit  : 
		Unchanged: 
 Data sizes:     COMRAM   BANK0   BANK1   BANK2   BANK3   BANK4   BANK5
      Params:         3       0       0       0       0       0       0
      Locals:         1       0       0       0       0       0       0
      Temps:          0       0       0       0       0       0       0
      Totals:         4       0       0       0       0       0       0
Total ram usage:        4 bytes
 Hardware stack levels used:    1
 Hardware stack levels required when called:    2
 This function calls:
		___ftpack
 This function is called by:
		_format_double
		_log
		_exp
		_format_float
 This function uses a non-reentrant model


 *************** function _indicator *****************
 Defined at:
		line 469 in file "../../../src/print.c"
 Parameters:    Size  Location     Type
  indicate        1    wreg     unsigned char 
 Auto vars:     Size  Location     Type
  indicate        1    0[COMRAM] unsigned char 
 Return value:  Size  Location     Type
		None               void
 Registers used:
		wreg
 Tracked objects:
		On entry : 
		On exit  : 
		Unchanged: 
 Data sizes:     COMRAM   BANK0   BANK1   BANK2   BANK3   BANK4   BANK5
      Params:         0       0       0       0       0       0       0
      Locals:         0       0       0       0       0       0       0
      Temps:          0       0       0       0       0       0       0
      Totals:         0       0       0       0       0       0       0
Total ram usage:        0 bytes
 Hardware stack levels used:    1
 Hardware stack levels required when called:    1
 This function calls:
		Nothing
 This function is called by:
		_main
 This function uses a non-reentrant model


 *************** function _calibrate *****************
 Defined at:
		line 347 in file "../../../src/LC-meter.c"
 Parameters:    Size  Location     Type
		None
 Auto vars:     Size  Location     Type
  i               1    0        unsigned char 
 Return value:  Size  Location     Type
		None               void
 Registers used:
		wreg, fsr2l, fsr2h, status,2, status,0, tblptrl, tblptrh, tblptru, prodl, prodh, cstack
 Tracked objects:
		On entry : 
		On exit  : 
		Unchanged: 
 Data sizes:     COMRAM   BANK0   BANK1   BANK2   BANK3   BANK4   BANK5
      Params:         0       0       0       0       0       0       0
      Locals:         0       0       0       0       0       0       0
      Temps:          0       0       0       0       0       0       0
      Totals:         0       0       0       0       0       0       0
Total ram usage:        0 bytes
 Hardware stack levels used:    1
 Hardware stack levels required when called:    3
 This function calls:
		___lwtoft
		_delay10ms
		_measure_freq
		_ser_puts
 This function is called by:
		_main
 This function uses a non-reentrant model


 *************** function _ser_puts *****************
 Defined at:
		line 92 in file "../../../lib/ser.c"
 Parameters:    Size  Location     Type
  s               2   15[COMRAM] PTR const unsigned char 
		 -> STR_11(3), STR_10(5), STR_9(3), STR_8(8), 
		 -> STR_7(6), STR_6(6), STR_5(6), STR_4(5), 
		 -> STR_3(3), STR_2(3), STR_1(6), 
 Auto vars:     Size  Location     Type
		None
 Return value:  Size  Location     Type
		None               void
 Registers used:
		wreg, fsr2l, fsr2h, status,2, status,0, tblptrl, tblptrh, tblptru, prodl, prodh, cstack
 Tracked objects:
		On entry : 
		On exit  : 
		Unchanged: 
 Data sizes:     COMRAM   BANK0   BANK1   BANK2   BANK3   BANK4   BANK5
      Params:         2       0       0       0       0       0       0
      Locals:         0       0       0       0       0       0       0
      Temps:          0       0       0       0       0       0       0
      Totals:         2       0       0       0       0       0       0
Total ram usage:        2 bytes
 Hardware stack levels used:    1
 Hardware stack levels required when called:    2
 This function calls:
		_ser_putch
 This function is called by:
		_main
		_calibrate
		_measure_capacitance
		_testloop
 This function uses a non-reentrant model


 *************** function _measure_freq *****************
 Defined at:
		line 299 in file "../../../src/LC-meter.c"
 Parameters:    Size  Location     Type
		None
 Auto vars:     Size  Location     Type
  i               1   21[COMRAM] unsigned char 
  count           2   22[COMRAM] unsigned short 
  prev            1   20[COMRAM] unsigned char 
 Return value:  Size  Location     Type
                  2   14[COMRAM] unsigned short 
 Registers used:
		wreg, status,2, status,0
 Tracked objects:
		On entry : 
		On exit  : 
		Unchanged: 
 Data sizes:     COMRAM   BANK0   BANK1   BANK2   BANK3   BANK4   BANK5
      Params:         2       0       0       0       0       0       0
      Locals:         4       0       0       0       0       0       0
      Temps:          4       0       0       0       0       0       0
      Totals:        10       0       0       0       0       0       0
Total ram usage:       10 bytes
 Hardware stack levels used:    1
 Hardware stack levels required when called:    1
 This function calls:
		Nothing
 This function is called by:
		_calibrate
		_measure_capacitance
		_measure_inductance
 This function uses a non-reentrant model


 *************** function _delay10ms *****************
 Defined at:
		line 533 in file "../../../src/LC-meter.c"
 Parameters:    Size  Location     Type
  period_10ms     2   20[COMRAM] unsigned short 
 Auto vars:     Size  Location     Type
  ms              4   22[COMRAM] unsigned long 
  run             1   26[COMRAM] unsigned char 
 Return value:  Size  Location     Type
		None               void
 Registers used:
		wreg, status,2, status,0, prodl, prodh, cstack
 Tracked objects:
		On entry : 
		On exit  : 
		Unchanged: 
 Data sizes:     COMRAM   BANK0   BANK1   BANK2   BANK3   BANK4   BANK5
      Params:         2       0       0       0       0       0       0
      Locals:         5       0       0       0       0       0       0
      Temps:          0       0       0       0       0       0       0
      Totals:         7       0       0       0       0       0       0
Total ram usage:        7 bytes
 Hardware stack levels used:    1
 Hardware stack levels required when called:    2
 This function calls:
		___wmul
 This function is called by:
		_main
		_calibrate
		_testloop
 This function uses a non-reentrant model


 *************** function ___wmul *****************
 Defined at:
		line 15 in file "/opt/microchip/xc8/v1.34/sources/common/Umul16.c"
 Parameters:    Size  Location     Type
  multiplier      2   14[COMRAM] unsigned int 
  multiplicand    2   16[COMRAM] unsigned int 
 Auto vars:     Size  Location     Type
  product         2   18[COMRAM] unsigned int 
 Return value:  Size  Location     Type
                  2   14[COMRAM] unsigned int 
 Registers used:
		wreg, status,2, status,0, prodl, prodh
 Tracked objects:
		On entry : 
		On exit  : 
		Unchanged: 
 Data sizes:     COMRAM   BANK0   BANK1   BANK2   BANK3   BANK4   BANK5
      Params:         4       0       0       0       0       0       0
      Locals:         2       0       0       0       0       0       0
      Temps:          0       0       0       0       0       0       0
      Totals:         6       0       0       0       0       0       0
Total ram usage:        6 bytes
 Hardware stack levels used:    1
 Hardware stack levels required when called:    1
 This function calls:
		Nothing
 This function is called by:
		_delay10ms
		_eval_poly
 This function uses a non-reentrant model


 *************** function ___lwtoft *****************
 Defined at:
		line 28 in file "/opt/microchip/xc8/v1.34/sources/common/lwtoft.c"
 Parameters:    Size  Location     Type
  c               2   24[COMRAM] unsigned int 
 Auto vars:     Size  Location     Type
		None
 Return value:  Size  Location     Type
                  3   24[COMRAM] float 
 Registers used:
		wreg, status,2, status,0, cstack
 Tracked objects:
		On entry : 
		On exit  : 
		Unchanged: 
 Data sizes:     COMRAM   BANK0   BANK1   BANK2   BANK3   BANK4   BANK5
      Params:         3       0       0       0       0       0       0
      Locals:         0       0       0       0       0       0       0
      Temps:          0       0       0       0       0       0       0
      Totals:         3       0       0       0       0       0       0
Total ram usage:        3 bytes
 Hardware stack levels used:    1
 Hardware stack levels required when called:    2
 This function calls:
		___ftpack
 This function is called by:
		_calibrate
		_measure_capacitance
		_measure_inductance
 This function uses a non-reentrant model


 *************** function ___ftpack *****************
 Defined at:
		line 62 in file "/opt/microchip/xc8/v1.34/sources/common/float.c"
 Parameters:    Size  Location     Type
  arg             3   14[COMRAM] unsigned um
  exp             1   17[COMRAM] unsigned char 
  sign            1   18[COMRAM] unsigned char 
 Auto vars:     Size  Location     Type
		None
 Return value:  Size  Location     Type
                  3   14[COMRAM] float 
 Registers used:
		wreg, status,2, status,0
 Tracked objects:
		On entry : 
		On exit  : 
		Unchanged: 
 Data sizes:     COMRAM   BANK0   BANK1   BANK2   BANK3   BANK4   BANK5
      Params:         5       0       0       0       0       0       0
      Locals:         0       0       0       0       0       0       0
      Temps:          3       0       0       0       0       0       0
      Totals:         8       0       0       0       0       0       0
Total ram usage:        8 bytes
 Hardware stack levels used:    1
 Hardware stack levels required when called:    1
 This function calls:
		Nothing
 This function is called by:
		___altoft
		___awtoft
		___ftadd
		___ftdiv
		___ftmul
		___lltoft
		___lwtoft
 This function uses a non-reentrant model


 *************** function _isr *****************
 Defined at:
		line 79 in file "../../../src/LC-meter.c"
 Parameters:    Size  Location     Type
		None
 Auto vars:     Size  Location     Type
		None
 Return value:  Size  Location     Type
                  2  301[None  ] int 
 Registers used:
		wreg, fsr2l, fsr2h, status,2, status,0, prodl, prodh
 Tracked objects:
		On entry : 
		On exit  : 
		Unchanged: 
 Data sizes:     COMRAM   BANK0   BANK1   BANK2   BANK3   BANK4   BANK5
      Params:         0       0       0       0       0       0       0
      Locals:         0       0       0       0       0       0       0
      Temps:         14       0       0       0       0       0       0
      Totals:        14       0       0       0       0       0       0
Total ram usage:       14 bytes
 Hardware stack levels used:    1
 This function calls:
		Nothing
 This function is called by:
		Interrupt level 2
 This function uses a non-reentrant model



MODULE INFORMATION

Module		Function		Class		Link	Load	Size
/opt/microchip/xc8/v1.34/sources/common/ftadd.c
		___ftadd       		CODE           	10B8	0000	491

/opt/microchip/xc8/v1.34/sources/common/ftadd.c estimated size: 491

../../../src/LC-meter.c
		_measure_capaci		CODE           	0AB6	0000	995
		_main          		CODE           	1A56	0000	267
		_measure_freq  		CODE           	1FFE	0000	195
		_isr           		CODE           	0008	0000	377
		_measure_induct		CODE           	0666	0000	1105
		_calibrate     		CODE           	220E	0000	161
		_output_putch  		CODE           	282A	0000	15
		_delay10ms     		CODE           	2444	0000	109

../../../src/LC-meter.c estimated size: 3224

/opt/microchip/xc8/v1.34/sources/common/awtoft.c
		___awtoft      		CODE           	26C4	0000	69

/opt/microchip/xc8/v1.34/sources/common/awtoft.c estimated size: 69

../../../lib/format.c
		_format_putchar		CODE           	2844	0000	7
		_format_xint32 		CODE           	23D6	0000	111
		_format_double 		CODE           	1444	0000	407
		_format_number 		CODE           	1702	0000	293

../../../lib/format.c estimated size: 818

/opt/microchip/xc8/v1.34/sources/common/altoft.c
		___altoft      		CODE           	20C0	0000	173

/opt/microchip/xc8/v1.34/sources/common/altoft.c estimated size: 173

/opt/microchip/xc8/v1.34/sources/common/pow.c
		_pow           		CODE           	12A2	0000	419

/opt/microchip/xc8/v1.34/sources/common/pow.c estimated size: 419

/opt/microchip/xc8/v1.34/sources/common/ftneg.c
		___ftneg       		CODE           	2800	0000	43

/opt/microchip/xc8/v1.34/sources/common/ftneg.c estimated size: 43

/opt/microchip/xc8/v1.34/sources/common/ftge.c
		___ftge        		CODE           	216C	0000	163

/opt/microchip/xc8/v1.34/sources/common/ftge.c estimated size: 163

/opt/microchip/xc8/v1.34/sources/common/ftsub.c
		___ftsub       		CODE           	2678	0000	77

/opt/microchip/xc8/v1.34/sources/common/ftsub.c estimated size: 77

/opt/microchip/xc8/v1.34/sources/common/float.c
		___ftpack      		CODE           	1F1E	0000	225

/opt/microchip/xc8/v1.34/sources/common/float.c estimated size: 225

/opt/microchip/xc8/v1.34/sources/common/lwtoft.c
		___lwtoft      		CODE           	27D4	0000	45

/opt/microchip/xc8/v1.34/sources/common/lwtoft.c estimated size: 45

/opt/microchip/xc8/v1.34/sources/common/lltoft.c
		___lltoft      		CODE           	251A	0000	107

/opt/microchip/xc8/v1.34/sources/common/lltoft.c estimated size: 107

../../../src/print.c
		_indicator     		CODE           	284A	0000	7
		_print_unit    		CODE           	2838	0000	7
		_print_reading 		CODE           	283E	0000	7

../../../src/print.c estimated size: 21

/opt/microchip/xc8/v1.34/sources/common/lwmod.c
		___lwmod       		CODE           	2584	0000	91

/opt/microchip/xc8/v1.34/sources/common/lwmod.c estimated size: 91

../../../lib/ser.c
		_ser_init      		CODE           	2776	0000	49
		_ser_puts      		CODE           	2708	0000	57
		_ser_putch     		CODE           	2740	0000	55

../../../lib/ser.c estimated size: 161

/opt/microchip/xc8/v1.34/sources/common/frexp.c
		_ldexp         		CODE           	1E3C	0000	227
		_frexp         		CODE           	22AE	0000	159

/opt/microchip/xc8/v1.34/sources/common/frexp.c estimated size: 386

/opt/microchip/xc8/v1.34/sources/common/floor.c
		_floor         		CODE           	1B60	0000	257

/opt/microchip/xc8/v1.34/sources/common/floor.c estimated size: 257

/opt/microchip/xc8/v1.34/sources/common/ftmul.c
		___ftmul       		CODE           	1946	0000	273

/opt/microchip/xc8/v1.34/sources/common/ftmul.c estimated size: 273

/opt/microchip/xc8/v1.34/sources/common/Umul16.c
		___wmul        		CODE           	27A6	0000	47

/opt/microchip/xc8/v1.34/sources/common/Umul16.c estimated size: 47

shared
		exp@coeff      		SMALLCONST     	0601	0000	31
		__initializatio		CODE           	262C	0000	67
		log@coeff      		SMALLCONST     	061F	0000	28

shared estimated size: 126

/opt/microchip/xc8/v1.34/sources/common/ftdiv.c
		___ftdiv       		CODE           	1C60	0000	245

/opt/microchip/xc8/v1.34/sources/common/ftdiv.c estimated size: 245

../../../lib/timer.c
		_timer2_init   		CODE           	234C	0000	139

../../../lib/timer.c estimated size: 139

/opt/microchip/xc8/v1.34/sources/common/exp.c
		_exp           		CODE           	0E98	0000	545

/opt/microchip/xc8/v1.34/sources/common/exp.c estimated size: 545

/opt/microchip/xc8/v1.34/sources/common/lwdiv.c
		___lwdiv       		CODE           	24B0	0000	107

/opt/microchip/xc8/v1.34/sources/common/lwdiv.c estimated size: 107

/opt/microchip/xc8/v1.34/sources/common/evalpoly.c
		_eval_poly     		CODE           	1D54	0000	233

/opt/microchip/xc8/v1.34/sources/common/evalpoly.c estimated size: 233

/opt/microchip/xc8/v1.34/sources/common/fttol.c
		___fttol       		CODE           	15DA	0000	297

/opt/microchip/xc8/v1.34/sources/common/fttol.c estimated size: 297

/opt/microchip/xc8/v1.34/sources/common/log.c
		_log           		CODE           	1826	0000	289
		_log10         		CODE           	25DE	0000	79

/opt/microchip/xc8/v1.34/sources/common/log.c estimated size: 368

